[18:51:10] E1: 3 units on {'jax': '0.10.2', 'backend': 'gpu', 'device': 'cuda:0', 'n_devices': 1}
[18:51:10] start train_s0
[18:52:33]   estimators trained: {'est_x': 0.022543415427207947, 'est_z': 0.10454429686069489, 'est_f': 0.2704668641090393, 'est_g': 0.13115783035755157}  (81s)
[18:59:03]   recogniser trained: final loss 1.412, accuracy on training poses 0.500  (471s)
[18:59:11]     policy search: 3000 steps x 3 restarts, batch 256, horizons [50, 133, 216, 300], validation loss of the initial policy 4345.755
[18:59:26]     restart 0 step 149 h=50: loss 31.534 |g| 6.55 validation@300 453.287 (best 453.287)
[18:59:32]     restart 0 step 299 h=50: loss 31.935 |g| 4.25 validation@300 5.600 (best 5.600)
[18:59:39]     restart 0 step 449 h=50: loss 31.589 |g| 3.63 validation@300 5.546 (best 5.546)
[18:59:45]     restart 0 step 599 h=50: loss 32.657 |g| 2.19 validation@300 5.536 (best 5.536)
[18:59:51]     restart 0 step 749 h=50: loss 30.834 |g| 1.98 validation@300 5.522 (best 5.522)
[19:00:10]     restart 0 step 899 h=133: loss 11.810 |g| 0.776 validation@300 5.458 (best 5.458)
[19:00:23]     restart 0 step 1049 h=133: loss 11.941 |g| 0.903 validation@300 5.428 (best 5.428)
[19:00:36]     restart 0 step 1199 h=133: loss 11.417 |g| 0.781 validation@300 5.404 (best 5.404)
[19:00:49]     restart 0 step 1349 h=133: loss 11.607 |g| 0.883 validation@300 5.384 (best 5.384)
[19:01:03]     restart 0 step 1499 h=133: loss 11.651 |g| 0.566 validation@300 5.371 (best 5.371)
[19:01:28]     restart 0 step 1649 h=216: loss 7.404 |g| 0.411 validation@300 5.361 (best 5.361)
[19:01:47]     restart 0 step 1799 h=216: loss 7.323 |g| 0.523 validation@300 5.355 (best 5.355)
[19:02:07]     restart 0 step 1949 h=216: loss 7.444 |g| 0.472 validation@300 5.350 (best 5.350)
[19:02:27]     restart 0 step 2099 h=216: loss 7.194 |g| 0.647 validation@300 5.346 (best 5.346)
[19:02:47]     restart 0 step 2249 h=216: loss 7.307 |g| 0.447 validation@300 5.344 (best 5.344)
[19:03:19]     restart 0 step 2399 h=300: loss 5.259 |g| 0.406 validation@300 5.343 (best 5.343)
[19:03:46]     restart 0 step 2549 h=300: loss 5.264 |g| 0.42 validation@300 5.342 (best 5.342)
[19:04:12]     restart 0 step 2699 h=300: loss 5.412 |g| 0.444 validation@300 5.341 (best 5.341)
[19:04:39]     restart 0 step 2849 h=300: loss 5.255 |g| 0.617 validation@300 5.341 (best 5.341)
[19:05:06]     restart 0 step 2999 h=300: loss 5.230 |g| 0.443 validation@300 5.341 (best 5.341)
[19:05:13]     restart 1 step 149 h=50: loss 31.295 |g| 2.84 validation@300 3411.708 (best 5.341)
[19:05:19]     restart 1 step 299 h=50: loss 31.361 |g| 3.39 validation@300 5.572 (best 5.341)
[19:05:26]     restart 1 step 449 h=50: loss 30.727 |g| 1.79 validation@300 5.542 (best 5.341)
[19:05:32]     restart 1 step 599 h=50: loss 31.635 |g| 2.98 validation@300 5.524 (best 5.341)
[19:05:38]     restart 1 step 749 h=50: loss 31.418 |g| 1.79 validation@300 5.507 (best 5.341)
[19:05:51]     restart 1 step 899 h=133: loss 11.850 |g| 0.793 validation@300 5.445 (best 5.341)
[19:06:04]     restart 1 step 1049 h=133: loss 12.122 |g| 0.921 validation@300 5.420 (best 5.341)
[19:06:17]     restart 1 step 1199 h=133: loss 12.334 |g| 1.44 validation@300 5.398 (best 5.341)
[19:06:30]     restart 1 step 1349 h=133: loss 11.815 |g| 0.685 validation@300 5.380 (best 5.341)
[19:06:43]     restart 1 step 1499 h=133: loss 11.865 |g| 0.623 validation@300 5.366 (best 5.341)
[19:07:03]     restart 1 step 1649 h=216: loss 7.388 |g| 0.745 validation@300 5.359 (best 5.341)
[19:07:23]     restart 1 step 1799 h=216: loss 7.302 |g| 0.587 validation@300 5.352 (best 5.341)
[19:07:43]     restart 1 step 1949 h=216: loss 7.054 |g| 0.439 validation@300 5.349 (best 5.341)
[19:08:02]     restart 1 step 2099 h=216: loss 7.198 |g| 0.436 validation@300 5.343 (best 5.341)
[19:08:22]     restart 1 step 2249 h=216: loss 6.902 |g| 0.33 validation@300 5.341 (best 5.341)
[19:08:49]     restart 1 step 2399 h=300: loss 5.219 |g| 0.579 validation@300 5.341 (best 5.341)
[19:09:15]     restart 1 step 2549 h=300: loss 5.213 |g| 0.508 validation@300 5.339 (best 5.339)
[19:09:42]     restart 1 step 2699 h=300: loss 5.205 |g| 0.543 validation@300 5.338 (best 5.338)
[19:10:08]     restart 1 step 2849 h=300: loss 5.195 |g| 0.391 validation@300 5.338 (best 5.338)
[19:10:35]     restart 1 step 2999 h=300: loss 5.218 |g| 0.471 validation@300 5.338 (best 5.338)
[19:10:42]     restart 2 step 149 h=50: loss 31.489 |g| 5.29 validation@300 1338.445 (best 5.338)
[19:10:48]     restart 2 step 299 h=50: loss 30.942 |g| 3.45 validation@300 5.564 (best 5.338)
[19:10:55]     restart 2 step 449 h=50: loss 31.107 |g| 2.45 validation@300 5.547 (best 5.338)
[19:11:01]     restart 2 step 599 h=50: loss 31.537 |g| 2.36 validation@300 5.539 (best 5.338)
[19:11:08]     restart 2 step 749 h=50: loss 31.439 |g| 1.91 validation@300 5.496 (best 5.338)
[19:11:21]     restart 2 step 899 h=133: loss 11.735 |g| 0.549 validation@300 5.445 (best 5.338)
[19:11:34]     restart 2 step 1049 h=133: loss 11.587 |g| 0.598 validation@300 5.419 (best 5.338)
[19:11:47]     restart 2 step 1199 h=133: loss 11.784 |g| 0.734 validation@300 5.400 (best 5.338)
[19:12:00]     restart 2 step 1349 h=133: loss 11.726 |g| 0.639 validation@300 5.384 (best 5.338)
[19:12:13]     restart 2 step 1499 h=133: loss 11.526 |g| 0.587 validation@300 5.370 (best 5.338)
[19:12:32]     restart 2 step 1649 h=216: loss 6.999 |g| 0.445 validation@300 5.358 (best 5.338)
[19:12:52]     restart 2 step 1799 h=216: loss 7.381 |g| 0.567 validation@300 5.351 (best 5.338)
[19:13:12]     restart 2 step 1949 h=216: loss 7.184 |g| 0.406 validation@300 5.344 (best 5.338)
[19:13:32]     restart 2 step 2099 h=216: loss 7.356 |g| 0.684 validation@300 5.341 (best 5.338)
[19:13:52]     restart 2 step 2249 h=216: loss 7.117 |g| 0.367 validation@300 5.338 (best 5.338)
[19:14:18]     restart 2 step 2399 h=300: loss 5.448 |g| 0.478 validation@300 5.337 (best 5.337)
[19:14:45]     restart 2 step 2549 h=300: loss 5.153 |g| 0.444 validation@300 5.336 (best 5.336)
[19:15:11]     restart 2 step 2699 h=300: loss 5.353 |g| 1.08 validation@300 5.335 (best 5.335)
[19:15:38]     restart 2 step 2849 h=300: loss 5.211 |g| 0.35 validation@300 5.334 (best 5.334)
[19:16:04]     restart 2 step 2999 h=300: loss 5.220 |g| 0.393 validation@300 5.334 (best 5.334)
[19:16:05]   policy trained: best validation loss 5.334 (initial 4345.755, restart 2, step 2849, 0 skipped steps)  (1492s)
[19:16:05] done  train_s0 in 1494s: {'est_losses': {'est_x': 0.022543415427207947, 'est_z': 0.10454429686069489, 'est_f': 0.2704668641090393, 'est_g': 0.13115783035755157}, 'cnn_loss': 1.4118531942367554, 'cnn_acc': 0.5, 'pol': 5.33369255065918, 'pol_initial': 4345.7548828125, 'pol_improved': True, 'pol_skipped': 0, 'train_seconds': 1491.7843067646027, 'data_rows': 60000}
[19:16:05] start eval_baseline
[19:18:51] done  eval_baseline in 166s: {'missions_hash': '130319e3a236', 'stopped': 0.957, 'class_ok_T': 0.235, 'final_dist': 0.2696623206138611}
[19:18:51] start eval_erim_s0
[19:19:56] done  eval_erim_s0 in 65s: {'missions_hash': '130319e3a236', 'stopped': 0.825, 'class_ok_T': 0.834, 'final_dist': 0.23169372975826263}
[19:19:56] finished, 0 failed
