[01:29:57] E2: 18 units on {'jax': '0.10.2', 'backend': 'gpu', 'device': 'cuda:0', 'n_devices': 1}
[01:29:57] start est_n8_M50
[01:30:37]     policy search: 600 steps x 1 restarts, batch 128, horizons [50, 133, 216, 300], validation loss of the initial policy 10543.817
[01:30:45]     restart 0 step 49 h=50: loss 46.081 |g| 28.2 validation@300 5963.139 (best 5963.139)
[01:30:47]     restart 0 step 99 h=50: loss 32.993 |g| 9.14 validation@300 21924.570 (best 5963.139)
[01:30:49]     restart 0 step 149 h=50: loss 33.268 |g| 5.67 validation@300 6880.071 (best 5963.139)
[01:30:58]     restart 0 step 199 h=133: loss 12.531 |g| 2 validation@300 16.714 (best 16.714)
[01:31:02]     restart 0 step 249 h=133: loss 12.611 |g| 11 validation@300 6.017 (best 6.017)
[01:31:07]     restart 0 step 299 h=133: loss 12.484 |g| 4.37 validation@300 5.967 (best 5.967)
[01:31:18]     restart 0 step 349 h=216: loss 7.740 |g| 1.87 validation@300 5.929 (best 5.929)
[01:31:25]     restart 0 step 399 h=216: loss 8.127 |g| 0.923 validation@300 5.900 (best 5.900)
[01:31:32]     restart 0 step 449 h=216: loss 8.242 |g| 1.08 validation@300 5.881 (best 5.881)
[01:31:45]     restart 0 step 499 h=300: loss 5.875 |g| 0.698 validation@300 5.876 (best 5.876)
[01:31:56]     restart 0 step 549 h=300: loss 5.879 |g| 2.62 validation@300 5.872 (best 5.872)
[01:32:06]     restart 0 step 599 h=300: loss 5.808 |g| 0.881 validation@300 5.872 (best 5.872)
[01:32:16]   est n=8 M=50 seed=0: cost_test 1694.3 gap -164.6 (139s)
[01:32:35]     policy search: 600 steps x 1 restarts, batch 128, horizons [50, 133, 216, 300], validation loss of the initial policy 1715.323
[01:32:42]     restart 0 step 49 h=50: loss 49.393 |g| 28.5 validation@300 10146.646 (best 1715.323)
[01:32:43]     restart 0 step 99 h=50: loss 35.799 |g| 13.9 validation@300 16250.337 (best 1715.323)
[01:32:45]     restart 0 step 149 h=50: loss 33.418 |g| 9.12 validation@300 19258.453 (best 1715.323)
[01:32:53]     restart 0 step 199 h=133: loss 13.377 |g| 18.5 validation@300 51.737 (best 51.737)
[01:32:56]     restart 0 step 249 h=133: loss 12.214 |g| 4.51 validation@300 91.924 (best 51.737)
[01:33:01]     restart 0 step 299 h=133: loss 12.665 |g| 10.1 validation@300 46.211 (best 46.211)
[01:33:10]     restart 0 step 349 h=216: loss 7.999 |g| 1.27 validation@300 5.679 (best 5.679)
[01:33:17]     restart 0 step 399 h=216: loss 7.596 |g| 1.8 validation@300 5.626 (best 5.626)
[01:33:24]     restart 0 step 449 h=216: loss 7.898 |g| 1.53 validation@300 5.595 (best 5.595)
[01:33:35]     restart 0 step 499 h=300: loss 5.904 |g| 1.2 validation@300 5.575 (best 5.575)
[01:33:45]     restart 0 step 549 h=300: loss 5.718 |g| 0.847 validation@300 5.568 (best 5.568)
[01:33:56]     restart 0 step 599 h=300: loss 5.702 |g| 0.941 validation@300 5.563 (best 5.563)
[01:34:02]   est n=8 M=50 seed=1: cost_test 1665.6 gap 99.5 (106s)
[01:34:20]     policy search: 600 steps x 1 restarts, batch 128, horizons [50, 133, 216, 300], validation loss of the initial policy 3288.123
[01:34:27]     restart 0 step 49 h=50: loss 49.025 |g| 38.2 validation@300 19939.234 (best 3288.123)
[01:34:28]     restart 0 step 99 h=50: loss 37.656 |g| 11 validation@300 23358.471 (best 3288.123)
[01:34:30]     restart 0 step 149 h=50: loss 33.390 |g| 14.8 validation@300 14108.729 (best 3288.123)
[01:34:39]     restart 0 step 199 h=133: loss 13.560 |g| 6.56 validation@300 6.801 (best 6.801)
[01:34:42]     restart 0 step 249 h=133: loss 13.381 |g| 5.95 validation@300 6.628 (best 6.628)
[01:34:45]     restart 0 step 299 h=133: loss 12.884 |g| 29.7 validation@300 10.180 (best 6.628)
[01:34:57]     restart 0 step 349 h=216: loss 8.380 |g| 3.1 validation@300 6.119 (best 6.119)
[01:35:02]     restart 0 step 399 h=216: loss 8.415 |g| 3.36 validation@300 6.069 (best 6.069)
[01:35:07]     restart 0 step 449 h=216: loss 8.085 |g| 1.89 validation@300 6.044 (best 6.044)
[01:35:21]     restart 0 step 499 h=300: loss 5.886 |g| 1.5 validation@300 6.031 (best 6.031)
[01:35:28]     restart 0 step 549 h=300: loss 5.821 |g| 1.59 validation@300 6.022 (best 6.022)
[01:35:36]     restart 0 step 599 h=300: loss 5.901 |g| 1.79 validation@300 6.016 (best 6.016)
[01:35:43]   est n=8 M=50 seed=2: cost_test 1725.0 gap 55.0 (101s)
[01:35:43] done  est_n8_M50 in 346s: {'n': 8, 'M': 50, 'cost_test': 1694.9565022786458}
[01:35:43] start est_n8_M200
[01:36:18]     policy search: 600 steps x 1 restarts, batch 128, horizons [50, 133, 216, 300], validation loss of the initial policy 2450.146
[01:36:30]     restart 0 step 49 h=50: loss 49.078 |g| 27.8 validation@300 17656.074 (best 2450.146)
[01:36:37]     restart 0 step 99 h=50: loss 32.473 |g| 9.49 validation@300 15442.512 (best 2450.146)
[01:36:44]     restart 0 step 149 h=50: loss 32.043 |g| 6.32 validation@300 4682.899 (best 2450.146)
[01:36:59]     restart 0 step 199 h=133: loss 12.273 |g| 2.31 validation@300 5.801 (best 5.801)
[01:37:07]     restart 0 step 249 h=133: loss 12.454 |g| 1.62 validation@300 5.749 (best 5.749)
[01:37:10]     restart 0 step 299 h=133: loss 11.988 |g| 1.03 validation@300 5.733 (best 5.733)
[01:37:19]     restart 0 step 349 h=216: loss 7.803 |g| 0.769 validation@300 5.701 (best 5.701)
[01:37:24]     restart 0 step 399 h=216: loss 7.300 |g| 1.43 validation@300 5.685 (best 5.685)
[01:37:29]     restart 0 step 449 h=216: loss 7.579 |g| 0.906 validation@300 5.677 (best 5.677)
[01:37:40]     restart 0 step 499 h=300: loss 5.636 |g| 0.741 validation@300 5.673 (best 5.673)
[01:37:49]     restart 0 step 549 h=300: loss 5.693 |g| 1.82 validation@300 5.671 (best 5.671)
[01:37:57]     restart 0 step 599 h=300: loss 5.491 |g| 1.02 validation@300 5.669 (best 5.669)
[01:38:00]   est n=8 M=200 seed=0: cost_test 1632.4 gap -53.3 (137s)
[01:38:31]     policy search: 600 steps x 1 restarts, batch 128, horizons [50, 133, 216, 300], validation loss of the initial policy 1032.789
[01:38:41]     restart 0 step 49 h=50: loss 46.682 |g| 25.8 validation@300 9538.541 (best 1032.789)
[01:38:45]     restart 0 step 99 h=50: loss 31.998 |g| 5.79 validation@300 20160.221 (best 1032.789)
[01:38:48]     restart 0 step 149 h=50: loss 31.995 |g| 6.07 validation@300 15850.830 (best 1032.789)
[01:38:56]     restart 0 step 199 h=133: loss 12.766 |g| 3.07 validation@300 5.605 (best 5.605)
[01:38:58]     restart 0 step 249 h=133: loss 12.467 |g| 4.14 validation@300 5.575 (best 5.575)
[01:39:01]     restart 0 step 299 h=133: loss 12.462 |g| 1.97 validation@300 5.556 (best 5.556)
[01:39:19]     restart 0 step 349 h=216: loss 7.646 |g| 0.887 validation@300 5.531 (best 5.531)
[01:39:32]     restart 0 step 399 h=216: loss 7.584 |g| 0.525 validation@300 5.521 (best 5.521)
[01:39:45]     restart 0 step 449 h=216: loss 8.024 |g| 1.29 validation@300 5.514 (best 5.514)
[01:40:06]     restart 0 step 499 h=300: loss 5.529 |g| 0.902 validation@300 5.508 (best 5.508)
[01:40:12]     restart 0 step 549 h=300: loss 5.522 |g| 0.472 validation@300 5.507 (best 5.507)
[01:40:18]     restart 0 step 599 h=300: loss 5.435 |g| 0.59 validation@300 5.504 (best 5.504)
[01:40:21]   est n=8 M=200 seed=1: cost_test 1646.4 gap -25.9 (141s)
[01:40:52]     policy search: 600 steps x 1 restarts, batch 128, horizons [50, 133, 216, 300], validation loss of the initial policy 2158.427
[01:41:02]     restart 0 step 49 h=50: loss 47.205 |g| 24.7 validation@300 8574.072 (best 2158.427)
[01:41:06]     restart 0 step 99 h=50: loss 34.601 |g| 21.6 validation@300 28380.227 (best 2158.427)
[01:41:09]     restart 0 step 149 h=50: loss 32.820 |g| 10.1 validation@300 6920.096 (best 2158.427)
[01:41:21]     restart 0 step 199 h=133: loss 12.065 |g| 5.98 validation@300 6.489 (best 6.489)
[01:41:27]     restart 0 step 249 h=133: loss 12.895 |g| 3.03 validation@300 5.962 (best 5.962)
[01:41:33]     restart 0 step 299 h=133: loss 12.885 |g| 2.59 validation@300 5.880 (best 5.880)
[01:41:43]     restart 0 step 349 h=216: loss 7.884 |g| 1.73 validation@300 5.810 (best 5.810)
[01:41:47]     restart 0 step 399 h=216: loss 7.637 |g| 1.54 validation@300 5.795 (best 5.795)
[01:41:51]     restart 0 step 449 h=216: loss 7.985 |g| 1.58 validation@300 5.786 (best 5.786)
[01:42:12]     restart 0 step 499 h=300: loss 5.793 |g| 0.962 validation@300 5.778 (best 5.778)
[01:42:27]     restart 0 step 549 h=300: loss 5.637 |g| 0.738 validation@300 5.777 (best 5.777)
[01:42:43]     restart 0 step 599 h=300: loss 5.395 |g| 0.545 validation@300 5.774 (best 5.774)
[01:42:46]   est n=8 M=200 seed=2: cost_test 1667.4 gap -80.2 (145s)
[01:42:46] done  est_n8_M200 in 423s: {'n': 8, 'M': 200, 'cost_test': 1648.724365234375}
[01:42:46] start est_n8_M800
[01:45:11]     policy search: 600 steps x 1 restarts, batch 128, horizons [50, 133, 216, 300], validation loss of the initial policy 5113.089
[01:45:18]     restart 0 step 49 h=50: loss 47.711 |g| 26.9 validation@300 15520.592 (best 5113.089)
[01:45:20]     restart 0 step 99 h=50: loss 32.864 |g| 8.48 validation@300 15182.997 (best 5113.089)
[01:45:21]     restart 0 step 149 h=50: loss 31.723 |g| 10.9 validation@300 2412.954 (best 2412.954)
[01:45:29]     restart 0 step 199 h=133: loss 12.358 |g| 2.82 validation@300 6.089 (best 6.089)
[01:45:32]     restart 0 step 249 h=133: loss 12.864 |g| 1.46 validation@300 6.064 (best 6.064)
[01:45:36]     restart 0 step 299 h=133: loss 12.170 |g| 1.89 validation@300 6.041 (best 6.041)
[01:45:54]     restart 0 step 349 h=216: loss 7.567 |g| 2.87 validation@300 6.012 (best 6.012)
[01:46:06]     restart 0 step 399 h=216: loss 7.711 |g| 2.12 validation@300 5.994 (best 5.994)
[01:46:19]     restart 0 step 449 h=216: loss 7.759 |g| 1.43 validation@300 5.984 (best 5.984)
[01:46:40]     restart 0 step 499 h=300: loss 5.607 |g| 1.05 validation@300 5.978 (best 5.978)
[01:46:55]     restart 0 step 549 h=300: loss 5.824 |g| 0.679 validation@300 5.976 (best 5.976)
[01:47:10]     restart 0 step 599 h=300: loss 5.541 |g| 0.892 validation@300 5.974 (best 5.974)
[01:47:21]   est n=8 M=800 seed=0: cost_test 1640.1 gap -25.1 (274s)
[01:50:50]     policy search: 600 steps x 1 restarts, batch 128, horizons [50, 133, 216, 300], validation loss of the initial policy 1589.057
[01:50:58]     restart 0 step 49 h=50: loss 45.658 |g| 24.3 validation@300 17393.523 (best 1589.057)
[01:50:59]     restart 0 step 99 h=50: loss 34.459 |g| 7.73 validation@300 27415.965 (best 1589.057)
[01:51:01]     restart 0 step 149 h=50: loss 31.575 |g| 6.36 validation@300 13071.153 (best 1589.057)
[01:51:10]     restart 0 step 199 h=133: loss 12.493 |g| 4.07 validation@300 5.831 (best 5.831)
[01:51:13]     restart 0 step 249 h=133: loss 12.212 |g| 1.87 validation@300 5.788 (best 5.788)
[01:51:17]     restart 0 step 299 h=133: loss 12.346 |g| 1.79 validation@300 5.780 (best 5.780)
[01:51:28]     restart 0 step 349 h=216: loss 7.542 |g| 1.18 validation@300 5.749 (best 5.749)
[01:51:35]     restart 0 step 399 h=216: loss 7.635 |g| 0.935 validation@300 5.738 (best 5.738)
[01:51:41]     restart 0 step 449 h=216: loss 7.802 |g| 0.93 validation@300 5.729 (best 5.729)
[01:51:55]     restart 0 step 499 h=300: loss 5.640 |g| 0.528 validation@300 5.720 (best 5.720)
[01:52:03]     restart 0 step 549 h=300: loss 5.723 |g| 0.474 validation@300 5.719 (best 5.719)
[01:52:11]     restart 0 step 599 h=300: loss 5.456 |g| 0.633 validation@300 5.716 (best 5.716)
[01:52:18]   est n=8 M=800 seed=1: cost_test 1642.8 gap -20.1 (297s)
[01:55:20]     policy search: 600 steps x 1 restarts, batch 128, horizons [50, 133, 216, 300], validation loss of the initial policy 10416.719
[01:55:32]     restart 0 step 49 h=50: loss 47.795 |g| 25.3 validation@300 9897.379 (best 9897.379)
[01:55:39]     restart 0 step 99 h=50: loss 32.444 |g| 8.72 validation@300 6628.075 (best 6628.075)
[01:55:46]     restart 0 step 149 h=50: loss 31.204 |g| 3.87 validation@300 9399.797 (best 6628.075)
[01:56:01]     restart 0 step 199 h=133: loss 12.148 |g| 2.04 validation@300 5.579 (best 5.579)
[01:56:11]     restart 0 step 249 h=133: loss 12.317 |g| 2.41 validation@300 5.511 (best 5.511)
[01:56:20]     restart 0 step 299 h=133: loss 12.363 |g| 1.6 validation@300 5.475 (best 5.475)
[01:56:38]     restart 0 step 349 h=216: loss 7.927 |g| 1.28 validation@300 5.435 (best 5.435)
[01:56:51]     restart 0 step 399 h=216: loss 7.949 |g| 0.945 validation@300 5.406 (best 5.406)
[01:57:03]     restart 0 step 449 h=216: loss 7.647 |g| 1.37 validation@300 5.391 (best 5.391)
[01:57:24]     restart 0 step 499 h=300: loss 5.869 |g| 0.709 validation@300 5.380 (best 5.380)
[01:57:39]     restart 0 step 549 h=300: loss 5.532 |g| 0.569 validation@300 5.376 (best 5.376)
[01:57:53]     restart 0 step 599 h=300: loss 5.646 |g| 0.5 validation@300 5.372 (best 5.372)
[01:58:00]   est n=8 M=800 seed=2: cost_test 1643.3 gap -44.1 (342s)
[01:58:00] done  est_n8_M800 in 913s: {'n': 8, 'M': 800, 'cost_test': 1642.0618082682292}
[01:58:00] start est_n16_M50
[01:58:22]     policy search: 600 steps x 1 restarts, batch 128, horizons [50, 133, 216, 300], validation loss of the initial policy 496.383
[01:58:29]     restart 0 step 49 h=50: loss 47.461 |g| 28.3 validation@300 5569.028 (best 496.383)
[01:58:30]     restart 0 step 99 h=50: loss 34.570 |g| 11.4 validation@300 17325.244 (best 496.383)
[01:58:33]     restart 0 step 149 h=50: loss 33.310 |g| 6.24 validation@300 11915.014 (best 496.383)
[01:58:44]     restart 0 step 199 h=133: loss 12.609 |g| 2.34 validation@300 5.886 (best 5.886)
[01:58:49]     restart 0 step 249 h=133: loss 12.170 |g| 2.71 validation@300 5.820 (best 5.820)
[01:58:52]     restart 0 step 299 h=133: loss 12.716 |g| 1.63 validation@300 5.800 (best 5.800)
[01:59:06]     restart 0 step 349 h=216: loss 7.762 |g| 0.965 validation@300 5.759 (best 5.759)
[01:59:14]     restart 0 step 399 h=216: loss 7.358 |g| 0.806 validation@300 5.739 (best 5.739)
[01:59:20]     restart 0 step 449 h=216: loss 7.549 |g| 0.887 validation@300 5.727 (best 5.727)
[01:59:30]     restart 0 step 499 h=300: loss 5.588 |g| 0.695 validation@300 5.722 (best 5.722)
[01:59:44]     restart 0 step 549 h=300: loss 5.605 |g| 0.56 validation@300 5.720 (best 5.720)
[01:59:59]     restart 0 step 599 h=300: loss 5.734 |g| 0.786 validation@300 5.716 (best 5.716)
[02:00:08]   est n=16 M=50 seed=0: cost_test 1667.4 gap -83.2 (129s)
[02:00:32]     policy search: 600 steps x 1 restarts, batch 128, horizons [50, 133, 216, 300], validation loss of the initial policy 13267.447
[02:00:44]     restart 0 step 49 h=50: loss 47.115 |g| 31.6 validation@300 11842.620 (best 11842.620)
[02:00:51]     restart 0 step 99 h=50: loss 33.289 |g| 10.4 validation@300 38274.688 (best 11842.620)
[02:00:58]     restart 0 step 149 h=50: loss 34.271 |g| 13.7 validation@300 34905.234 (best 11842.620)
[02:01:13]     restart 0 step 199 h=133: loss 12.650 |g| 3.26 validation@300 5.576 (best 5.576)
[02:01:23]     restart 0 step 249 h=133: loss 12.274 |g| 3.08 validation@300 5.500 (best 5.500)
[02:01:32]     restart 0 step 299 h=133: loss 12.364 |g| 2.18 validation@300 5.470 (best 5.470)
[02:01:50]     restart 0 step 349 h=216: loss 7.701 |g| 1.68 validation@300 5.449 (best 5.449)
[02:02:03]     restart 0 step 399 h=216: loss 7.842 |g| 1.14 validation@300 5.440 (best 5.440)
[02:02:15]     restart 0 step 449 h=216: loss 7.652 |g| 1.47 validation@300 5.425 (best 5.425)
[02:02:36]     restart 0 step 499 h=300: loss 5.614 |g| 0.981 validation@300 5.417 (best 5.417)
[02:02:51]     restart 0 step 549 h=300: loss 5.681 |g| 0.798 validation@300 5.416 (best 5.416)
[02:03:07]     restart 0 step 599 h=300: loss 5.471 |g| 0.757 validation@300 5.415 (best 5.415)
[02:03:13]   est n=16 M=50 seed=1: cost_test 1659.4 gap 43.2 (185s)
[02:03:36]     policy search: 600 steps x 1 restarts, batch 128, horizons [50, 133, 216, 300], validation loss of the initial policy 1122.650
[02:03:43]     restart 0 step 49 h=50: loss 45.687 |g| 24.6 validation@300 10800.380 (best 1122.650)
[02:03:45]     restart 0 step 99 h=50: loss 32.142 |g| 5.33 validation@300 17758.791 (best 1122.650)
[02:03:47]     restart 0 step 149 h=50: loss 32.091 |g| 6.33 validation@300 9194.334 (best 1122.650)
[02:03:56]     restart 0 step 199 h=133: loss 12.860 |g| 3.07 validation@300 5.808 (best 5.808)
[02:04:00]     restart 0 step 249 h=133: loss 12.524 |g| 2 validation@300 5.748 (best 5.748)
[02:04:05]     restart 0 step 299 h=133: loss 12.330 |g| 1.27 validation@300 5.724 (best 5.724)
[02:04:16]     restart 0 step 349 h=216: loss 7.923 |g| 1.27 validation@300 5.696 (best 5.696)
[02:04:23]     restart 0 step 399 h=216: loss 7.887 |g| 0.866 validation@300 5.677 (best 5.677)
[02:04:31]     restart 0 step 449 h=216: loss 7.719 |g| 0.615 validation@300 5.671 (best 5.671)
[02:04:44]     restart 0 step 499 h=300: loss 5.862 |g| 0.581 validation@300 5.663 (best 5.663)
[02:04:54]     restart 0 step 549 h=300: loss 5.679 |g| 0.454 validation@300 5.661 (best 5.661)
[02:05:04]     restart 0 step 599 h=300: loss 5.907 |g| 0.959 validation@300 5.658 (best 5.658)
[02:05:11]   est n=16 M=50 seed=2: cost_test 1651.2 gap 39.9 (117s)
[02:05:11] done  est_n16_M50 in 431s: {'n': 16, 'M': 50, 'cost_test': 1659.3086751302083}
[02:05:11] start est_n16_M200
[02:05:43]     policy search: 600 steps x 1 restarts, batch 128, horizons [50, 133, 216, 300], validation loss of the initial policy 4571.235
[02:05:50]     restart 0 step 49 h=50: loss 47.279 |g| 25.6 validation@300 11561.317 (best 4571.235)
[02:05:53]     restart 0 step 99 h=50: loss 34.023 |g| 11.7 validation@300 8877.597 (best 4571.235)
[02:05:55]     restart 0 step 149 h=50: loss 31.525 |g| 7 validation@300 7399.973 (best 4571.235)
[02:06:04]     restart 0 step 199 h=133: loss 12.455 |g| 2.35 validation@300 5.363 (best 5.363)
[02:06:09]     restart 0 step 249 h=133: loss 12.394 |g| 3.28 validation@300 5.345 (best 5.345)
[02:06:14]     restart 0 step 299 h=133: loss 12.372 |g| 1.69 validation@300 5.334 (best 5.334)
[02:06:26]     restart 0 step 349 h=216: loss 7.725 |g| 0.599 validation@300 5.318 (best 5.318)
[02:06:34]     restart 0 step 399 h=216: loss 7.357 |g| 0.665 validation@300 5.310 (best 5.310)
[02:06:41]     restart 0 step 449 h=216: loss 7.742 |g| 1.08 validation@300 5.307 (best 5.307)
[02:06:56]     restart 0 step 499 h=300: loss 5.280 |g| 0.529 validation@300 5.305 (best 5.305)
[02:07:06]     restart 0 step 549 h=300: loss 5.627 |g| 0.499 validation@300 5.304 (best 5.304)
[02:07:16]     restart 0 step 599 h=300: loss 5.235 |g| 0.525 validation@300 5.303 (best 5.303)
[02:07:20]   est n=16 M=200 seed=0: cost_test 1622.4 gap -32.2 (129s)
[02:07:52]     policy search: 600 steps x 1 restarts, batch 128, horizons [50, 133, 216, 300], validation loss of the initial policy 3000.031
[02:07:59]     restart 0 step 49 h=50: loss 47.738 |g| 26.7 validation@300 12738.003 (best 3000.031)
[02:08:01]     restart 0 step 99 h=50: loss 34.241 |g| 8.52 validation@300 29110.625 (best 3000.031)
[02:08:03]     restart 0 step 149 h=50: loss 31.525 |g| 6.03 validation@300 8522.476 (best 3000.031)
[02:08:13]     restart 0 step 199 h=133: loss 12.458 |g| 1.72 validation@300 5.446 (best 5.446)
[02:08:18]     restart 0 step 249 h=133: loss 11.952 |g| 2.28 validation@300 5.427 (best 5.427)
[02:08:22]     restart 0 step 299 h=133: loss 11.660 |g| 2.35 validation@300 5.409 (best 5.409)
[02:08:35]     restart 0 step 349 h=216: loss 7.590 |g| 0.771 validation@300 5.400 (best 5.400)
[02:08:42]     restart 0 step 399 h=216: loss 7.348 |g| 0.689 validation@300 5.389 (best 5.389)
[02:08:49]     restart 0 step 449 h=216: loss 7.427 |g| 0.702 validation@300 5.385 (best 5.385)
[02:09:05]     restart 0 step 499 h=300: loss 5.448 |g| 0.691 validation@300 5.382 (best 5.382)
[02:09:15]     restart 0 step 549 h=300: loss 5.375 |g| 0.75 validation@300 5.381 (best 5.381)
[02:09:24]     restart 0 step 599 h=300: loss 5.452 |g| 0.452 validation@300 5.380 (best 5.380)
[02:09:27]   est n=16 M=200 seed=1: cost_test 1614.3 gap -49.5 (128s)
[02:10:00]     policy search: 600 steps x 1 restarts, batch 128, horizons [50, 133, 216, 300], validation loss of the initial policy 1490.726
[02:10:07]     restart 0 step 49 h=50: loss 48.470 |g| 24.6 validation@300 19533.697 (best 1490.726)
[02:10:09]     restart 0 step 99 h=50: loss 34.312 |g| 15.5 validation@300 21259.014 (best 1490.726)
[02:10:11]     restart 0 step 149 h=50: loss 31.542 |g| 5.35 validation@300 10410.164 (best 1490.726)
[02:10:21]     restart 0 step 199 h=133: loss 12.020 |g| 1.98 validation@300 5.527 (best 5.527)
[02:10:25]     restart 0 step 249 h=133: loss 11.903 |g| 2.13 validation@300 5.504 (best 5.504)
[02:10:28]     restart 0 step 299 h=133: loss 12.359 |g| 2.11 validation@300 5.492 (best 5.492)
[02:10:41]     restart 0 step 349 h=216: loss 7.615 |g| 0.899 validation@300 5.475 (best 5.475)
[02:10:48]     restart 0 step 399 h=216: loss 7.436 |g| 1.25 validation@300 5.471 (best 5.471)
[02:10:53]     restart 0 step 449 h=216: loss 7.285 |g| 0.791 validation@300 5.465 (best 5.465)
[02:11:09]     restart 0 step 499 h=300: loss 5.650 |g| 1.18 validation@300 5.462 (best 5.462)
[02:11:19]     restart 0 step 549 h=300: loss 5.473 |g| 0.634 validation@300 5.462 (best 5.462)
[02:11:27]     restart 0 step 599 h=300: loss 5.776 |g| 0.604 validation@300 5.460 (best 5.460)
[02:11:30]   est n=16 M=200 seed=2: cost_test 1613.3 gap 45.9 (123s)
[02:11:30] done  est_n16_M200 in 379s: {'n': 16, 'M': 200, 'cost_test': 1616.6640218098958}
[02:11:30] start est_n16_M800
[02:14:15]     policy search: 600 steps x 1 restarts, batch 128, horizons [50, 133, 216, 300], validation loss of the initial policy 3241.972
[02:14:25]     restart 0 step 49 h=50: loss 48.692 |g| 33.8 validation@300 16617.795 (best 3241.972)
[02:14:29]     restart 0 step 99 h=50: loss 33.019 |g| 6.13 validation@300 22844.701 (best 3241.972)
[02:14:33]     restart 0 step 149 h=50: loss 31.377 |g| 6.98 validation@300 5481.945 (best 3241.972)
[02:14:42]     restart 0 step 199 h=133: loss 12.356 |g| 3.13 validation@300 5.591 (best 5.591)
[02:14:48]     restart 0 step 249 h=133: loss 11.988 |g| 1.46 validation@300 5.568 (best 5.568)
[02:14:55]     restart 0 step 299 h=133: loss 11.914 |g| 1.61 validation@300 5.556 (best 5.556)
[02:15:06]     restart 0 step 349 h=216: loss 7.603 |g| 0.625 validation@300 5.543 (best 5.543)
[02:15:10]     restart 0 step 399 h=216: loss 7.522 |g| 0.602 validation@300 5.538 (best 5.538)
[02:15:14]     restart 0 step 449 h=216: loss 7.434 |g| 0.8 validation@300 5.538 (best 5.538)
[02:15:35]     restart 0 step 499 h=300: loss 5.510 |g| 0.618 validation@300 5.532 (best 5.532)
[02:15:50]     restart 0 step 549 h=300: loss 5.685 |g| 0.497 validation@300 5.532 (best 5.532)
[02:16:06]     restart 0 step 599 h=300: loss 5.585 |g| 0.487 validation@300 5.531 (best 5.531)
[02:16:15]   est n=16 M=800 seed=0: cost_test 1608.7 gap -27.8 (285s)
[02:18:26]     policy search: 600 steps x 1 restarts, batch 128, horizons [50, 133, 216, 300], validation loss of the initial policy 2669.769
[02:18:36]     restart 0 step 49 h=50: loss 46.979 |g| 24.5 validation@300 12846.744 (best 2669.769)
[02:18:39]     restart 0 step 99 h=50: loss 32.266 |g| 8.27 validation@300 22849.816 (best 2669.769)
[02:18:41]     restart 0 step 149 h=50: loss 31.587 |g| 7.23 validation@300 12351.894 (best 2669.769)
[02:18:49]     restart 0 step 199 h=133: loss 12.001 |g| 2.8 validation@300 5.915 (best 5.915)
[02:18:52]     restart 0 step 249 h=133: loss 12.034 |g| 2.47 validation@300 5.899 (best 5.899)
[02:18:58]     restart 0 step 299 h=133: loss 11.991 |g| 1.75 validation@300 5.887 (best 5.887)
[02:19:16]     restart 0 step 349 h=216: loss 7.540 |g| 0.751 validation@300 5.870 (best 5.870)
[02:19:29]     restart 0 step 399 h=216: loss 7.626 |g| 0.996 validation@300 5.863 (best 5.863)
[02:19:41]     restart 0 step 449 h=216: loss 7.756 |g| 0.77 validation@300 5.856 (best 5.856)
[02:19:59]     restart 0 step 499 h=300: loss 5.614 |g| 0.755 validation@300 5.852 (best 5.852)
[02:20:06]     restart 0 step 549 h=300: loss 5.338 |g| 0.439 validation@300 5.850 (best 5.850)
[02:20:12]     restart 0 step 599 h=300: loss 5.611 |g| 0.676 validation@300 5.849 (best 5.849)
[02:20:19]   est n=16 M=800 seed=1: cost_test 1618.5 gap -40.7 (244s)
[02:22:39]     policy search: 600 steps x 1 restarts, batch 128, horizons [50, 133, 216, 300], validation loss of the initial policy 7117.752
[02:22:51]     restart 0 step 49 h=50: loss 49.250 |g| 27.7 validation@300 7534.881 (best 7117.752)
[02:22:58]     restart 0 step 99 h=50: loss 33.553 |g| 7.69 validation@300 30525.953 (best 7117.752)
[02:23:05]     restart 0 step 149 h=50: loss 31.254 |g| 6.03 validation@300 11095.374 (best 7117.752)
[02:23:20]     restart 0 step 199 h=133: loss 12.346 |g| 2.5 validation@300 5.689 (best 5.689)
[02:23:30]     restart 0 step 249 h=133: loss 12.215 |g| 1.28 validation@300 5.664 (best 5.664)
[02:23:40]     restart 0 step 299 h=133: loss 12.092 |g| 1.5 validation@300 5.654 (best 5.654)
[02:23:58]     restart 0 step 349 h=216: loss 7.368 |g| 0.801 validation@300 5.638 (best 5.638)
[02:24:10]     restart 0 step 399 h=216: loss 7.248 |g| 1.63 validation@300 5.627 (best 5.627)
[02:24:23]     restart 0 step 449 h=216: loss 7.688 |g| 0.669 validation@300 5.619 (best 5.619)
[02:24:44]     restart 0 step 499 h=300: loss 5.494 |g| 0.384 validation@300 5.616 (best 5.616)
[02:24:59]     restart 0 step 549 h=300: loss 5.640 |g| 0.604 validation@300 5.615 (best 5.615)
[02:25:14]     restart 0 step 599 h=300: loss 5.406 |g| 0.493 validation@300 5.614 (best 5.614)
[02:25:21]   est n=16 M=800 seed=2: cost_test 1616.7 gap -47.2 (303s)
[02:25:21] done  est_n16_M800 in 831s: {'n': 16, 'M': 800, 'cost_test': 1614.6164957682292}
[02:25:21] start est_n32_M50
[02:25:53]     policy search: 600 steps x 1 restarts, batch 128, horizons [50, 133, 216, 300], validation loss of the initial policy 3956.364
[02:26:07]     restart 0 step 49 h=50: loss 46.952 |g| 29.8 validation@300 10126.585 (best 3956.364)
[02:26:14]     restart 0 step 99 h=50: loss 36.254 |g| 21.8 validation@300 12444.408 (best 3956.364)
[02:26:21]     restart 0 step 149 h=50: loss 33.021 |g| 14.1 validation@300 8647.703 (best 3956.364)
[02:26:29]     restart 0 step 199 h=133: loss 12.837 |g| 6.12 validation@300 5.903 (best 5.903)
[02:26:32]     restart 0 step 249 h=133: loss 13.063 |g| 5.47 validation@300 5.775 (best 5.775)
[02:26:35]     restart 0 step 299 h=133: loss 12.657 |g| 9.9 validation@300 5.755 (best 5.755)
[02:26:45]     restart 0 step 349 h=216: loss 7.894 |g| 5.1 validation@300 5.727 (best 5.727)
[02:26:51]     restart 0 step 399 h=216: loss 7.922 |g| 2.42 validation@300 5.702 (best 5.702)
[02:26:58]     restart 0 step 449 h=216: loss 8.032 |g| 2.78 validation@300 5.685 (best 5.685)
[02:27:10]     restart 0 step 499 h=300: loss 5.772 |g| 1.68 validation@300 5.686 (best 5.685)
[02:27:19]     restart 0 step 549 h=300: loss 5.625 |g| 1.19 validation@300 5.679 (best 5.679)
[02:27:28]     restart 0 step 599 h=300: loss 5.676 |g| 0.935 validation@300 5.678 (best 5.678)
[02:27:35]   est n=32 M=50 seed=0: cost_test 1668.1 gap -32.9 (134s)
[02:27:56]     policy search: 600 steps x 1 restarts, batch 128, horizons [50, 133, 216, 300], validation loss of the initial policy 4433.074
[02:28:03]     restart 0 step 49 h=50: loss 46.784 |g| 28 validation@300 14084.988 (best 4433.074)
[02:28:05]     restart 0 step 99 h=50: loss 33.610 |g| 9.04 validation@300 42635.035 (best 4433.074)
[02:28:06]     restart 0 step 149 h=50: loss 34.565 |g| 10.1 validation@300 24521.148 (best 4433.074)
[02:28:21]     restart 0 step 199 h=133: loss 13.523 |g| 4.91 validation@300 5.776 (best 5.776)
[02:28:30]     restart 0 step 249 h=133: loss 12.601 |g| 1.62 validation@300 5.631 (best 5.631)
[02:28:40]     restart 0 step 299 h=133: loss 12.612 |g| 2.94 validation@300 5.591 (best 5.591)
[02:28:59]     restart 0 step 349 h=216: loss 7.712 |g| 1.15 validation@300 5.560 (best 5.560)
[02:29:12]     restart 0 step 399 h=216: loss 7.468 |g| 1.6 validation@300 5.551 (best 5.551)
[02:29:24]     restart 0 step 449 h=216: loss 7.676 |g| 0.741 validation@300 5.541 (best 5.541)
[02:29:45]     restart 0 step 499 h=300: loss 5.644 |g| 0.527 validation@300 5.538 (best 5.538)
[02:30:01]     restart 0 step 549 h=300: loss 5.523 |g| 0.814 validation@300 5.536 (best 5.536)
[02:30:16]     restart 0 step 599 h=300: loss 5.778 |g| 0.686 validation@300 5.534 (best 5.534)
[02:30:23]   est n=32 M=50 seed=1: cost_test 1648.5 gap -225.9 (168s)
[02:30:48]     policy search: 600 steps x 1 restarts, batch 128, horizons [50, 133, 216, 300], validation loss of the initial policy 1437.201
[02:31:00]     restart 0 step 49 h=50: loss 47.593 |g| 27.6 validation@300 9179.146 (best 1437.201)
[02:31:07]     restart 0 step 99 h=50: loss 36.334 |g| 12.7 validation@300 18733.113 (best 1437.201)
[02:31:14]     restart 0 step 149 h=50: loss 33.790 |g| 15.5 validation@300 11595.403 (best 1437.201)
[02:31:29]     restart 0 step 199 h=133: loss 12.772 |g| 3.17 validation@300 6.125 (best 6.125)
[02:31:39]     restart 0 step 249 h=133: loss 12.398 |g| 5.45 validation@300 6.019 (best 6.019)
[02:31:48]     restart 0 step 299 h=133: loss 12.679 |g| 3.86 validation@300 5.973 (best 5.973)
[02:32:07]     restart 0 step 349 h=216: loss 8.227 |g| 1.32 validation@300 5.946 (best 5.946)
[02:32:17]     restart 0 step 399 h=216: loss 7.976 |g| 1.76 validation@300 5.930 (best 5.930)
[02:32:22]     restart 0 step 449 h=216: loss 7.591 |g| 1.19 validation@300 5.919 (best 5.919)
[02:32:34]     restart 0 step 499 h=300: loss 5.449 |g| 0.947 validation@300 5.916 (best 5.916)
[02:32:41]     restart 0 step 549 h=300: loss 5.437 |g| 1.25 validation@300 5.911 (best 5.911)
[02:32:47]     restart 0 step 599 h=300: loss 5.403 |g| 1.46 validation@300 5.908 (best 5.908)
[02:32:53]   est n=32 M=50 seed=2: cost_test 1674.4 gap -92.1 (150s)
[02:32:53] done  est_n32_M50 in 452s: {'n': 32, 'M': 50, 'cost_test': 1663.6526285807292}
[02:32:53] start est_n32_M200
[02:33:26]     policy search: 600 steps x 1 restarts, batch 128, horizons [50, 133, 216, 300], validation loss of the initial policy 3216.700
[02:33:36]     restart 0 step 49 h=50: loss 47.733 |g| 26.2 validation@300 7330.523 (best 3216.700)
[02:33:41]     restart 0 step 99 h=50: loss 33.639 |g| 7.2 validation@300 25658.055 (best 3216.700)
[02:33:46]     restart 0 step 149 h=50: loss 32.572 |g| 4.47 validation@300 2198.862 (best 2198.862)
[02:33:54]     restart 0 step 199 h=133: loss 11.965 |g| 1.44 validation@300 5.682 (best 5.682)
[02:33:57]     restart 0 step 249 h=133: loss 12.290 |g| 1.94 validation@300 5.656 (best 5.656)
[02:34:00]     restart 0 step 299 h=133: loss 12.048 |g| 1.27 validation@300 5.646 (best 5.646)
[02:34:16]     restart 0 step 349 h=216: loss 7.585 |g| 1.15 validation@300 5.632 (best 5.632)
[02:34:29]     restart 0 step 399 h=216: loss 7.327 |g| 0.795 validation@300 5.627 (best 5.627)
[02:34:42]     restart 0 step 449 h=216: loss 7.275 |g| 0.976 validation@300 5.622 (best 5.622)
[02:35:03]     restart 0 step 499 h=300: loss 5.191 |g| 0.763 validation@300 5.619 (best 5.619)
[02:35:19]     restart 0 step 549 h=300: loss 5.533 |g| 0.659 validation@300 5.618 (best 5.618)
[02:35:34]     restart 0 step 599 h=300: loss 5.632 |g| 1.18 validation@300 5.617 (best 5.617)
[02:35:38]   est n=32 M=200 seed=0: cost_test 1617.0 gap -12.7 (165s)
[02:36:20]     policy search: 600 steps x 1 restarts, batch 128, horizons [50, 133, 216, 300], validation loss of the initial policy 3535.378
[02:36:32]     restart 0 step 49 h=50: loss 45.587 |g| 26.9 validation@300 8810.412 (best 3535.378)
[02:36:39]     restart 0 step 99 h=50: loss 36.074 |g| 7.54 validation@300 13202.664 (best 3535.378)
[02:36:46]     restart 0 step 149 h=50: loss 31.884 |g| 10.4 validation@300 3790.333 (best 3535.378)
[02:37:01]     restart 0 step 199 h=133: loss 12.327 |g| 4.23 validation@300 5.638 (best 5.638)
[02:37:11]     restart 0 step 249 h=133: loss 11.915 |g| 4.35 validation@300 5.599 (best 5.599)
[02:37:21]     restart 0 step 299 h=133: loss 12.387 |g| 1.92 validation@300 5.585 (best 5.585)
[02:37:39]     restart 0 step 349 h=216: loss 7.751 |g| 0.726 validation@300 5.564 (best 5.564)
[02:37:51]     restart 0 step 399 h=216: loss 7.910 |g| 1.39 validation@300 5.551 (best 5.551)
[02:38:04]     restart 0 step 449 h=216: loss 7.434 |g| 1.12 validation@300 5.546 (best 5.546)
[02:38:20]     restart 0 step 499 h=300: loss 5.402 |g| 0.724 validation@300 5.541 (best 5.541)
[02:38:26]     restart 0 step 549 h=300: loss 5.449 |g| 0.496 validation@300 5.540 (best 5.540)
[02:38:33]     restart 0 step 599 h=300: loss 5.621 |g| 1.42 validation@300 5.537 (best 5.537)
[02:38:36]   est n=32 M=200 seed=1: cost_test 1629.1 gap -16.2 (178s)
[02:39:07]     policy search: 600 steps x 1 restarts, batch 128, horizons [50, 133, 216, 300], validation loss of the initial policy 5729.537
[02:39:17]     restart 0 step 49 h=50: loss 48.563 |g| 37.4 validation@300 20256.270 (best 5729.537)
[02:39:21]     restart 0 step 99 h=50: loss 33.740 |g| 8.57 validation@300 22088.137 (best 5729.537)
[02:39:22]     restart 0 step 149 h=50: loss 32.925 |g| 7.37 validation@300 12740.434 (best 5729.537)
[02:39:34]     restart 0 step 199 h=133: loss 12.365 |g| 3.28 validation@300 5.661 (best 5.661)
[02:39:41]     restart 0 step 249 h=133: loss 12.532 |g| 3.42 validation@300 5.611 (best 5.611)
[02:39:47]     restart 0 step 299 h=133: loss 11.764 |g| 1.84 validation@300 5.597 (best 5.597)
[02:39:56]     restart 0 step 349 h=216: loss 7.366 |g| 1.26 validation@300 5.581 (best 5.581)
[02:40:01]     restart 0 step 399 h=216: loss 7.345 |g| 2.14 validation@300 5.568 (best 5.568)
[02:40:08]     restart 0 step 449 h=216: loss 7.361 |g| 0.475 validation@300 5.560 (best 5.560)
[02:40:20]     restart 0 step 499 h=300: loss 5.740 |g| 0.442 validation@300 5.558 (best 5.558)
[02:40:26]     restart 0 step 549 h=300: loss 5.644 |g| 0.399 validation@300 5.555 (best 5.555)
[02:40:32]     restart 0 step 599 h=300: loss 5.714 |g| 0.573 validation@300 5.553 (best 5.553)
[02:40:35]   est n=32 M=200 seed=2: cost_test 1616.0 gap -79.8 (119s)
[02:40:35] done  est_n32_M200 in 462s: {'n': 32, 'M': 200, 'cost_test': 1620.6973063151042}
[02:40:35] start est_n32_M800
[02:42:58]     policy search: 600 steps x 1 restarts, batch 128, horizons [50, 133, 216, 300], validation loss of the initial policy 10549.636
[02:43:05]     restart 0 step 49 h=50: loss 49.830 |g| 33.2 validation@300 13971.446 (best 10549.636)
[02:43:07]     restart 0 step 99 h=50: loss 34.489 |g| 6.94 validation@300 18341.205 (best 10549.636)
[02:43:09]     restart 0 step 149 h=50: loss 32.193 |g| 8.44 validation@300 8184.267 (best 8184.267)
[02:43:18]     restart 0 step 199 h=133: loss 12.206 |g| 3.07 validation@300 5.509 (best 5.509)
[02:43:21]     restart 0 step 249 h=133: loss 11.723 |g| 1.19 validation@300 5.472 (best 5.472)
[02:43:25]     restart 0 step 299 h=133: loss 12.420 |g| 2.85 validation@300 5.463 (best 5.463)
[02:43:36]     restart 0 step 349 h=216: loss 7.439 |g| 1.36 validation@300 5.443 (best 5.443)
[02:43:43]     restart 0 step 399 h=216: loss 7.478 |g| 1.35 validation@300 5.437 (best 5.437)
[02:43:49]     restart 0 step 449 h=216: loss 7.297 |g| 0.838 validation@300 5.433 (best 5.433)
[02:44:03]     restart 0 step 499 h=300: loss 5.446 |g| 0.5 validation@300 5.431 (best 5.431)
[02:44:12]     restart 0 step 549 h=300: loss 5.241 |g| 0.848 validation@300 5.429 (best 5.429)
[02:44:21]     restart 0 step 599 h=300: loss 5.434 |g| 0.469 validation@300 5.426 (best 5.426)
[02:44:28]   est n=32 M=800 seed=0: cost_test 1607.8 gap -56.2 (232s)
[02:46:40]     policy search: 600 steps x 1 restarts, batch 128, horizons [50, 133, 216, 300], validation loss of the initial policy 1879.401
[02:46:49]     restart 0 step 49 h=50: loss 48.589 |g| 24.4 validation@300 9556.764 (best 1879.401)
[02:46:53]     restart 0 step 99 h=50: loss 32.879 |g| 7.76 validation@300 22511.807 (best 1879.401)
[02:46:55]     restart 0 step 149 h=50: loss 32.020 |g| 4.86 validation@300 13547.589 (best 1879.401)
[02:47:06]     restart 0 step 199 h=133: loss 11.609 |g| 1.36 validation@300 5.462 (best 5.462)
[02:47:13]     restart 0 step 249 h=133: loss 12.431 |g| 1.04 validation@300 5.430 (best 5.430)
[02:47:19]     restart 0 step 299 h=133: loss 11.584 |g| 1.05 validation@300 5.421 (best 5.421)
[02:47:28]     restart 0 step 349 h=216: loss 7.804 |g| 0.811 validation@300 5.410 (best 5.410)
[02:47:32]     restart 0 step 399 h=216: loss 7.775 |g| 1.64 validation@300 5.405 (best 5.405)
[02:47:38]     restart 0 step 449 h=216: loss 7.687 |g| 0.714 validation@300 5.400 (best 5.400)
[02:47:59]     restart 0 step 499 h=300: loss 5.523 |g| 0.471 validation@300 5.399 (best 5.399)
[02:48:15]     restart 0 step 549 h=300: loss 5.471 |g| 0.58 validation@300 5.398 (best 5.398)
[02:48:30]     restart 0 step 599 h=300: loss 5.591 |g| 0.514 validation@300 5.397 (best 5.397)
[02:48:38]   est n=32 M=800 seed=1: cost_test 1605.3 gap -58.6 (250s)
[02:50:51]     policy search: 600 steps x 1 restarts, batch 128, horizons [50, 133, 216, 300], validation loss of the initial policy 5117.910
[02:51:01]     restart 0 step 49 h=50: loss 45.892 |g| 25.3 validation@300 12482.342 (best 5117.910)
[02:51:03]     restart 0 step 99 h=50: loss 33.053 |g| 6.82 validation@300 25210.861 (best 5117.910)
[02:51:04]     restart 0 step 149 h=50: loss 31.096 |g| 3.49 validation@300 5223.868 (best 5117.910)
[02:51:12]     restart 0 step 199 h=133: loss 11.930 |g| 1.44 validation@300 5.568 (best 5.568)
[02:51:15]     restart 0 step 249 h=133: loss 12.285 |g| 1.53 validation@300 5.546 (best 5.546)
[02:51:23]     restart 0 step 299 h=133: loss 11.975 |g| 1.5 validation@300 5.534 (best 5.534)
[02:51:42]     restart 0 step 349 h=216: loss 7.736 |g| 0.798 validation@300 5.523 (best 5.523)
[02:51:54]     restart 0 step 399 h=216: loss 7.565 |g| 0.82 validation@300 5.513 (best 5.513)
[02:52:07]     restart 0 step 449 h=216: loss 7.590 |g| 0.618 validation@300 5.510 (best 5.510)
[02:52:23]     restart 0 step 499 h=300: loss 5.281 |g| 0.515 validation@300 5.505 (best 5.505)
[02:52:30]     restart 0 step 549 h=300: loss 5.737 |g| 0.505 validation@300 5.502 (best 5.502)
[02:52:36]     restart 0 step 599 h=300: loss 5.479 |g| 0.622 validation@300 5.501 (best 5.501)
[02:52:42]   est n=32 M=800 seed=2: cost_test 1611.8 gap -56.7 (244s)
[02:52:42] done  est_n32_M800 in 727s: {'n': 32, 'M': 800, 'cost_test': 1608.2675374348958}
[02:52:42] start est_n64_M50
[02:53:07]     policy search: 600 steps x 1 restarts, batch 128, horizons [50, 133, 216, 300], validation loss of the initial policy 2776.471
[02:53:17]     restart 0 step 49 h=50: loss 49.097 |g| 28.9 validation@300 13650.677 (best 2776.471)
[02:53:18]     restart 0 step 99 h=50: loss 35.427 |g| 13 validation@300 14660.830 (best 2776.471)
[02:53:20]     restart 0 step 149 h=50: loss 32.626 |g| 13.2 validation@300 12163.970 (best 2776.471)
[02:53:31]     restart 0 step 199 h=133: loss 12.860 |g| 5.54 validation@300 5.913 (best 5.913)
[02:53:38]     restart 0 step 249 h=133: loss 12.456 |g| 3.69 validation@300 5.792 (best 5.792)
[02:53:44]     restart 0 step 299 h=133: loss 13.173 |g| 5.3 validation@300 5.757 (best 5.757)
[02:53:54]     restart 0 step 349 h=216: loss 8.334 |g| 1.74 validation@300 5.724 (best 5.724)
[02:53:59]     restart 0 step 399 h=216: loss 8.028 |g| 1.27 validation@300 5.710 (best 5.710)
[02:54:08]     restart 0 step 449 h=216: loss 7.694 |g| 1.43 validation@300 5.702 (best 5.702)
[02:54:29]     restart 0 step 499 h=300: loss 5.541 |g| 1.33 validation@300 5.693 (best 5.693)
[02:54:45]     restart 0 step 549 h=300: loss 5.590 |g| 1.33 validation@300 5.692 (best 5.692)
[02:55:01]     restart 0 step 599 h=300: loss 5.721 |g| 0.977 validation@300 5.688 (best 5.688)
[02:55:10]   est n=64 M=50 seed=0: cost_test 1666.9 gap -124.7 (148s)
[02:55:29]     policy search: 600 steps x 1 restarts, batch 128, horizons [50, 133, 216, 300], validation loss of the initial policy 1828.559
[02:55:37]     restart 0 step 49 h=50: loss 46.340 |g| 21 validation@300 7005.895 (best 1828.559)
[02:55:41]     restart 0 step 99 h=50: loss 34.967 |g| 13.2 validation@300 18272.531 (best 1828.559)
[02:55:44]     restart 0 step 149 h=50: loss 32.821 |g| 13.6 validation@300 11504.892 (best 1828.559)
[02:55:55]     restart 0 step 199 h=133: loss 12.480 |g| 3.42 validation@300 5.586 (best 5.586)
[02:56:01]     restart 0 step 249 h=133: loss 12.706 |g| 1.93 validation@300 5.534 (best 5.534)
[02:56:07]     restart 0 step 299 h=133: loss 12.343 |g| 2.12 validation@300 5.510 (best 5.510)
[02:56:21]     restart 0 step 349 h=216: loss 7.599 |g| 0.915 validation@300 5.489 (best 5.489)
[02:56:30]     restart 0 step 399 h=216: loss 7.565 |g| 1.08 validation@300 5.481 (best 5.481)
[02:56:39]     restart 0 step 449 h=216: loss 7.219 |g| 0.951 validation@300 5.473 (best 5.473)
[02:56:50]     restart 0 step 499 h=300: loss 5.459 |g| 0.922 validation@300 5.468 (best 5.468)
[02:56:58]     restart 0 step 549 h=300: loss 5.804 |g| 0.642 validation@300 5.468 (best 5.468)
[02:57:14]     restart 0 step 599 h=300: loss 5.820 |g| 0.748 validation@300 5.467 (best 5.467)
[02:57:21]   est n=64 M=50 seed=1: cost_test 1639.6 gap 66.3 (131s)
[02:57:46]     policy search: 600 steps x 1 restarts, batch 128, horizons [50, 133, 216, 300], validation loss of the initial policy 5082.552
[02:57:58]     restart 0 step 49 h=50: loss 46.659 |g| 34.9 validation@300 7820.125 (best 5082.552)
[02:58:05]     restart 0 step 99 h=50: loss 33.607 |g| 11.3 validation@300 15703.974 (best 5082.552)
[02:58:12]     restart 0 step 149 h=50: loss 33.471 |g| 11.7 validation@300 8856.237 (best 5082.552)
[02:58:28]     restart 0 step 199 h=133: loss 12.797 |g| 4.24 validation@300 5.776 (best 5.776)
[02:58:38]     restart 0 step 249 h=133: loss 12.106 |g| 3.71 validation@300 5.722 (best 5.722)
[02:58:47]     restart 0 step 299 h=133: loss 12.532 |g| 2.67 validation@300 5.677 (best 5.677)
[02:59:06]     restart 0 step 349 h=216: loss 7.772 |g| 1.66 validation@300 5.651 (best 5.651)
[02:59:19]     restart 0 step 399 h=216: loss 7.561 |g| 1.44 validation@300 5.639 (best 5.639)
[02:59:32]     restart 0 step 449 h=216: loss 7.706 |g| 1.21 validation@300 5.631 (best 5.631)
[02:59:53]     restart 0 step 499 h=300: loss 5.537 |g| 0.911 validation@300 5.621 (best 5.621)
[03:00:09]     restart 0 step 549 h=300: loss 5.824 |g| 0.987 validation@300 5.621 (best 5.621)
[03:00:24]     restart 0 step 599 h=300: loss 5.814 |g| 0.568 validation@300 5.618 (best 5.618)
[03:00:31]   est n=64 M=50 seed=2: cost_test 1655.0 gap -83.1 (191s)
[03:00:31] done  est_n64_M50 in 469s: {'n': 64, 'M': 50, 'cost_test': 1653.8223470052083}
[03:00:31] start est_n64_M200
[03:01:10]     policy search: 600 steps x 1 restarts, batch 128, horizons [50, 133, 216, 300], validation loss of the initial policy 2522.687
[03:01:18]     restart 0 step 49 h=50: loss 46.650 |g| 28.5 validation@300 12945.992 (best 2522.687)
[03:01:19]     restart 0 step 99 h=50: loss 33.434 |g| 9.63 validation@300 34919.312 (best 2522.687)
[03:01:21]     restart 0 step 149 h=50: loss 34.837 |g| 10.2 validation@300 6758.534 (best 2522.687)
[03:01:31]     restart 0 step 199 h=133: loss 11.798 |g| 3.29 validation@300 5.643 (best 5.643)
[03:01:36]     restart 0 step 249 h=133: loss 12.097 |g| 3.62 validation@300 5.588 (best 5.588)
[03:01:39]     restart 0 step 299 h=133: loss 12.241 |g| 1.92 validation@300 5.569 (best 5.569)
[03:01:52]     restart 0 step 349 h=216: loss 7.892 |g| 0.73 validation@300 5.557 (best 5.557)
[03:01:59]     restart 0 step 399 h=216: loss 7.522 |g| 0.814 validation@300 5.550 (best 5.550)
[03:02:05]     restart 0 step 449 h=216: loss 7.611 |g| 1.67 validation@300 5.545 (best 5.545)
[03:02:20]     restart 0 step 499 h=300: loss 5.368 |g| 0.908 validation@300 5.544 (best 5.544)
[03:02:31]     restart 0 step 549 h=300: loss 5.934 |g| 1.53 validation@300 5.543 (best 5.543)
[03:02:38]     restart 0 step 599 h=300: loss 5.365 |g| 0.895 validation@300 5.541 (best 5.541)
[03:02:42]   est n=64 M=200 seed=0: cost_test 1612.7 gap 3.4 (130s)
[03:03:23]     policy search: 600 steps x 1 restarts, batch 128, horizons [50, 133, 216, 300], validation loss of the initial policy 3301.669
[03:03:35]     restart 0 step 49 h=50: loss 47.225 |g| 23.2 validation@300 8197.652 (best 3301.669)
[03:03:42]     restart 0 step 99 h=50: loss 33.919 |g| 7.12 validation@300 17719.738 (best 3301.669)
[03:03:49]     restart 0 step 149 h=50: loss 32.495 |g| 6.6 validation@300 12121.857 (best 3301.669)
[03:04:05]     restart 0 step 199 h=133: loss 12.248 |g| 1.78 validation@300 5.762 (best 5.762)
[03:04:15]     restart 0 step 249 h=133: loss 11.806 |g| 1.78 validation@300 5.722 (best 5.722)
[03:04:24]     restart 0 step 299 h=133: loss 11.762 |g| 2.4 validation@300 5.695 (best 5.695)
[03:04:43]     restart 0 step 349 h=216: loss 7.458 |g| 1.92 validation@300 5.676 (best 5.676)
[03:04:56]     restart 0 step 399 h=216: loss 7.861 |g| 1.24 validation@300 5.668 (best 5.668)
[03:05:08]     restart 0 step 449 h=216: loss 7.656 |g| 0.782 validation@300 5.665 (best 5.665)
[03:05:30]     restart 0 step 499 h=300: loss 5.523 |g| 0.692 validation@300 5.661 (best 5.661)
[03:05:45]     restart 0 step 549 h=300: loss 5.628 |g| 0.785 validation@300 5.661 (best 5.661)
[03:06:01]     restart 0 step 599 h=300: loss 5.466 |g| 0.986 validation@300 5.658 (best 5.658)
[03:06:05]   est n=64 M=200 seed=1: cost_test 1629.9 gap -91.0 (203s)
[03:06:47]     policy search: 600 steps x 1 restarts, batch 128, horizons [50, 133, 216, 300], validation loss of the initial policy 4649.054
[03:06:59]     restart 0 step 49 h=50: loss 45.044 |g| 30.8 validation@300 8829.228 (best 4649.054)
[03:07:04]     restart 0 step 99 h=50: loss 31.813 |g| 8.07 validation@300 39198.336 (best 4649.054)
[03:07:06]     restart 0 step 149 h=50: loss 32.263 |g| 11.1 validation@300 9279.565 (best 4649.054)
[03:07:15]     restart 0 step 199 h=133: loss 12.047 |g| 1.91 validation@300 5.391 (best 5.391)
[03:07:18]     restart 0 step 249 h=133: loss 12.550 |g| 1.67 validation@300 5.356 (best 5.356)
[03:07:22]     restart 0 step 299 h=133: loss 11.819 |g| 1.27 validation@300 5.346 (best 5.346)
[03:07:32]     restart 0 step 349 h=216: loss 7.885 |g| 0.837 validation@300 5.333 (best 5.333)
[03:07:39]     restart 0 step 399 h=216: loss 7.291 |g| 1 validation@300 5.326 (best 5.326)
[03:07:45]     restart 0 step 449 h=216: loss 7.474 |g| 0.562 validation@300 5.322 (best 5.322)
[03:07:58]     restart 0 step 499 h=300: loss 5.420 |g| 0.599 validation@300 5.321 (best 5.321)
[03:08:08]     restart 0 step 549 h=300: loss 5.636 |g| 0.962 validation@300 5.319 (best 5.319)
[03:08:17]     restart 0 step 599 h=300: loss 5.417 |g| 0.556 validation@300 5.316 (best 5.316)
[03:08:20]   est n=64 M=200 seed=2: cost_test 1612.9 gap -31.9 (135s)
[03:08:20] done  est_n64_M200 in 468s: {'n': 64, 'M': 200, 'cost_test': 1618.5159098307292}
[03:08:20] start est_n64_M800
[03:11:21]     policy search: 600 steps x 1 restarts, batch 128, horizons [50, 133, 216, 300], validation loss of the initial policy 1024.687
[03:11:34]     restart 0 step 49 h=50: loss 45.646 |g| 26.9 validation@300 11495.420 (best 1024.687)
[03:11:40]     restart 0 step 99 h=50: loss 33.332 |g| 9.06 validation@300 16472.584 (best 1024.687)
[03:11:47]     restart 0 step 149 h=50: loss 30.627 |g| 5.72 validation@300 890.992 (best 890.992)
[03:12:03]     restart 0 step 199 h=133: loss 11.664 |g| 1.56 validation@300 5.660 (best 5.660)
[03:12:13]     restart 0 step 249 h=133: loss 12.151 |g| 1.28 validation@300 5.636 (best 5.636)
[03:12:22]     restart 0 step 299 h=133: loss 11.739 |g| 1.38 validation@300 5.624 (best 5.624)
[03:12:41]     restart 0 step 349 h=216: loss 7.304 |g| 0.945 validation@300 5.609 (best 5.609)
[03:12:53]     restart 0 step 399 h=216: loss 7.426 |g| 0.809 validation@300 5.603 (best 5.603)
[03:13:06]     restart 0 step 449 h=216: loss 7.057 |g| 0.584 validation@300 5.601 (best 5.601)
[03:13:28]     restart 0 step 499 h=300: loss 5.252 |g| 0.512 validation@300 5.597 (best 5.597)
[03:13:43]     restart 0 step 549 h=300: loss 5.324 |g| 0.687 validation@300 5.598 (best 5.597)
[03:13:59]     restart 0 step 599 h=300: loss 5.577 |g| 0.595 validation@300 5.596 (best 5.596)
[03:14:07]   est n=64 M=800 seed=0: cost_test 1602.2 gap -25.4 (347s)
[03:16:26]     policy search: 600 steps x 1 restarts, batch 128, horizons [50, 133, 216, 300], validation loss of the initial policy 1717.479
[03:16:33]     restart 0 step 49 h=50: loss 48.433 |g| 24.7 validation@300 10864.727 (best 1717.479)
[03:16:35]     restart 0 step 99 h=50: loss 33.856 |g| 9.74 validation@300 17873.137 (best 1717.479)
[03:16:36]     restart 0 step 149 h=50: loss 30.422 |g| 8.25 validation@300 4837.562 (best 1717.479)
[03:16:44]     restart 0 step 199 h=133: loss 11.834 |g| 1.46 validation@300 5.323 (best 5.323)
[03:16:53]     restart 0 step 249 h=133: loss 12.163 |g| 1.33 validation@300 5.298 (best 5.298)
[03:16:56]     restart 0 step 299 h=133: loss 11.819 |g| 1.08 validation@300 5.286 (best 5.286)
[03:17:06]     restart 0 step 349 h=216: loss 7.250 |g| 1.04 validation@300 5.280 (best 5.280)
[03:17:11]     restart 0 step 399 h=216: loss 7.476 |g| 0.649 validation@300 5.270 (best 5.270)
[03:17:16]     restart 0 step 449 h=216: loss 7.480 |g| 0.515 validation@300 5.267 (best 5.267)
[03:17:28]     restart 0 step 499 h=300: loss 5.534 |g| 0.576 validation@300 5.264 (best 5.264)
[03:17:37]     restart 0 step 549 h=300: loss 5.453 |g| 0.441 validation@300 5.264 (best 5.264)
[03:17:45]     restart 0 step 599 h=300: loss 5.356 |g| 0.642 validation@300 5.264 (best 5.264)
[03:17:52]   est n=64 M=800 seed=1: cost_test 1601.6 gap -35.0 (225s)
[03:20:08]     policy search: 600 steps x 1 restarts, batch 128, horizons [50, 133, 216, 300], validation loss of the initial policy 6414.938
[03:20:17]     restart 0 step 49 h=50: loss 49.212 |g| 30 validation@300 10856.359 (best 6414.938)
[03:20:20]     restart 0 step 99 h=50: loss 31.670 |g| 7.78 validation@300 24891.838 (best 6414.938)
[03:20:21]     restart 0 step 149 h=50: loss 34.162 |g| 7.12 validation@300 3382.101 (best 3382.101)
[03:20:33]     restart 0 step 199 h=133: loss 11.869 |g| 1.84 validation@300 5.298 (best 5.298)
[03:20:39]     restart 0 step 249 h=133: loss 12.138 |g| 2.64 validation@300 5.278 (best 5.278)
[03:20:44]     restart 0 step 299 h=133: loss 12.233 |g| 0.959 validation@300 5.261 (best 5.261)
[03:20:58]     restart 0 step 349 h=216: loss 7.414 |g| 0.8 validation@300 5.250 (best 5.250)
[03:21:07]     restart 0 step 399 h=216: loss 7.396 |g| 1.21 validation@300 5.243 (best 5.243)
[03:21:15]     restart 0 step 449 h=216: loss 7.516 |g| 0.775 validation@300 5.239 (best 5.239)
[03:21:26]     restart 0 step 499 h=300: loss 5.368 |g| 0.916 validation@300 5.236 (best 5.236)
[03:21:37]     restart 0 step 549 h=300: loss 5.587 |g| 1.14 validation@300 5.236 (best 5.236)
[03:21:45]     restart 0 step 599 h=300: loss 5.446 |g| 0.58 validation@300 5.236 (best 5.236)
[03:21:51]   est n=64 M=800 seed=2: cost_test 1604.4 gap -33.0 (240s)
[03:21:51] done  est_n64_M800 in 811s: {'n': 64, 'M': 800, 'cost_test': 1602.7067057291667}
[03:21:51] start est_n128_M50
[03:22:16]     policy search: 600 steps x 1 restarts, batch 128, horizons [50, 133, 216, 300], validation loss of the initial policy 3140.123
[03:22:26]     restart 0 step 49 h=50: loss 45.628 |g| 28.9 validation@300 9249.976 (best 3140.123)
[03:22:30]     restart 0 step 99 h=50: loss 33.306 |g| 10.6 validation@300 24629.361 (best 3140.123)
[03:22:35]     restart 0 step 149 h=50: loss 32.074 |g| 7.27 validation@300 15186.511 (best 3140.123)
[03:22:46]     restart 0 step 199 h=133: loss 12.670 |g| 4.2 validation@300 5.482 (best 5.482)
[03:22:53]     restart 0 step 249 h=133: loss 12.433 |g| 2.75 validation@300 5.428 (best 5.428)
[03:23:00]     restart 0 step 299 h=133: loss 11.850 |g| 1.63 validation@300 5.400 (best 5.400)
[03:23:09]     restart 0 step 349 h=216: loss 7.958 |g| 1.7 validation@300 5.389 (best 5.389)
[03:23:14]     restart 0 step 399 h=216: loss 7.462 |g| 1.15 validation@300 5.375 (best 5.375)
[03:23:18]     restart 0 step 449 h=216: loss 7.576 |g| 1.03 validation@300 5.373 (best 5.373)
[03:23:40]     restart 0 step 499 h=300: loss 5.722 |g| 0.618 validation@300 5.369 (best 5.369)
[03:23:56]     restart 0 step 549 h=300: loss 5.438 |g| 0.8 validation@300 5.369 (best 5.369)
[03:24:13]     restart 0 step 599 h=300: loss 5.352 |g| 0.698 validation@300 5.369 (best 5.369)
[03:24:25]   est n=128 M=50 seed=0: cost_test 1638.1 gap -0.3 (153s)
[03:24:44]     policy search: 600 steps x 1 restarts, batch 128, horizons [50, 133, 216, 300], validation loss of the initial policy 1277.198
[03:24:53]     restart 0 step 49 h=50: loss 48.839 |g| 34.8 validation@300 8078.588 (best 1277.198)
[03:24:56]     restart 0 step 99 h=50: loss 35.990 |g| 15.7 validation@300 17964.164 (best 1277.198)
[03:25:00]     restart 0 step 149 h=50: loss 33.660 |g| 8.75 validation@300 12122.052 (best 1277.198)
[03:25:11]     restart 0 step 199 h=133: loss 12.753 |g| 8.2 validation@300 6.258 (best 6.258)
[03:25:18]     restart 0 step 249 h=133: loss 13.077 |g| 6.11 validation@300 6.116 (best 6.116)
[03:25:24]     restart 0 step 299 h=133: loss 12.579 |g| 3.73 validation@300 6.077 (best 6.077)
[03:25:38]     restart 0 step 349 h=216: loss 8.167 |g| 3.36 validation@300 6.043 (best 6.043)
[03:25:48]     restart 0 step 399 h=216: loss 8.132 |g| 2.18 validation@300 6.022 (best 6.022)
[03:25:57]     restart 0 step 449 h=216: loss 8.119 |g| 1.49 validation@300 6.011 (best 6.011)
[03:26:08]     restart 0 step 499 h=300: loss 5.878 |g| 1.35 validation@300 6.007 (best 6.007)
[03:26:14]     restart 0 step 549 h=300: loss 5.685 |g| 1.1 validation@300 6.003 (best 6.003)
[03:26:30]     restart 0 step 599 h=300: loss 5.679 |g| 1.45 validation@300 6.001 (best 6.001)
[03:26:37]   est n=128 M=50 seed=1: cost_test 1668.2 gap -64.4 (133s)
[03:27:02]     policy search: 600 steps x 1 restarts, batch 128, horizons [50, 133, 216, 300], validation loss of the initial policy 3008.647
[03:27:11]     restart 0 step 49 h=50: loss 48.817 |g| 35.3 validation@300 12528.182 (best 3008.647)
[03:27:14]     restart 0 step 99 h=50: loss 37.175 |g| 13.3 validation@300 17742.816 (best 3008.647)
[03:27:16]     restart 0 step 149 h=50: loss 33.430 |g| 9.71 validation@300 9340.864 (best 3008.647)
[03:27:25]     restart 0 step 199 h=133: loss 12.522 |g| 5.34 validation@300 5.803 (best 5.803)
[03:27:29]     restart 0 step 249 h=133: loss 12.336 |g| 3.07 validation@300 5.712 (best 5.712)
[03:27:33]     restart 0 step 299 h=133: loss 12.253 |g| 3.21 validation@300 5.691 (best 5.691)
[03:27:44]     restart 0 step 349 h=216: loss 7.769 |g| 1.42 validation@300 5.664 (best 5.664)
[03:27:51]     restart 0 step 399 h=216: loss 8.065 |g| 1.04 validation@300 5.648 (best 5.648)
[03:27:57]     restart 0 step 449 h=216: loss 7.759 |g| 1.48 validation@300 5.640 (best 5.640)
[03:28:12]     restart 0 step 499 h=300: loss 5.796 |g| 1.29 validation@300 5.633 (best 5.633)
[03:28:21]     restart 0 step 549 h=300: loss 5.726 |g| 0.926 validation@300 5.634 (best 5.633)
[03:28:30]     restart 0 step 599 h=300: loss 5.800 |g| 0.99 validation@300 5.633 (best 5.633)
[03:28:37]   est n=128 M=50 seed=2: cost_test 1648.5 gap 144.7 (120s)
[03:28:37] done  est_n128_M50 in 405s: {'n': 128, 'M': 50, 'cost_test': 1651.5753173828125}
[03:28:37] start est_n128_M200
[03:29:11]     policy search: 600 steps x 1 restarts, batch 128, horizons [50, 133, 216, 300], validation loss of the initial policy 3012.515
[03:29:18]     restart 0 step 49 h=50: loss 47.971 |g| 27.8 validation@300 8606.488 (best 3012.515)
[03:29:23]     restart 0 step 99 h=50: loss 32.576 |g| 12.6 validation@300 24238.867 (best 3012.515)
[03:29:30]     restart 0 step 149 h=50: loss 32.615 |g| 7.75 validation@300 2254.800 (best 2254.800)
[03:29:46]     restart 0 step 199 h=133: loss 12.185 |g| 2.93 validation@300 5.619 (best 5.619)
[03:29:56]     restart 0 step 249 h=133: loss 12.097 |g| 2.4 validation@300 5.570 (best 5.570)
[03:30:06]     restart 0 step 299 h=133: loss 12.330 |g| 1.98 validation@300 5.551 (best 5.551)
[03:30:21]     restart 0 step 349 h=216: loss 7.673 |g| 1.31 validation@300 5.540 (best 5.540)
[03:30:27]     restart 0 step 399 h=216: loss 7.522 |g| 0.892 validation@300 5.531 (best 5.531)
[03:30:31]     restart 0 step 449 h=216: loss 7.588 |g| 1.25 validation@300 5.528 (best 5.528)
[03:30:43]     restart 0 step 499 h=300: loss 5.569 |g| 2.22 validation@300 5.526 (best 5.526)
[03:30:51]     restart 0 step 549 h=300: loss 5.584 |g| 0.597 validation@300 5.524 (best 5.524)
[03:31:00]     restart 0 step 599 h=300: loss 5.403 |g| 0.687 validation@300 5.522 (best 5.522)
[03:31:04]   est n=128 M=200 seed=0: cost_test 1615.9 gap -49.5 (147s)
[03:31:38]     policy search: 600 steps x 1 restarts, batch 128, horizons [50, 133, 216, 300], validation loss of the initial policy 4875.482
[03:31:47]     restart 0 step 49 h=50: loss 47.856 |g| 27.1 validation@300 9459.059 (best 4875.482)
[03:31:52]     restart 0 step 99 h=50: loss 33.273 |g| 15.3 validation@300 17878.941 (best 4875.482)
[03:31:57]     restart 0 step 149 h=50: loss 33.261 |g| 9.02 validation@300 2792.355 (best 2792.355)
[03:32:05]     restart 0 step 199 h=133: loss 12.600 |g| 2.17 validation@300 5.740 (best 5.740)
[03:32:08]     restart 0 step 249 h=133: loss 12.031 |g| 2.23 validation@300 5.714 (best 5.714)
[03:32:11]     restart 0 step 299 h=133: loss 11.768 |g| 2.26 validation@300 5.700 (best 5.700)
[03:32:30]     restart 0 step 349 h=216: loss 7.699 |g| 1.01 validation@300 5.688 (best 5.688)
[03:32:43]     restart 0 step 399 h=216: loss 7.511 |g| 0.998 validation@300 5.686 (best 5.686)
[03:32:56]     restart 0 step 449 h=216: loss 7.753 |g| 1.16 validation@300 5.680 (best 5.680)
[03:33:18]     restart 0 step 499 h=300: loss 5.645 |g| 0.651 validation@300 5.679 (best 5.679)
[03:33:34]     restart 0 step 549 h=300: loss 5.462 |g| 0.567 validation@300 5.678 (best 5.678)
[03:33:51]     restart 0 step 599 h=300: loss 5.403 |g| 0.854 validation@300 5.677 (best 5.677)
[03:33:54]   est n=128 M=200 seed=1: cost_test 1612.9 gap -26.4 (171s)
[03:34:37]     policy search: 600 steps x 1 restarts, batch 128, horizons [50, 133, 216, 300], validation loss of the initial policy 1941.082
[03:34:50]     restart 0 step 49 h=50: loss 45.291 |g| 22.4 validation@300 6668.536 (best 1941.082)
[03:34:57]     restart 0 step 99 h=50: loss 33.496 |g| 9.32 validation@300 19910.424 (best 1941.082)
[03:35:04]     restart 0 step 149 h=50: loss 31.541 |g| 8.75 validation@300 7055.040 (best 1941.082)
[03:35:19]     restart 0 step 199 h=133: loss 12.255 |g| 2.64 validation@300 5.541 (best 5.541)
[03:35:29]     restart 0 step 249 h=133: loss 12.473 |g| 2.43 validation@300 5.502 (best 5.502)
[03:35:39]     restart 0 step 299 h=133: loss 11.909 |g| 2.23 validation@300 5.489 (best 5.489)
[03:35:58]     restart 0 step 349 h=216: loss 7.863 |g| 1.28 validation@300 5.474 (best 5.474)
[03:36:11]     restart 0 step 399 h=216: loss 7.608 |g| 0.988 validation@300 5.468 (best 5.468)
[03:36:24]     restart 0 step 449 h=216: loss 7.328 |g| 0.887 validation@300 5.461 (best 5.461)
[03:36:36]     restart 0 step 499 h=300: loss 5.334 |g| 0.704 validation@300 5.458 (best 5.458)
[03:36:43]     restart 0 step 549 h=300: loss 5.490 |g| 0.543 validation@300 5.458 (best 5.458)
[03:36:50]     restart 0 step 599 h=300: loss 5.416 |g| 1.18 validation@300 5.457 (best 5.457)
[03:36:54]   est n=128 M=200 seed=2: cost_test 1607.1 gap 22.5 (180s)
[03:36:54] done  est_n128_M200 in 497s: {'n': 128, 'M': 200, 'cost_test': 1611.9461263020833}
[03:36:54] start est_n128_M800
[03:39:16]     policy search: 600 steps x 1 restarts, batch 128, horizons [50, 133, 216, 300], validation loss of the initial policy 1077.411
[03:39:28]     restart 0 step 49 h=50: loss 48.675 |g| 24.9 validation@300 12771.502 (best 1077.411)
[03:39:35]     restart 0 step 99 h=50: loss 34.842 |g| 6.64 validation@300 23151.510 (best 1077.411)
[03:39:42]     restart 0 step 149 h=50: loss 30.965 |g| 8.78 validation@300 5988.740 (best 1077.411)
[03:39:58]     restart 0 step 199 h=133: loss 12.092 |g| 2.1 validation@300 5.495 (best 5.495)
[03:40:08]     restart 0 step 249 h=133: loss 11.672 |g| 1.48 validation@300 5.470 (best 5.470)
[03:40:18]     restart 0 step 299 h=133: loss 11.566 |g| 1.21 validation@300 5.452 (best 5.452)
[03:40:37]     restart 0 step 349 h=216: loss 7.292 |g| 0.933 validation@300 5.443 (best 5.443)
[03:40:50]     restart 0 step 399 h=216: loss 7.411 |g| 1.04 validation@300 5.440 (best 5.440)
[03:41:03]     restart 0 step 449 h=216: loss 7.531 |g| 0.848 validation@300 5.434 (best 5.434)
[03:41:25]     restart 0 step 499 h=300: loss 5.357 |g| 3.62 validation@300 5.433 (best 5.433)
[03:41:41]     restart 0 step 549 h=300: loss 5.417 |g| 0.674 validation@300 5.431 (best 5.431)
[03:41:57]     restart 0 step 599 h=300: loss 5.449 |g| 0.699 validation@300 5.432 (best 5.431)
[03:42:07]   est n=128 M=800 seed=0: cost_test 1594.7 gap -7.7 (313s)
[03:44:50]     policy search: 600 steps x 1 restarts, batch 128, horizons [50, 133, 216, 300], validation loss of the initial policy 4338.256
[03:44:59]     restart 0 step 49 h=50: loss 46.124 |g| 31.3 validation@300 5965.843 (best 4338.256)
[03:45:04]     restart 0 step 99 h=50: loss 32.141 |g| 6.55 validation@300 24138.312 (best 4338.256)
[03:45:07]     restart 0 step 149 h=50: loss 31.804 |g| 8.78 validation@300 10529.592 (best 4338.256)
[03:45:18]     restart 0 step 199 h=133: loss 12.793 |g| 2.56 validation@300 5.779 (best 5.779)
[03:45:25]     restart 0 step 249 h=133: loss 11.753 |g| 1.32 validation@300 5.750 (best 5.750)
[03:45:32]     restart 0 step 299 h=133: loss 11.772 |g| 2.06 validation@300 5.737 (best 5.737)
[03:45:42]     restart 0 step 349 h=216: loss 7.194 |g| 0.99 validation@300 5.728 (best 5.728)
[03:45:47]     restart 0 step 399 h=216: loss 7.682 |g| 0.981 validation@300 5.723 (best 5.723)
[03:45:52]     restart 0 step 449 h=216: loss 7.376 |g| 0.765 validation@300 5.718 (best 5.718)
[03:46:14]     restart 0 step 499 h=300: loss 5.361 |g| 0.491 validation@300 5.718 (best 5.718)
[03:46:30]     restart 0 step 549 h=300: loss 5.386 |g| 0.415 validation@300 5.717 (best 5.717)
[03:46:47]     restart 0 step 599 h=300: loss 5.208 |g| 0.631 validation@300 5.717 (best 5.717)
[03:46:54]   est n=128 M=800 seed=1: cost_test 1595.5 gap -30.7 (287s)
[03:50:25]     policy search: 600 steps x 1 restarts, batch 128, horizons [50, 133, 216, 300], validation loss of the initial policy 1586.877
[03:50:38]     restart 0 step 49 h=50: loss 47.175 |g| 30.4 validation@300 24923.055 (best 1586.877)
[03:50:45]     restart 0 step 99 h=50: loss 33.994 |g| 7.52 validation@300 36508.707 (best 1586.877)
[03:50:52]     restart 0 step 149 h=50: loss 31.133 |g| 3.9 validation@300 10534.380 (best 1586.877)
[03:51:02]     restart 0 step 199 h=133: loss 11.972 |g| 1.37 validation@300 5.473 (best 5.473)
[03:51:06]     restart 0 step 249 h=133: loss 11.900 |g| 1.79 validation@300 5.432 (best 5.432)
[03:51:09]     restart 0 step 299 h=133: loss 11.890 |g| 1.74 validation@300 5.416 (best 5.416)
[03:51:20]     restart 0 step 349 h=216: loss 7.567 |g| 0.748 validation@300 5.401 (best 5.401)
[03:51:24]     restart 0 step 399 h=216: loss 7.330 |g| 1.04 validation@300 5.391 (best 5.391)
[03:51:31]     restart 0 step 449 h=216: loss 7.620 |g| 0.685 validation@300 5.387 (best 5.387)
[03:51:43]     restart 0 step 499 h=300: loss 5.249 |g| 1.05 validation@300 5.385 (best 5.385)
[03:51:52]     restart 0 step 549 h=300: loss 5.471 |g| 1.14 validation@300 5.383 (best 5.383)
[03:52:02]     restart 0 step 599 h=300: loss 5.545 |g| 0.766 validation@300 5.382 (best 5.382)
[03:52:08]   est n=128 M=800 seed=2: cost_test 1596.6 gap -35.7 (314s)
[03:52:08] done  est_n128_M800 in 914s: {'n': 128, 'M': 800, 'cost_test': 1595.5956217447917}
[03:52:08] start est_n256_M50
[03:52:35]     policy search: 600 steps x 1 restarts, batch 128, horizons [50, 133, 216, 300], validation loss of the initial policy 2455.519
[03:52:43]     restart 0 step 49 h=50: loss 46.549 |g| 33.1 validation@300 9110.176 (best 2455.519)
[03:52:44]     restart 0 step 99 h=50: loss 35.901 |g| 8.49 validation@300 15382.259 (best 2455.519)
[03:52:46]     restart 0 step 149 h=50: loss 33.172 |g| 6.15 validation@300 7524.132 (best 2455.519)
[03:52:56]     restart 0 step 199 h=133: loss 12.395 |g| 3.54 validation@300 5.551 (best 5.551)
[03:53:00]     restart 0 step 249 h=133: loss 12.618 |g| 1.68 validation@300 5.505 (best 5.505)
[03:53:05]     restart 0 step 299 h=133: loss 11.872 |g| 1.81 validation@300 5.483 (best 5.483)
[03:53:15]     restart 0 step 349 h=216: loss 7.695 |g| 1.32 validation@300 5.467 (best 5.467)
[03:53:21]     restart 0 step 399 h=216: loss 7.583 |g| 1.92 validation@300 5.457 (best 5.457)
[03:53:27]     restart 0 step 449 h=216: loss 8.032 |g| 0.994 validation@300 5.447 (best 5.447)
[03:53:42]     restart 0 step 499 h=300: loss 5.432 |g| 1.36 validation@300 5.445 (best 5.445)
[03:53:51]     restart 0 step 549 h=300: loss 5.755 |g| 1.24 validation@300 5.442 (best 5.442)
[03:53:58]     restart 0 step 599 h=300: loss 5.509 |g| 1.51 validation@300 5.441 (best 5.441)
[03:54:07]   est n=256 M=50 seed=0: cost_test 1632.5 gap 18.8 (119s)
[03:54:26]     policy search: 600 steps x 1 restarts, batch 128, horizons [50, 133, 216, 300], validation loss of the initial policy 6910.254
[03:54:36]     restart 0 step 49 h=50: loss 49.341 |g| 33.7 validation@300 8959.937 (best 6910.254)
[03:54:39]     restart 0 step 99 h=50: loss 34.842 |g| 9.63 validation@300 29919.854 (best 6910.254)
[03:54:41]     restart 0 step 149 h=50: loss 33.366 |g| 8.09 validation@300 10330.868 (best 6910.254)
[03:54:50]     restart 0 step 199 h=133: loss 12.557 |g| 4.62 validation@300 5.713 (best 5.713)
[03:54:53]     restart 0 step 249 h=133: loss 12.158 |g| 2.98 validation@300 5.613 (best 5.613)
[03:55:02]     restart 0 step 299 h=133: loss 12.625 |g| 3.18 validation@300 5.572 (best 5.572)
[03:55:12]     restart 0 step 349 h=216: loss 7.752 |g| 1.75 validation@300 5.543 (best 5.543)
[03:55:17]     restart 0 step 399 h=216: loss 7.863 |g| 1.63 validation@300 5.531 (best 5.531)
[03:55:23]     restart 0 step 449 h=216: loss 7.954 |g| 1.3 validation@300 5.528 (best 5.528)
[03:55:36]     restart 0 step 499 h=300: loss 5.859 |g| 1 validation@300 5.523 (best 5.523)
[03:55:46]     restart 0 step 549 h=300: loss 5.788 |g| 0.671 validation@300 5.521 (best 5.521)
[03:55:54]     restart 0 step 599 h=300: loss 5.718 |g| 0.775 validation@300 5.518 (best 5.518)
[03:56:00]   est n=256 M=50 seed=1: cost_test 1646.2 gap -28.4 (113s)
[03:56:20]     policy search: 600 steps x 1 restarts, batch 128, horizons [50, 133, 216, 300], validation loss of the initial policy 901.134
[03:56:31]     restart 0 step 49 h=50: loss 46.549 |g| 24.7 validation@300 12610.852 (best 901.134)
[03:56:36]     restart 0 step 99 h=50: loss 33.451 |g| 10.5 validation@300 26466.150 (best 901.134)
[03:56:38]     restart 0 step 149 h=50: loss 33.425 |g| 12.5 validation@300 15224.674 (best 901.134)
[03:56:46]     restart 0 step 199 h=133: loss 12.703 |g| 4.41 validation@300 6.032 (best 6.032)
[03:56:50]     restart 0 step 249 h=133: loss 12.369 |g| 2.97 validation@300 5.962 (best 5.962)
[03:56:57]     restart 0 step 299 h=133: loss 12.337 |g| 3 validation@300 5.942 (best 5.942)
[03:57:08]     restart 0 step 349 h=216: loss 8.085 |g| 1.94 validation@300 5.916 (best 5.916)
[03:57:12]     restart 0 step 399 h=216: loss 7.847 |g| 1.01 validation@300 5.906 (best 5.906)
[03:57:18]     restart 0 step 449 h=216: loss 7.513 |g| 1.55 validation@300 5.902 (best 5.902)
[03:57:31]     restart 0 step 499 h=300: loss 5.725 |g| 1.21 validation@300 5.899 (best 5.899)
[03:57:41]     restart 0 step 549 h=300: loss 5.602 |g| 0.939 validation@300 5.897 (best 5.897)
[03:57:49]     restart 0 step 599 h=300: loss 5.635 |g| 0.958 validation@300 5.894 (best 5.894)
[03:57:56]   est n=256 M=50 seed=2: cost_test 1645.3 gap 62.7 (116s)
[03:57:56] done  est_n256_M50 in 348s: {'n': 256, 'M': 50, 'cost_test': 1641.3092041015625}
[03:57:56] start est_n256_M200
[03:58:27]     policy search: 600 steps x 1 restarts, batch 128, horizons [50, 133, 216, 300], validation loss of the initial policy 3963.221
[03:58:36]     restart 0 step 49 h=50: loss 48.277 |g| 24.7 validation@300 21336.756 (best 3963.221)
[03:58:38]     restart 0 step 99 h=50: loss 33.344 |g| 8.15 validation@300 18963.498 (best 3963.221)
[03:58:40]     restart 0 step 149 h=50: loss 30.931 |g| 4.01 validation@300 7019.039 (best 3963.221)
[03:58:48]     restart 0 step 199 h=133: loss 11.932 |g| 2.27 validation@300 5.668 (best 5.668)
[03:58:52]     restart 0 step 249 h=133: loss 12.848 |g| 2.16 validation@300 5.629 (best 5.629)
[03:59:02]     restart 0 step 299 h=133: loss 11.857 |g| 1.77 validation@300 5.613 (best 5.613)
[03:59:21]     restart 0 step 349 h=216: loss 7.739 |g| 1.38 validation@300 5.591 (best 5.591)
[03:59:35]     restart 0 step 399 h=216: loss 7.645 |g| 0.943 validation@300 5.585 (best 5.585)
[03:59:49]     restart 0 step 449 h=216: loss 7.498 |g| 0.904 validation@300 5.576 (best 5.576)
[04:00:03]     restart 0 step 499 h=300: loss 5.441 |g| 0.87 validation@300 5.570 (best 5.570)
[04:00:09]     restart 0 step 549 h=300: loss 5.301 |g| 0.759 validation@300 5.569 (best 5.569)
[04:00:17]     restart 0 step 599 h=300: loss 5.443 |g| 0.632 validation@300 5.568 (best 5.568)
[04:00:20]   est n=256 M=200 seed=0: cost_test 1615.2 gap -35.9 (144s)
[04:00:52]     policy search: 600 steps x 1 restarts, batch 128, horizons [50, 133, 216, 300], validation loss of the initial policy 4607.032
[04:01:02]     restart 0 step 49 h=50: loss 48.796 |g| 27.2 validation@300 13931.590 (best 4607.032)
[04:01:05]     restart 0 step 99 h=50: loss 32.665 |g| 10.1 validation@300 31046.168 (best 4607.032)
[04:01:07]     restart 0 step 149 h=50: loss 32.554 |g| 4.89 validation@300 2249.967 (best 2249.967)
[04:01:19]     restart 0 step 199 h=133: loss 12.467 |g| 2.96 validation@300 5.510 (best 5.510)
[04:01:26]     restart 0 step 249 h=133: loss 12.027 |g| 2.02 validation@300 5.466 (best 5.466)
[04:01:33]     restart 0 step 299 h=133: loss 12.199 |g| 1.55 validation@300 5.452 (best 5.452)
[04:01:43]     restart 0 step 349 h=216: loss 7.672 |g| 1.13 validation@300 5.439 (best 5.439)
[04:01:47]     restart 0 step 399 h=216: loss 7.486 |g| 0.987 validation@300 5.430 (best 5.430)
[04:01:54]     restart 0 step 449 h=216: loss 7.578 |g| 0.869 validation@300 5.425 (best 5.425)
[04:02:17]     restart 0 step 499 h=300: loss 5.530 |g| 0.618 validation@300 5.422 (best 5.422)
[04:02:34]     restart 0 step 549 h=300: loss 5.256 |g| 0.768 validation@300 5.422 (best 5.422)
[04:02:51]     restart 0 step 599 h=300: loss 5.629 |g| 1.33 validation@300 5.421 (best 5.421)
[04:02:55]   est n=256 M=200 seed=1: cost_test 1612.8 gap -79.8 (155s)
[04:03:23]     policy search: 600 steps x 1 restarts, batch 128, horizons [50, 133, 216, 300], validation loss of the initial policy 1122.238
[04:03:32]     restart 0 step 49 h=50: loss 47.462 |g| 27.4 validation@300 17935.969 (best 1122.238)
[04:03:36]     restart 0 step 99 h=50: loss 33.541 |g| 17.1 validation@300 23164.977 (best 1122.238)
[04:03:38]     restart 0 step 149 h=50: loss 32.885 |g| 11.1 validation@300 2056.008 (best 1122.238)
[04:03:50]     restart 0 step 199 h=133: loss 11.994 |g| 2.69 validation@300 5.516 (best 5.516)
[04:03:56]     restart 0 step 249 h=133: loss 11.658 |g| 2.07 validation@300 5.494 (best 5.494)
[04:04:02]     restart 0 step 299 h=133: loss 12.540 |g| 1.54 validation@300 5.485 (best 5.485)
[04:04:17]     restart 0 step 349 h=216: loss 7.981 |g| 1.18 validation@300 5.476 (best 5.476)
[04:04:27]     restart 0 step 399 h=216: loss 7.802 |g| 0.502 validation@300 5.470 (best 5.470)
[04:04:36]     restart 0 step 449 h=216: loss 7.855 |g| 0.944 validation@300 5.468 (best 5.468)
[04:04:47]     restart 0 step 499 h=300: loss 5.461 |g| 1.4 validation@300 5.467 (best 5.467)
[04:04:59]     restart 0 step 549 h=300: loss 5.739 |g| 0.941 validation@300 5.465 (best 5.465)
[04:05:15]     restart 0 step 599 h=300: loss 5.576 |g| 0.771 validation@300 5.464 (best 5.464)
[04:05:19]   est n=256 M=200 seed=2: cost_test 1608.5 gap -107.4 (144s)
[04:05:19] done  est_n256_M200 in 443s: {'n': 256, 'M': 200, 'cost_test': 1612.16748046875}
[04:05:19] start est_n256_M800
[04:07:45]     policy search: 600 steps x 1 restarts, batch 128, horizons [50, 133, 216, 300], validation loss of the initial policy 7733.568
[04:07:53]     restart 0 step 49 h=50: loss 50.071 |g| 34.3 validation@300 7686.098 (best 7686.098)
[04:07:57]     restart 0 step 99 h=50: loss 33.170 |g| 9.75 validation@300 20259.264 (best 7686.098)
[04:08:02]     restart 0 step 149 h=50: loss 31.480 |g| 7.17 validation@300 2043.522 (best 2043.522)
[04:08:14]     restart 0 step 199 h=133: loss 12.556 |g| 2.34 validation@300 5.617 (best 5.617)
[04:08:18]     restart 0 step 249 h=133: loss 11.897 |g| 2.62 validation@300 5.577 (best 5.577)
[04:08:21]     restart 0 step 299 h=133: loss 11.980 |g| 0.998 validation@300 5.559 (best 5.559)
[04:08:33]     restart 0 step 349 h=216: loss 7.357 |g| 0.732 validation@300 5.544 (best 5.544)
[04:08:46]     restart 0 step 399 h=216: loss 7.533 |g| 1.21 validation@300 5.539 (best 5.539)
[04:08:59]     restart 0 step 449 h=216: loss 7.564 |g| 0.644 validation@300 5.536 (best 5.536)
[04:09:22]     restart 0 step 499 h=300: loss 5.354 |g| 1.08 validation@300 5.532 (best 5.532)
[04:09:39]     restart 0 step 549 h=300: loss 5.324 |g| 0.941 validation@300 5.532 (best 5.532)
[04:09:56]     restart 0 step 599 h=300: loss 5.320 |g| 0.595 validation@300 5.531 (best 5.531)
[04:10:06]   est n=256 M=800 seed=0: cost_test 1586.4 gap -38.4 (287s)
[04:13:38]     policy search: 600 steps x 1 restarts, batch 128, horizons [50, 133, 216, 300], validation loss of the initial policy 9986.884
[04:13:47]     restart 0 step 49 h=50: loss 46.899 |g| 30.4 validation@300 9830.327 (best 9830.327)
[04:13:49]     restart 0 step 99 h=50: loss 33.098 |g| 9.52 validation@300 24443.477 (best 9830.327)
[04:13:51]     restart 0 step 149 h=50: loss 33.216 |g| 9.31 validation@300 1432.259 (best 1432.259)
[04:14:01]     restart 0 step 199 h=133: loss 11.761 |g| 2.06 validation@300 5.485 (best 5.485)
[04:14:05]     restart 0 step 249 h=133: loss 12.326 |g| 1.31 validation@300 5.455 (best 5.455)
[04:14:09]     restart 0 step 299 h=133: loss 11.605 |g| 1.77 validation@300 5.439 (best 5.439)
[04:14:20]     restart 0 step 349 h=216: loss 7.577 |g| 1.17 validation@300 5.428 (best 5.428)
[04:14:27]     restart 0 step 399 h=216: loss 7.550 |g| 0.686 validation@300 5.420 (best 5.420)
[04:14:34]     restart 0 step 449 h=216: loss 7.791 |g| 0.708 validation@300 5.417 (best 5.417)
[04:14:49]     restart 0 step 499 h=300: loss 5.574 |g| 1.16 validation@300 5.417 (best 5.417)
[04:14:59]     restart 0 step 549 h=300: loss 5.320 |g| 0.727 validation@300 5.415 (best 5.415)
[04:15:08]     restart 0 step 599 h=300: loss 5.192 |g| 0.589 validation@300 5.414 (best 5.414)
[04:15:15]   est n=256 M=800 seed=1: cost_test 1588.9 gap -33.4 (309s)
[04:18:17]     policy search: 600 steps x 1 restarts, batch 128, horizons [50, 133, 216, 300], validation loss of the initial policy 1186.390
[04:18:30]     restart 0 step 49 h=50: loss 48.587 |g| 20.8 validation@300 16338.857 (best 1186.390)
[04:18:37]     restart 0 step 99 h=50: loss 33.746 |g| 11.3 validation@300 18929.477 (best 1186.390)
[04:18:44]     restart 0 step 149 h=50: loss 33.265 |g| 6.66 validation@300 1316.198 (best 1186.390)
[04:19:00]     restart 0 step 199 h=133: loss 12.879 |g| 1.41 validation@300 5.458 (best 5.458)
[04:19:10]     restart 0 step 249 h=133: loss 12.287 |g| 2.49 validation@300 5.414 (best 5.414)
[04:19:20]     restart 0 step 299 h=133: loss 12.433 |g| 1.98 validation@300 5.397 (best 5.397)
[04:19:39]     restart 0 step 349 h=216: loss 7.351 |g| 0.709 validation@300 5.387 (best 5.387)
[04:19:53]     restart 0 step 399 h=216: loss 7.555 |g| 0.703 validation@300 5.381 (best 5.381)
[04:20:06]     restart 0 step 449 h=216: loss 7.285 |g| 0.724 validation@300 5.379 (best 5.379)
[04:20:29]     restart 0 step 499 h=300: loss 5.348 |g| 0.509 validation@300 5.377 (best 5.377)
[04:20:45]     restart 0 step 549 h=300: loss 5.217 |g| 0.66 validation@300 5.377 (best 5.377)
[04:20:59]     restart 0 step 599 h=300: loss 5.265 |g| 0.627 validation@300 5.376 (best 5.376)
[04:21:06]   est n=256 M=800 seed=2: cost_test 1587.5 gap -45.6 (351s)
[04:21:06] done  est_n256_M800 in 947s: {'n': 256, 'M': 800, 'cost_test': 1587.6072998046875}
[04:21:06] finished, 0 failed
