[01:29:57] E2: 18 units on {'jax': '0.10.2', 'backend': 'gpu', 'device': 'cuda:0', 'n_devices': 1}
[01:29:57] start est_n8_M100
[01:30:39]     policy search: 600 steps x 1 restarts, batch 128, horizons [50, 133, 216, 300], validation loss of the initial policy 3069.383
[01:30:48]     restart 0 step 49 h=50: loss 48.247 |g| 21.5 validation@300 8108.886 (best 3069.383)
[01:30:50]     restart 0 step 99 h=50: loss 33.416 |g| 6.53 validation@300 24938.812 (best 3069.383)
[01:30:51]     restart 0 step 149 h=50: loss 30.108 |g| 6.22 validation@300 10227.586 (best 3069.383)
[01:31:01]     restart 0 step 199 h=133: loss 12.322 |g| 3.1 validation@300 6.705 (best 6.705)
[01:31:06]     restart 0 step 249 h=133: loss 12.695 |g| 3.3 validation@300 5.675 (best 5.675)
[01:31:10]     restart 0 step 299 h=133: loss 11.767 |g| 2.44 validation@300 5.654 (best 5.654)
[01:31:22]     restart 0 step 349 h=216: loss 7.536 |g| 0.658 validation@300 5.624 (best 5.624)
[01:31:29]     restart 0 step 399 h=216: loss 7.568 |g| 1.03 validation@300 5.611 (best 5.611)
[01:31:35]     restart 0 step 449 h=216: loss 7.995 |g| 0.957 validation@300 5.604 (best 5.604)
[01:31:50]     restart 0 step 499 h=300: loss 5.530 |g| 0.92 validation@300 5.601 (best 5.601)
[01:32:00]     restart 0 step 549 h=300: loss 5.571 |g| 0.57 validation@300 5.598 (best 5.598)
[01:32:08]     restart 0 step 599 h=300: loss 5.438 |g| 0.802 validation@300 5.596 (best 5.596)
[01:32:19]   est n=8 M=100 seed=0: cost_test 1624.6 gap -32.3 (142s)
[01:32:40]     policy search: 600 steps x 1 restarts, batch 128, horizons [50, 133, 216, 300], validation loss of the initial policy 885.433
[01:32:47]     restart 0 step 49 h=50: loss 46.813 |g| 21.2 validation@300 12158.492 (best 885.433)
[01:32:48]     restart 0 step 99 h=50: loss 33.632 |g| 11.1 validation@300 17526.580 (best 885.433)
[01:32:50]     restart 0 step 149 h=50: loss 32.696 |g| 4.11 validation@300 14440.712 (best 885.433)
[01:33:00]     restart 0 step 199 h=133: loss 12.346 |g| 1.89 validation@300 5.952 (best 5.952)
[01:33:03]     restart 0 step 249 h=133: loss 12.107 |g| 2.35 validation@300 5.884 (best 5.884)
[01:33:06]     restart 0 step 299 h=133: loss 12.161 |g| 2.5 validation@300 5.858 (best 5.858)
[01:33:19]     restart 0 step 349 h=216: loss 7.673 |g| 1.06 validation@300 5.825 (best 5.825)
[01:33:25]     restart 0 step 399 h=216: loss 7.491 |g| 1.57 validation@300 5.807 (best 5.807)
[01:33:30]     restart 0 step 449 h=216: loss 7.709 |g| 0.914 validation@300 5.795 (best 5.795)
[01:33:45]     restart 0 step 499 h=300: loss 5.706 |g| 0.82 validation@300 5.787 (best 5.787)
[01:33:55]     restart 0 step 549 h=300: loss 5.509 |g| 0.775 validation@300 5.785 (best 5.785)
[01:34:01]     restart 0 step 599 h=300: loss 5.518 |g| 0.503 validation@300 5.780 (best 5.780)
[01:34:07]   est n=8 M=100 seed=1: cost_test 1649.1 gap -36.3 (109s)
[01:34:28]     policy search: 600 steps x 1 restarts, batch 128, horizons [50, 133, 216, 300], validation loss of the initial policy 3609.006
[01:34:34]     restart 0 step 49 h=50: loss 45.629 |g| 24.5 validation@300 8395.434 (best 3609.006)
[01:34:37]     restart 0 step 99 h=50: loss 33.691 |g| 7.96 validation@300 18916.424 (best 3609.006)
[01:34:41]     restart 0 step 149 h=50: loss 32.692 |g| 7.59 validation@300 20323.994 (best 3609.006)
[01:34:49]     restart 0 step 199 h=133: loss 12.508 |g| 1.92 validation@300 5.629 (best 5.629)
[01:34:53]     restart 0 step 249 h=133: loss 12.827 |g| 3.23 validation@300 5.552 (best 5.552)
[01:34:59]     restart 0 step 299 h=133: loss 12.603 |g| 3.09 validation@300 5.527 (best 5.527)
[01:35:10]     restart 0 step 349 h=216: loss 7.849 |g| 1.39 validation@300 5.467 (best 5.467)
[01:35:16]     restart 0 step 399 h=216: loss 7.968 |g| 1.45 validation@300 5.443 (best 5.443)
[01:35:24]     restart 0 step 449 h=216: loss 7.772 |g| 1.05 validation@300 5.426 (best 5.426)
[01:35:38]     restart 0 step 499 h=300: loss 5.479 |g| 0.968 validation@300 5.419 (best 5.419)
[01:35:44]     restart 0 step 549 h=300: loss 5.765 |g| 0.654 validation@300 5.413 (best 5.413)
[01:35:49]     restart 0 step 599 h=300: loss 5.896 |g| 0.601 validation@300 5.410 (best 5.410)
[01:35:56]   est n=8 M=100 seed=2: cost_test 1672.4 gap -10.8 (109s)
[01:35:56] done  est_n8_M100 in 359s: {'n': 8, 'M': 100, 'cost_test': 1648.6860758463542}
[01:35:56] start est_n8_M400
[01:37:17]     policy search: 600 steps x 1 restarts, batch 128, horizons [50, 133, 216, 300], validation loss of the initial policy 3957.442
[01:37:27]     restart 0 step 49 h=50: loss 46.735 |g| 24.3 validation@300 17261.898 (best 3957.442)
[01:37:30]     restart 0 step 99 h=50: loss 32.513 |g| 6.12 validation@300 11117.740 (best 3957.442)
[01:37:31]     restart 0 step 149 h=50: loss 32.028 |g| 6.5 validation@300 12837.291 (best 3957.442)
[01:37:43]     restart 0 step 199 h=133: loss 12.220 |g| 2.76 validation@300 5.743 (best 5.743)
[01:37:49]     restart 0 step 249 h=133: loss 11.981 |g| 1.62 validation@300 5.703 (best 5.703)
[01:37:55]     restart 0 step 299 h=133: loss 11.941 |g| 2.4 validation@300 5.692 (best 5.692)
[01:38:05]     restart 0 step 349 h=216: loss 7.365 |g| 0.674 validation@300 5.667 (best 5.667)
[01:38:10]     restart 0 step 399 h=216: loss 7.680 |g| 1.41 validation@300 5.659 (best 5.659)
[01:38:22]     restart 0 step 449 h=216: loss 7.381 |g| 0.745 validation@300 5.652 (best 5.652)
[01:38:33]     restart 0 step 499 h=300: loss 5.486 |g| 0.618 validation@300 5.650 (best 5.650)
[01:38:39]     restart 0 step 549 h=300: loss 5.633 |g| 0.656 validation@300 5.649 (best 5.649)
[01:38:46]     restart 0 step 599 h=300: loss 5.613 |g| 0.672 validation@300 5.646 (best 5.646)
[01:38:53]   est n=8 M=400 seed=0: cost_test 1624.5 gap -62.1 (177s)
[01:40:14]     policy search: 600 steps x 1 restarts, batch 128, horizons [50, 133, 216, 300], validation loss of the initial policy 2933.396
[01:40:21]     restart 0 step 49 h=50: loss 48.757 |g| 27.7 validation@300 13601.215 (best 2933.396)
[01:40:22]     restart 0 step 99 h=50: loss 33.196 |g| 4.72 validation@300 19500.766 (best 2933.396)
[01:40:24]     restart 0 step 149 h=50: loss 32.569 |g| 9.2 validation@300 4746.229 (best 2933.396)
[01:40:37]     restart 0 step 199 h=133: loss 11.946 |g| 1.58 validation@300 5.743 (best 5.743)
[01:40:45]     restart 0 step 249 h=133: loss 12.459 |g| 1.77 validation@300 5.707 (best 5.707)
[01:40:49]     restart 0 step 299 h=133: loss 12.214 |g| 4.97 validation@300 5.685 (best 5.685)
[01:40:58]     restart 0 step 349 h=216: loss 7.751 |g| 0.971 validation@300 5.656 (best 5.656)
[01:41:03]     restart 0 step 399 h=216: loss 7.736 |g| 0.81 validation@300 5.642 (best 5.642)
[01:41:08]     restart 0 step 449 h=216: loss 7.730 |g| 1.32 validation@300 5.631 (best 5.631)
[01:41:22]     restart 0 step 499 h=300: loss 5.560 |g| 0.66 validation@300 5.627 (best 5.627)
[01:41:30]     restart 0 step 549 h=300: loss 5.677 |g| 0.837 validation@300 5.624 (best 5.624)
[01:41:37]     restart 0 step 599 h=300: loss 5.621 |g| 0.775 validation@300 5.623 (best 5.623)
[01:41:43]   est n=8 M=400 seed=1: cost_test 1641.4 gap -29.0 (170s)
[01:43:02]     policy search: 600 steps x 1 restarts, batch 128, horizons [50, 133, 216, 300], validation loss of the initial policy 1683.066
[01:43:14]     restart 0 step 49 h=50: loss 48.042 |g| 26.4 validation@300 11900.882 (best 1683.066)
[01:43:21]     restart 0 step 99 h=50: loss 34.058 |g| 8.75 validation@300 39937.148 (best 1683.066)
[01:43:28]     restart 0 step 149 h=50: loss 30.140 |g| 5.86 validation@300 20635.996 (best 1683.066)
[01:43:43]     restart 0 step 199 h=133: loss 12.286 |g| 2.13 validation@300 5.653 (best 5.653)
[01:43:53]     restart 0 step 249 h=133: loss 12.172 |g| 4.45 validation@300 5.602 (best 5.602)
[01:44:02]     restart 0 step 299 h=133: loss 11.822 |g| 0.966 validation@300 5.565 (best 5.565)
[01:44:20]     restart 0 step 349 h=216: loss 7.756 |g| 0.998 validation@300 5.525 (best 5.525)
[01:44:33]     restart 0 step 399 h=216: loss 7.403 |g| 0.924 validation@300 5.509 (best 5.509)
[01:44:45]     restart 0 step 449 h=216: loss 7.965 |g| 1.26 validation@300 5.491 (best 5.491)
[01:45:02]     restart 0 step 499 h=300: loss 5.873 |g| 0.549 validation@300 5.483 (best 5.483)
[01:45:09]     restart 0 step 549 h=300: loss 5.655 |g| 0.701 validation@300 5.477 (best 5.477)
[01:45:15]     restart 0 step 599 h=300: loss 5.546 |g| 0.714 validation@300 5.474 (best 5.474)
[01:45:21]   est n=8 M=400 seed=2: cost_test 1644.3 gap -84.9 (218s)
[01:45:21] done  est_n8_M400 in 565s: {'n': 8, 'M': 400, 'cost_test': 1636.7082926432292}
[01:45:21] start est_n8_M1600
[01:51:01]     policy search: 600 steps x 1 restarts, batch 128, horizons [50, 133, 216, 300], validation loss of the initial policy 5394.784
[01:51:10]     restart 0 step 49 h=50: loss 45.556 |g| 26.1 validation@300 6358.823 (best 5394.784)
[01:51:13]     restart 0 step 99 h=50: loss 34.425 |g| 6.15 validation@300 9473.719 (best 5394.784)
[01:51:17]     restart 0 step 149 h=50: loss 32.187 |g| 5.04 validation@300 868.408 (best 868.408)
[01:51:28]     restart 0 step 199 h=133: loss 12.463 |g| 2.69 validation@300 5.697 (best 5.697)
[01:51:34]     restart 0 step 249 h=133: loss 12.664 |g| 2.84 validation@300 5.681 (best 5.681)
[01:51:40]     restart 0 step 299 h=133: loss 12.253 |g| 1.52 validation@300 5.667 (best 5.667)
[01:51:52]     restart 0 step 349 h=216: loss 7.681 |g| 1.25 validation@300 5.651 (best 5.651)
[01:52:01]     restart 0 step 399 h=216: loss 7.723 |g| 1.36 validation@300 5.640 (best 5.640)
[01:52:10]     restart 0 step 449 h=216: loss 7.710 |g| 1.15 validation@300 5.635 (best 5.635)
[01:52:21]     restart 0 step 499 h=300: loss 5.695 |g| 0.731 validation@300 5.631 (best 5.631)
[01:52:26]     restart 0 step 549 h=300: loss 5.577 |g| 0.745 validation@300 5.629 (best 5.629)
[01:52:41]     restart 0 step 599 h=300: loss 5.751 |g| 0.549 validation@300 5.628 (best 5.628)
[01:52:51]   est n=8 M=1600 seed=0: cost_test 1632.1 gap -27.8 (450s)
[01:57:59]     policy search: 600 steps x 1 restarts, batch 128, horizons [50, 133, 216, 300], validation loss of the initial policy 1068.953
[01:58:06]     restart 0 step 49 h=50: loss 45.765 |g| 23.4 validation@300 13736.271 (best 1068.953)
[01:58:08]     restart 0 step 99 h=50: loss 33.138 |g| 5.68 validation@300 11830.358 (best 1068.953)
[01:58:12]     restart 0 step 149 h=50: loss 33.536 |g| 4.92 validation@300 11042.344 (best 1068.953)
[01:58:20]     restart 0 step 199 h=133: loss 12.824 |g| 1.61 validation@300 5.777 (best 5.777)
[01:58:23]     restart 0 step 249 h=133: loss 12.749 |g| 1.41 validation@300 5.757 (best 5.757)
[01:58:26]     restart 0 step 299 h=133: loss 12.202 |g| 1.11 validation@300 5.749 (best 5.749)
[01:58:36]     restart 0 step 349 h=216: loss 7.392 |g| 1.04 validation@300 5.738 (best 5.738)
[01:58:41]     restart 0 step 399 h=216: loss 7.881 |g| 1.05 validation@300 5.727 (best 5.727)
[01:58:47]     restart 0 step 449 h=216: loss 7.443 |g| 0.516 validation@300 5.721 (best 5.721)
[01:58:59]     restart 0 step 499 h=300: loss 5.555 |g| 0.883 validation@300 5.719 (best 5.719)
[01:59:08]     restart 0 step 549 h=300: loss 5.382 |g| 0.748 validation@300 5.716 (best 5.716)
[01:59:16]     restart 0 step 599 h=300: loss 5.658 |g| 0.718 validation@300 5.715 (best 5.715)
[01:59:23]   est n=8 M=1600 seed=1: cost_test 1628.0 gap -32.3 (392s)
[02:03:38]     policy search: 600 steps x 1 restarts, batch 128, horizons [50, 133, 216, 300], validation loss of the initial policy 1745.416
[02:03:45]     restart 0 step 49 h=50: loss 46.487 |g| 29.7 validation@300 13960.940 (best 1745.416)
[02:03:47]     restart 0 step 99 h=50: loss 32.986 |g| 6.51 validation@300 7527.350 (best 1745.416)
[02:03:49]     restart 0 step 149 h=50: loss 32.619 |g| 6.51 validation@300 2496.241 (best 1745.416)
[02:03:59]     restart 0 step 199 h=133: loss 12.607 |g| 1.51 validation@300 5.801 (best 5.801)
[02:04:04]     restart 0 step 249 h=133: loss 12.173 |g| 2.36 validation@300 5.773 (best 5.773)
[02:04:07]     restart 0 step 299 h=133: loss 12.255 |g| 1.77 validation@300 5.760 (best 5.760)
[02:04:20]     restart 0 step 349 h=216: loss 7.821 |g| 1.32 validation@300 5.744 (best 5.744)
[02:04:27]     restart 0 step 399 h=216: loss 7.317 |g| 0.883 validation@300 5.727 (best 5.727)
[02:04:33]     restart 0 step 449 h=216: loss 7.507 |g| 1.23 validation@300 5.719 (best 5.719)
[02:04:48]     restart 0 step 499 h=300: loss 5.329 |g| 0.592 validation@300 5.714 (best 5.714)
[02:04:58]     restart 0 step 549 h=300: loss 5.490 |g| 0.563 validation@300 5.712 (best 5.712)
[02:05:06]     restart 0 step 599 h=300: loss 5.589 |g| 0.659 validation@300 5.711 (best 5.711)
[02:05:13]   est n=8 M=1600 seed=2: cost_test 1645.2 gap -26.4 (350s)
[02:05:13] done  est_n8_M1600 in 1192s: {'n': 8, 'M': 1600, 'cost_test': 1635.0734456380208}
[02:05:13] start est_n16_M100
[02:05:44]     policy search: 600 steps x 1 restarts, batch 128, horizons [50, 133, 216, 300], validation loss of the initial policy 1523.645
[02:05:51]     restart 0 step 49 h=50: loss 48.740 |g| 26 validation@300 7816.192 (best 1523.645)
[02:05:53]     restart 0 step 99 h=50: loss 34.140 |g| 6.83 validation@300 23943.111 (best 1523.645)
[02:05:55]     restart 0 step 149 h=50: loss 33.614 |g| 5.94 validation@300 15508.784 (best 1523.645)
[02:06:06]     restart 0 step 199 h=133: loss 11.919 |g| 2.12 validation@300 5.789 (best 5.789)
[02:06:10]     restart 0 step 249 h=133: loss 12.670 |g| 3.53 validation@300 5.733 (best 5.733)
[02:06:15]     restart 0 step 299 h=133: loss 12.240 |g| 3.27 validation@300 5.704 (best 5.704)
[02:06:27]     restart 0 step 349 h=216: loss 7.590 |g| 0.851 validation@300 5.685 (best 5.685)
[02:06:35]     restart 0 step 399 h=216: loss 7.609 |g| 1.17 validation@300 5.667 (best 5.667)
[02:06:42]     restart 0 step 449 h=216: loss 7.866 |g| 1.11 validation@300 5.658 (best 5.658)
[02:06:57]     restart 0 step 499 h=300: loss 5.707 |g| 4.93 validation@300 5.652 (best 5.652)
[02:07:07]     restart 0 step 549 h=300: loss 5.400 |g| 0.738 validation@300 5.650 (best 5.650)
[02:07:17]     restart 0 step 599 h=300: loss 5.539 |g| 0.712 validation@300 5.648 (best 5.648)
[02:07:24]   est n=16 M=100 seed=0: cost_test 1639.6 gap -50.0 (131s)
[02:07:51]     policy search: 600 steps x 1 restarts, batch 128, horizons [50, 133, 216, 300], validation loss of the initial policy 5159.125
[02:07:58]     restart 0 step 49 h=50: loss 45.624 |g| 23.3 validation@300 12692.604 (best 5159.125)
[02:08:00]     restart 0 step 99 h=50: loss 33.004 |g| 6.87 validation@300 15776.042 (best 5159.125)
[02:08:02]     restart 0 step 149 h=50: loss 32.245 |g| 4.63 validation@300 6482.995 (best 5159.125)
[02:08:11]     restart 0 step 199 h=133: loss 12.244 |g| 1.49 validation@300 5.462 (best 5.462)
[02:08:16]     restart 0 step 249 h=133: loss 12.212 |g| 1.78 validation@300 5.437 (best 5.437)
[02:08:21]     restart 0 step 299 h=133: loss 11.823 |g| 2.09 validation@300 5.418 (best 5.418)
[02:08:33]     restart 0 step 349 h=216: loss 7.330 |g| 0.817 validation@300 5.403 (best 5.403)
[02:08:41]     restart 0 step 399 h=216: loss 7.478 |g| 0.971 validation@300 5.389 (best 5.389)
[02:08:48]     restart 0 step 449 h=216: loss 7.769 |g| 0.646 validation@300 5.385 (best 5.385)
[02:09:02]     restart 0 step 499 h=300: loss 5.557 |g| 1.15 validation@300 5.384 (best 5.384)
[02:09:12]     restart 0 step 549 h=300: loss 5.693 |g| 0.456 validation@300 5.382 (best 5.382)
[02:09:23]     restart 0 step 599 h=300: loss 5.218 |g| 0.422 validation@300 5.380 (best 5.380)
[02:09:29]   est n=16 M=100 seed=1: cost_test 1623.8 gap 71.7 (125s)
[02:09:57]     policy search: 600 steps x 1 restarts, batch 128, horizons [50, 133, 216, 300], validation loss of the initial policy 1652.309
[02:10:04]     restart 0 step 49 h=50: loss 46.767 |g| 28.8 validation@300 9775.040 (best 1652.309)
[02:10:06]     restart 0 step 99 h=50: loss 33.213 |g| 8.71 validation@300 25652.889 (best 1652.309)
[02:10:08]     restart 0 step 149 h=50: loss 30.469 |g| 5.28 validation@300 11562.371 (best 1652.309)
[02:10:16]     restart 0 step 199 h=133: loss 11.931 |g| 1.83 validation@300 5.452 (best 5.452)
[02:10:20]     restart 0 step 249 h=133: loss 12.686 |g| 1.77 validation@300 5.397 (best 5.397)
[02:10:25]     restart 0 step 299 h=133: loss 12.275 |g| 1.72 validation@300 5.376 (best 5.376)
[02:10:35]     restart 0 step 349 h=216: loss 7.593 |g| 0.875 validation@300 5.361 (best 5.361)
[02:10:43]     restart 0 step 399 h=216: loss 7.623 |g| 0.878 validation@300 5.352 (best 5.352)
[02:10:50]     restart 0 step 449 h=216: loss 7.951 |g| 0.987 validation@300 5.348 (best 5.348)
[02:11:03]     restart 0 step 499 h=300: loss 5.584 |g| 0.637 validation@300 5.347 (best 5.347)
[02:11:13]     restart 0 step 549 h=300: loss 5.360 |g| 0.985 validation@300 5.345 (best 5.345)
[02:11:23]     restart 0 step 599 h=300: loss 5.395 |g| 0.929 validation@300 5.344 (best 5.344)
[02:11:30]   est n=16 M=100 seed=2: cost_test 1624.6 gap -48.5 (121s)
[02:11:30] done  est_n16_M100 in 377s: {'n': 16, 'M': 100, 'cost_test': 1629.3408610026042}
[02:11:30] start est_n16_M400
[02:13:26]     policy search: 600 steps x 1 restarts, batch 128, horizons [50, 133, 216, 300], validation loss of the initial policy 4766.780
[02:13:38]     restart 0 step 49 h=50: loss 48.253 |g| 28.5 validation@300 14009.976 (best 4766.780)
[02:13:45]     restart 0 step 99 h=50: loss 33.262 |g| 7.99 validation@300 19870.670 (best 4766.780)
[02:13:52]     restart 0 step 149 h=50: loss 33.435 |g| 7.27 validation@300 7565.569 (best 4766.780)
[02:14:07]     restart 0 step 199 h=133: loss 11.864 |g| 2.28 validation@300 5.667 (best 5.667)
[02:14:12]     restart 0 step 249 h=133: loss 12.171 |g| 1.84 validation@300 5.639 (best 5.639)
[02:14:15]     restart 0 step 299 h=133: loss 12.483 |g| 1.67 validation@300 5.624 (best 5.624)
[02:14:25]     restart 0 step 349 h=216: loss 7.614 |g| 1.24 validation@300 5.614 (best 5.614)
[02:14:30]     restart 0 step 399 h=216: loss 7.431 |g| 0.601 validation@300 5.603 (best 5.603)
[02:14:35]     restart 0 step 449 h=216: loss 7.342 |g| 0.784 validation@300 5.597 (best 5.597)
[02:14:49]     restart 0 step 499 h=300: loss 5.623 |g| 0.56 validation@300 5.593 (best 5.593)
[02:14:56]     restart 0 step 549 h=300: loss 5.267 |g| 0.499 validation@300 5.593 (best 5.593)
[02:15:03]     restart 0 step 599 h=300: loss 5.584 |g| 0.662 validation@300 5.593 (best 5.593)
[02:15:10]   est n=16 M=400 seed=0: cost_test 1614.0 gap -1.4 (220s)
[02:16:31]     policy search: 600 steps x 1 restarts, batch 128, horizons [50, 133, 216, 300], validation loss of the initial policy 1531.864
[02:16:43]     restart 0 step 49 h=50: loss 48.604 |g| 23.2 validation@300 9845.134 (best 1531.864)
[02:16:50]     restart 0 step 99 h=50: loss 33.616 |g| 6.87 validation@300 27171.010 (best 1531.864)
[02:16:57]     restart 0 step 149 h=50: loss 31.253 |g| 5.16 validation@300 11403.924 (best 1531.864)
[02:17:12]     restart 0 step 199 h=133: loss 12.596 |g| 1.57 validation@300 5.563 (best 5.563)
[02:17:22]     restart 0 step 249 h=133: loss 12.328 |g| 1.6 validation@300 5.549 (best 5.549)
[02:17:31]     restart 0 step 299 h=133: loss 12.229 |g| 0.7 validation@300 5.533 (best 5.533)
[02:17:50]     restart 0 step 349 h=216: loss 7.510 |g| 0.838 validation@300 5.523 (best 5.523)
[02:18:02]     restart 0 step 399 h=216: loss 7.481 |g| 0.7 validation@300 5.515 (best 5.515)
[02:18:15]     restart 0 step 449 h=216: loss 7.472 |g| 0.678 validation@300 5.509 (best 5.509)
[02:18:26]     restart 0 step 499 h=300: loss 5.449 |g| 0.596 validation@300 5.506 (best 5.506)
[02:18:32]     restart 0 step 549 h=300: loss 5.695 |g| 0.69 validation@300 5.504 (best 5.504)
[02:18:39]     restart 0 step 599 h=300: loss 5.789 |g| 0.555 validation@300 5.504 (best 5.504)
[02:18:45]   est n=16 M=400 seed=1: cost_test 1617.0 gap -30.7 (215s)
[02:20:06]     policy search: 600 steps x 1 restarts, batch 128, horizons [50, 133, 216, 300], validation loss of the initial policy 2164.824
[02:20:13]     restart 0 step 49 h=50: loss 46.200 |g| 25.1 validation@300 8315.188 (best 2164.824)
[02:20:15]     restart 0 step 99 h=50: loss 33.468 |g| 10.5 validation@300 19931.592 (best 2164.824)
[02:20:17]     restart 0 step 149 h=50: loss 31.814 |g| 3.67 validation@300 12199.473 (best 2164.824)
[02:20:24]     restart 0 step 199 h=133: loss 12.880 |g| 2.3 validation@300 5.448 (best 5.448)
[02:20:29]     restart 0 step 249 h=133: loss 11.994 |g| 2.01 validation@300 5.429 (best 5.429)
[02:20:38]     restart 0 step 299 h=133: loss 12.471 |g| 0.945 validation@300 5.418 (best 5.418)
[02:20:57]     restart 0 step 349 h=216: loss 7.700 |g| 0.836 validation@300 5.403 (best 5.403)
[02:21:09]     restart 0 step 399 h=216: loss 7.240 |g| 0.496 validation@300 5.392 (best 5.392)
[02:21:22]     restart 0 step 449 h=216: loss 7.684 |g| 0.647 validation@300 5.387 (best 5.387)
[02:21:43]     restart 0 step 499 h=300: loss 5.451 |g| 0.616 validation@300 5.384 (best 5.384)
[02:21:59]     restart 0 step 549 h=300: loss 5.503 |g| 0.693 validation@300 5.383 (best 5.383)
[02:22:14]     restart 0 step 599 h=300: loss 5.412 |g| 0.317 validation@300 5.382 (best 5.382)
[02:22:21]   est n=16 M=400 seed=2: cost_test 1616.7 gap -42.7 (216s)
[02:22:21] done  est_n16_M400 in 651s: {'n': 16, 'M': 400, 'cost_test': 1615.9139811197917}
[02:22:21] start est_n16_M1600
[02:26:29]     policy search: 600 steps x 1 restarts, batch 128, horizons [50, 133, 216, 300], validation loss of the initial policy 1135.886
[02:26:37]     restart 0 step 49 h=50: loss 46.795 |g| 24 validation@300 10219.197 (best 1135.886)
[02:26:38]     restart 0 step 99 h=50: loss 32.946 |g| 5.89 validation@300 14078.431 (best 1135.886)
[02:26:40]     restart 0 step 149 h=50: loss 31.845 |g| 7.57 validation@300 5364.483 (best 1135.886)
[02:26:51]     restart 0 step 199 h=133: loss 11.738 |g| 2.54 validation@300 5.457 (best 5.457)
[02:26:57]     restart 0 step 249 h=133: loss 11.982 |g| 2.2 validation@300 5.435 (best 5.435)
[02:27:00]     restart 0 step 299 h=133: loss 12.504 |g| 0.925 validation@300 5.428 (best 5.428)
[02:27:14]     restart 0 step 349 h=216: loss 7.609 |g| 0.496 validation@300 5.414 (best 5.414)
[02:27:23]     restart 0 step 399 h=216: loss 7.419 |g| 0.669 validation@300 5.411 (best 5.411)
[02:27:30]     restart 0 step 449 h=216: loss 7.340 |g| 0.813 validation@300 5.409 (best 5.409)
[02:27:41]     restart 0 step 499 h=300: loss 5.349 |g| 0.554 validation@300 5.407 (best 5.407)
[02:27:50]     restart 0 step 549 h=300: loss 5.136 |g| 0.387 validation@300 5.407 (best 5.407)
[02:27:56]     restart 0 step 599 h=300: loss 5.391 |g| 0.557 validation@300 5.406 (best 5.406)
[02:28:03]   est n=16 M=1600 seed=0: cost_test 1610.5 gap -23.5 (342s)
[02:32:22]     policy search: 600 steps x 1 restarts, batch 128, horizons [50, 133, 216, 300], validation loss of the initial policy 824.946
[02:32:32]     restart 0 step 49 h=50: loss 47.599 |g| 25.1 validation@300 9758.405 (best 824.946)
[02:32:37]     restart 0 step 99 h=50: loss 33.514 |g| 4.11 validation@300 29660.594 (best 824.946)
[02:32:41]     restart 0 step 149 h=50: loss 32.891 |g| 5.66 validation@300 12748.468 (best 824.946)
[02:32:50]     restart 0 step 199 h=133: loss 12.467 |g| 3.29 validation@300 5.409 (best 5.409)
[02:32:53]     restart 0 step 249 h=133: loss 11.881 |g| 1.18 validation@300 5.387 (best 5.387)
[02:32:55]     restart 0 step 299 h=133: loss 12.265 |g| 0.958 validation@300 5.373 (best 5.373)
[02:33:12]     restart 0 step 349 h=216: loss 7.614 |g| 0.918 validation@300 5.358 (best 5.358)
[02:33:21]     restart 0 step 399 h=216: loss 7.525 |g| 1.27 validation@300 5.348 (best 5.348)
[02:33:26]     restart 0 step 449 h=216: loss 7.478 |g| 0.76 validation@300 5.340 (best 5.340)
[02:33:37]     restart 0 step 499 h=300: loss 5.749 |g| 0.606 validation@300 5.335 (best 5.335)
[02:33:44]     restart 0 step 549 h=300: loss 5.537 |g| 0.604 validation@300 5.333 (best 5.333)
[02:33:50]     restart 0 step 599 h=300: loss 5.597 |g| 0.51 validation@300 5.330 (best 5.330)
[02:33:57]   est n=16 M=1600 seed=1: cost_test 1616.6 gap -20.4 (353s)
[02:38:24]     policy search: 600 steps x 1 restarts, batch 128, horizons [50, 133, 216, 300], validation loss of the initial policy 2020.769
[02:38:33]     restart 0 step 49 h=50: loss 46.084 |g| 26.7 validation@300 16737.064 (best 2020.769)
[02:38:35]     restart 0 step 99 h=50: loss 32.571 |g| 6.42 validation@300 15341.085 (best 2020.769)
[02:38:36]     restart 0 step 149 h=50: loss 30.241 |g| 5.6 validation@300 8645.056 (best 2020.769)
[02:38:45]     restart 0 step 199 h=133: loss 12.088 |g| 1.97 validation@300 5.557 (best 5.557)
[02:38:54]     restart 0 step 249 h=133: loss 12.105 |g| 2.97 validation@300 5.505 (best 5.505)
[02:39:01]     restart 0 step 299 h=133: loss 11.671 |g| 1.38 validation@300 5.483 (best 5.483)
[02:39:10]     restart 0 step 349 h=216: loss 7.651 |g| 1.31 validation@300 5.468 (best 5.468)
[02:39:15]     restart 0 step 399 h=216: loss 7.545 |g| 0.703 validation@300 5.449 (best 5.449)
[02:39:20]     restart 0 step 449 h=216: loss 8.038 |g| 1.1 validation@300 5.443 (best 5.443)
[02:39:33]     restart 0 step 499 h=300: loss 5.281 |g| 0.826 validation@300 5.441 (best 5.441)
[02:39:41]     restart 0 step 549 h=300: loss 5.364 |g| 0.839 validation@300 5.438 (best 5.438)
[02:39:49]     restart 0 step 599 h=300: loss 5.343 |g| 0.659 validation@300 5.436 (best 5.436)
[02:39:55]   est n=16 M=1600 seed=2: cost_test 1619.0 gap -39.8 (359s)
[02:39:55] done  est_n16_M1600 in 1055s: {'n': 16, 'M': 1600, 'cost_test': 1615.3467203776042}
[02:39:55] start est_n32_M100
[02:40:24]     policy search: 600 steps x 1 restarts, batch 128, horizons [50, 133, 216, 300], validation loss of the initial policy 639.843
[02:40:33]     restart 0 step 49 h=50: loss 46.200 |g| 23.6 validation@300 13444.116 (best 639.843)
[02:40:34]     restart 0 step 99 h=50: loss 31.724 |g| 5.13 validation@300 16160.863 (best 639.843)
[02:40:36]     restart 0 step 149 h=50: loss 31.370 |g| 8.6 validation@300 1288.310 (best 639.843)
[02:40:45]     restart 0 step 199 h=133: loss 12.356 |g| 3.83 validation@300 5.662 (best 5.662)
[02:40:54]     restart 0 step 249 h=133: loss 11.926 |g| 2.34 validation@300 5.611 (best 5.611)
[02:41:04]     restart 0 step 299 h=133: loss 11.834 |g| 2.93 validation@300 5.587 (best 5.587)
[02:41:23]     restart 0 step 349 h=216: loss 7.725 |g| 0.59 validation@300 5.570 (best 5.570)
[02:41:36]     restart 0 step 399 h=216: loss 7.522 |g| 0.824 validation@300 5.557 (best 5.557)
[02:41:48]     restart 0 step 449 h=216: loss 7.580 |g| 0.703 validation@300 5.549 (best 5.549)
[02:42:09]     restart 0 step 499 h=300: loss 5.483 |g| 0.907 validation@300 5.545 (best 5.545)
[02:42:25]     restart 0 step 549 h=300: loss 5.499 |g| 0.746 validation@300 5.545 (best 5.545)
[02:42:40]     restart 0 step 599 h=300: loss 5.509 |g| 0.616 validation@300 5.541 (best 5.541)
[02:42:50]   est n=32 M=100 seed=0: cost_test 1626.0 gap -82.0 (175s)
[02:43:12]     policy search: 600 steps x 1 restarts, batch 128, horizons [50, 133, 216, 300], validation loss of the initial policy 6650.094
[02:43:20]     restart 0 step 49 h=50: loss 47.386 |g| 27.5 validation@300 11863.186 (best 6650.094)
[02:43:24]     restart 0 step 99 h=50: loss 32.825 |g| 10.8 validation@300 24088.715 (best 6650.094)
[02:43:26]     restart 0 step 149 h=50: loss 31.527 |g| 5.13 validation@300 5981.620 (best 5981.620)
[02:43:37]     restart 0 step 199 h=133: loss 12.252 |g| 2.78 validation@300 5.578 (best 5.578)
[02:43:44]     restart 0 step 249 h=133: loss 12.484 |g| 2 validation@300 5.527 (best 5.527)
[02:43:50]     restart 0 step 299 h=133: loss 12.458 |g| 2.19 validation@300 5.505 (best 5.505)
[02:44:04]     restart 0 step 349 h=216: loss 7.616 |g| 0.94 validation@300 5.487 (best 5.487)
[02:44:13]     restart 0 step 399 h=216: loss 7.824 |g| 1.04 validation@300 5.477 (best 5.477)
[02:44:21]     restart 0 step 449 h=216: loss 7.813 |g| 0.644 validation@300 5.472 (best 5.472)
[02:44:32]     restart 0 step 499 h=300: loss 5.635 |g| 0.884 validation@300 5.467 (best 5.467)
[02:44:40]     restart 0 step 549 h=300: loss 5.523 |g| 0.743 validation@300 5.466 (best 5.466)
[02:44:55]     restart 0 step 599 h=300: loss 5.440 |g| 0.889 validation@300 5.465 (best 5.465)
[02:45:02]   est n=32 M=100 seed=1: cost_test 1634.4 gap -84.0 (132s)
[02:45:33]     policy search: 600 steps x 1 restarts, batch 128, horizons [50, 133, 216, 300], validation loss of the initial policy 2291.962
[02:45:45]     restart 0 step 49 h=50: loss 48.407 |g| 30 validation@300 11631.928 (best 2291.962)
[02:45:52]     restart 0 step 99 h=50: loss 34.987 |g| 13 validation@300 30641.340 (best 2291.962)
[02:45:59]     restart 0 step 149 h=50: loss 32.193 |g| 6.6 validation@300 8689.943 (best 2291.962)
[02:46:14]     restart 0 step 199 h=133: loss 12.044 |g| 2.09 validation@300 5.502 (best 5.502)
[02:46:24]     restart 0 step 249 h=133: loss 12.961 |g| 1.73 validation@300 5.457 (best 5.457)
[02:46:33]     restart 0 step 299 h=133: loss 12.140 |g| 1.46 validation@300 5.437 (best 5.437)
[02:46:43]     restart 0 step 349 h=216: loss 7.356 |g| 0.734 validation@300 5.427 (best 5.427)
[02:46:47]     restart 0 step 399 h=216: loss 7.528 |g| 0.659 validation@300 5.417 (best 5.417)
[02:46:53]     restart 0 step 449 h=216: loss 7.425 |g| 0.993 validation@300 5.411 (best 5.411)
[02:47:05]     restart 0 step 499 h=300: loss 5.739 |g| 1.01 validation@300 5.406 (best 5.406)
[02:47:14]     restart 0 step 549 h=300: loss 5.534 |g| 0.601 validation@300 5.404 (best 5.404)
[02:47:21]     restart 0 step 599 h=300: loss 5.609 |g| 0.805 validation@300 5.403 (best 5.403)
[02:47:28]   est n=32 M=100 seed=2: cost_test 1637.6 gap -13.1 (145s)
[02:47:28] done  est_n32_M100 in 452s: {'n': 32, 'M': 100, 'cost_test': 1632.6704915364583}
[02:47:28] start est_n32_M400
[02:48:48]     policy search: 600 steps x 1 restarts, batch 128, horizons [50, 133, 216, 300], validation loss of the initial policy 5333.966
[02:49:01]     restart 0 step 49 h=50: loss 45.985 |g| 28 validation@300 21681.510 (best 5333.966)
[02:49:08]     restart 0 step 99 h=50: loss 33.595 |g| 10 validation@300 13516.193 (best 5333.966)
[02:49:15]     restart 0 step 149 h=50: loss 32.618 |g| 6.07 validation@300 3026.729 (best 3026.729)
[02:49:30]     restart 0 step 199 h=133: loss 12.353 |g| 3.01 validation@300 5.427 (best 5.427)
[02:49:40]     restart 0 step 249 h=133: loss 12.109 |g| 3.79 validation@300 5.404 (best 5.404)
[02:49:50]     restart 0 step 299 h=133: loss 12.580 |g| 1.71 validation@300 5.387 (best 5.387)
[02:50:08]     restart 0 step 349 h=216: loss 7.594 |g| 0.968 validation@300 5.379 (best 5.379)
[02:50:21]     restart 0 step 399 h=216: loss 7.335 |g| 1.13 validation@300 5.369 (best 5.369)
[02:50:33]     restart 0 step 449 h=216: loss 7.634 |g| 1.03 validation@300 5.365 (best 5.365)
[02:50:49]     restart 0 step 499 h=300: loss 5.412 |g| 0.539 validation@300 5.364 (best 5.364)
[02:50:54]     restart 0 step 549 h=300: loss 5.551 |g| 1.01 validation@300 5.363 (best 5.363)
[02:51:01]     restart 0 step 599 h=300: loss 5.658 |g| 0.777 validation@300 5.362 (best 5.362)
[02:51:08]   est n=32 M=400 seed=0: cost_test 1619.9 gap -48.5 (220s)
[02:52:29]     policy search: 600 steps x 1 restarts, batch 128, horizons [50, 133, 216, 300], validation loss of the initial policy 2624.998
[02:52:37]     restart 0 step 49 h=50: loss 45.655 |g| 28.4 validation@300 15569.999 (best 2624.998)
[02:52:39]     restart 0 step 99 h=50: loss 32.889 |g| 10.2 validation@300 28795.668 (best 2624.998)
[02:52:40]     restart 0 step 149 h=50: loss 33.362 |g| 8.52 validation@300 25842.920 (best 2624.998)
[02:52:48]     restart 0 step 199 h=133: loss 12.547 |g| 4.69 validation@300 5.907 (best 5.907)
[02:52:54]     restart 0 step 249 h=133: loss 12.693 |g| 3.86 validation@300 5.882 (best 5.882)
[02:52:57]     restart 0 step 299 h=133: loss 12.007 |g| 2.63 validation@300 5.857 (best 5.857)
[02:53:07]     restart 0 step 349 h=216: loss 7.251 |g| 0.77 validation@300 5.842 (best 5.842)
[02:53:11]     restart 0 step 399 h=216: loss 7.497 |g| 0.991 validation@300 5.832 (best 5.832)
[02:53:16]     restart 0 step 449 h=216: loss 7.851 |g| 1.8 validation@300 5.826 (best 5.826)
[02:53:29]     restart 0 step 499 h=300: loss 5.363 |g| 0.915 validation@300 5.823 (best 5.823)
[02:53:37]     restart 0 step 549 h=300: loss 5.692 |g| 0.529 validation@300 5.820 (best 5.820)
[02:53:45]     restart 0 step 599 h=300: loss 5.509 |g| 0.497 validation@300 5.819 (best 5.819)
[02:53:52]   est n=32 M=400 seed=1: cost_test 1620.2 gap -19.9 (164s)
[02:55:15]     policy search: 600 steps x 1 restarts, batch 128, horizons [50, 133, 216, 300], validation loss of the initial policy 792.893
[02:55:23]     restart 0 step 49 h=50: loss 46.162 |g| 23.8 validation@300 10960.111 (best 792.893)
[02:55:25]     restart 0 step 99 h=50: loss 31.852 |g| 7.14 validation@300 22717.137 (best 792.893)
[02:55:27]     restart 0 step 149 h=50: loss 31.978 |g| 4.63 validation@300 8326.252 (best 792.893)
[02:55:35]     restart 0 step 199 h=133: loss 12.315 |g| 4.14 validation@300 5.598 (best 5.598)
[02:55:39]     restart 0 step 249 h=133: loss 12.114 |g| 1.8 validation@300 5.554 (best 5.554)
[02:55:43]     restart 0 step 299 h=133: loss 12.370 |g| 0.968 validation@300 5.537 (best 5.537)
[02:55:54]     restart 0 step 349 h=216: loss 7.513 |g| 0.685 validation@300 5.525 (best 5.525)
[02:56:00]     restart 0 step 399 h=216: loss 7.583 |g| 1.2 validation@300 5.516 (best 5.516)
[02:56:07]     restart 0 step 449 h=216: loss 7.668 |g| 1.59 validation@300 5.509 (best 5.509)
[02:56:21]     restart 0 step 499 h=300: loss 5.590 |g| 3.16 validation@300 5.507 (best 5.507)
[02:56:30]     restart 0 step 549 h=300: loss 5.542 |g| 0.64 validation@300 5.504 (best 5.504)
[02:56:38]     restart 0 step 599 h=300: loss 5.581 |g| 0.465 validation@300 5.503 (best 5.503)
[02:56:45]   est n=32 M=400 seed=2: cost_test 1614.0 gap -60.7 (173s)
[02:56:45] done  est_n32_M400 in 558s: {'n': 32, 'M': 400, 'cost_test': 1618.0303141276042}
[02:56:45] start est_n32_M1600
[03:01:07]     policy search: 600 steps x 1 restarts, batch 128, horizons [50, 133, 216, 300], validation loss of the initial policy 359.211
[03:01:14]     restart 0 step 49 h=50: loss 48.123 |g| 24.4 validation@300 8797.339 (best 359.211)
[03:01:15]     restart 0 step 99 h=50: loss 32.048 |g| 7.39 validation@300 16670.418 (best 359.211)
[03:01:18]     restart 0 step 149 h=50: loss 30.743 |g| 7.34 validation@300 3528.568 (best 359.211)
[03:01:26]     restart 0 step 199 h=133: loss 11.731 |g| 1.73 validation@300 5.467 (best 5.467)
[03:01:31]     restart 0 step 249 h=133: loss 12.389 |g| 2.7 validation@300 5.433 (best 5.433)
[03:01:36]     restart 0 step 299 h=133: loss 12.080 |g| 1.23 validation@300 5.422 (best 5.422)
[03:01:46]     restart 0 step 349 h=216: loss 7.839 |g| 0.772 validation@300 5.410 (best 5.410)
[03:01:54]     restart 0 step 399 h=216: loss 7.656 |g| 0.749 validation@300 5.405 (best 5.405)
[03:02:01]     restart 0 step 449 h=216: loss 7.883 |g| 0.686 validation@300 5.400 (best 5.400)
[03:02:14]     restart 0 step 499 h=300: loss 5.370 |g| 0.768 validation@300 5.399 (best 5.399)
[03:02:24]     restart 0 step 549 h=300: loss 5.664 |g| 0.905 validation@300 5.398 (best 5.398)
[03:02:35]     restart 0 step 599 h=300: loss 5.333 |g| 0.535 validation@300 5.398 (best 5.398)
[03:02:42]   est n=32 M=1600 seed=0: cost_test 1605.3 gap -26.5 (357s)
[03:07:10]     policy search: 600 steps x 1 restarts, batch 128, horizons [50, 133, 216, 300], validation loss of the initial policy 2455.113
[03:07:19]     restart 0 step 49 h=50: loss 46.043 |g| 27.1 validation@300 19788.260 (best 2455.113)
[03:07:22]     restart 0 step 99 h=50: loss 33.936 |g| 5.41 validation@300 33820.707 (best 2455.113)
[03:07:24]     restart 0 step 149 h=50: loss 30.947 |g| 3.72 validation@300 8071.603 (best 2455.113)
[03:07:35]     restart 0 step 199 h=133: loss 12.378 |g| 3.34 validation@300 5.514 (best 5.514)
[03:07:41]     restart 0 step 249 h=133: loss 11.658 |g| 1.44 validation@300 5.493 (best 5.493)
[03:07:46]     restart 0 step 299 h=133: loss 11.759 |g| 1.56 validation@300 5.477 (best 5.477)
[03:08:01]     restart 0 step 349 h=216: loss 7.220 |g| 0.59 validation@300 5.462 (best 5.462)
[03:08:10]     restart 0 step 399 h=216: loss 7.652 |g| 0.681 validation@300 5.456 (best 5.456)
[03:08:18]     restart 0 step 449 h=216: loss 7.432 |g| 0.508 validation@300 5.452 (best 5.452)
[03:08:29]     restart 0 step 499 h=300: loss 5.384 |g| 0.618 validation@300 5.449 (best 5.449)
[03:08:44]     restart 0 step 549 h=300: loss 5.363 |g| 0.735 validation@300 5.447 (best 5.447)
[03:09:00]     restart 0 step 599 h=300: loss 5.657 |g| 0.359 validation@300 5.445 (best 5.445)
[03:09:07]   est n=32 M=1600 seed=1: cost_test 1607.5 gap -45.8 (385s)
[03:14:10]     policy search: 600 steps x 1 restarts, batch 128, horizons [50, 133, 216, 300], validation loss of the initial policy 3551.393
[03:14:23]     restart 0 step 49 h=50: loss 46.710 |g| 26 validation@300 7128.972 (best 3551.393)
[03:14:29]     restart 0 step 99 h=50: loss 33.524 |g| 5.3 validation@300 18682.428 (best 3551.393)
[03:14:36]     restart 0 step 149 h=50: loss 32.002 |g| 4.06 validation@300 7265.275 (best 3551.393)
[03:14:51]     restart 0 step 199 h=133: loss 12.174 |g| 2.47 validation@300 5.449 (best 5.449)
[03:15:01]     restart 0 step 249 h=133: loss 11.955 |g| 2.08 validation@300 5.432 (best 5.432)
[03:15:11]     restart 0 step 299 h=133: loss 11.890 |g| 1.48 validation@300 5.415 (best 5.415)
[03:15:29]     restart 0 step 349 h=216: loss 7.438 |g| 0.805 validation@300 5.404 (best 5.404)
[03:15:42]     restart 0 step 399 h=216: loss 7.580 |g| 1.31 validation@300 5.395 (best 5.395)
[03:15:55]     restart 0 step 449 h=216: loss 7.704 |g| 1.43 validation@300 5.394 (best 5.394)
[03:16:16]     restart 0 step 499 h=300: loss 5.355 |g| 0.377 validation@300 5.390 (best 5.390)
[03:16:25]     restart 0 step 549 h=300: loss 5.595 |g| 0.571 validation@300 5.388 (best 5.388)
[03:16:31]     restart 0 step 599 h=300: loss 5.398 |g| 0.636 validation@300 5.386 (best 5.386)
[03:16:37]   est n=32 M=1600 seed=2: cost_test 1605.7 gap -37.9 (450s)
[03:16:37] done  est_n32_M1600 in 1192s: {'n': 32, 'M': 1600, 'cost_test': 1606.180908203125}
[03:16:37] start est_n64_M100
[03:17:05]     policy search: 600 steps x 1 restarts, batch 128, horizons [50, 133, 216, 300], validation loss of the initial policy 3167.867
[03:17:15]     restart 0 step 49 h=50: loss 48.854 |g| 27.5 validation@300 8923.219 (best 3167.867)
[03:17:17]     restart 0 step 99 h=50: loss 33.903 |g| 13.1 validation@300 26160.932 (best 3167.867)
[03:17:19]     restart 0 step 149 h=50: loss 32.826 |g| 5.7 validation@300 1851.554 (best 1851.554)
[03:17:31]     restart 0 step 199 h=133: loss 12.737 |g| 2.64 validation@300 5.993 (best 5.993)
[03:17:38]     restart 0 step 249 h=133: loss 11.972 |g| 1.74 validation@300 5.962 (best 5.962)
[03:17:44]     restart 0 step 299 h=133: loss 11.850 |g| 2.22 validation@300 5.941 (best 5.941)
[03:17:54]     restart 0 step 349 h=216: loss 7.518 |g| 0.681 validation@300 5.923 (best 5.923)
[03:17:58]     restart 0 step 399 h=216: loss 7.359 |g| 1 validation@300 5.918 (best 5.918)
[03:18:07]     restart 0 step 449 h=216: loss 7.632 |g| 1.1 validation@300 5.912 (best 5.912)
[03:18:28]     restart 0 step 499 h=300: loss 5.875 |g| 1.64 validation@300 5.907 (best 5.907)
[03:18:45]     restart 0 step 549 h=300: loss 5.590 |g| 0.656 validation@300 5.907 (best 5.907)
[03:19:01]     restart 0 step 599 h=300: loss 5.898 |g| 0.58 validation@300 5.905 (best 5.905)
[03:19:11]   est n=64 M=100 seed=0: cost_test 1628.3 gap 48.2 (154s)
[03:19:42]     policy search: 600 steps x 1 restarts, batch 128, horizons [50, 133, 216, 300], validation loss of the initial policy 554.128
[03:19:54]     restart 0 step 49 h=50: loss 46.984 |g| 26 validation@300 11975.414 (best 554.128)
[03:20:01]     restart 0 step 99 h=50: loss 33.220 |g| 11.9 validation@300 12403.782 (best 554.128)
[03:20:03]     restart 0 step 149 h=50: loss 33.677 |g| 12.4 validation@300 2936.542 (best 554.128)
[03:20:12]     restart 0 step 199 h=133: loss 12.738 |g| 2.76 validation@300 5.678 (best 5.678)
[03:20:15]     restart 0 step 249 h=133: loss 12.073 |g| 2.8 validation@300 5.633 (best 5.633)
[03:20:19]     restart 0 step 299 h=133: loss 12.731 |g| 2.35 validation@300 5.618 (best 5.618)
[03:20:29]     restart 0 step 349 h=216: loss 7.085 |g| 0.762 validation@300 5.609 (best 5.609)
[03:20:35]     restart 0 step 399 h=216: loss 7.712 |g| 0.822 validation@300 5.604 (best 5.604)
[03:20:42]     restart 0 step 449 h=216: loss 7.783 |g| 0.695 validation@300 5.599 (best 5.599)
[03:20:56]     restart 0 step 499 h=300: loss 5.491 |g| 1.17 validation@300 5.597 (best 5.597)
[03:21:05]     restart 0 step 549 h=300: loss 5.540 |g| 0.614 validation@300 5.595 (best 5.595)
[03:21:15]     restart 0 step 599 h=300: loss 5.616 |g| 1.14 validation@300 5.595 (best 5.595)
[03:21:21]   est n=64 M=100 seed=1: cost_test 1612.3 gap -36.0 (130s)
[03:21:47]     policy search: 600 steps x 1 restarts, batch 128, horizons [50, 133, 216, 300], validation loss of the initial policy 2671.173
[03:21:54]     restart 0 step 49 h=50: loss 47.842 |g| 25.5 validation@300 10112.427 (best 2671.173)
[03:21:55]     restart 0 step 99 h=50: loss 32.759 |g| 8.64 validation@300 22576.510 (best 2671.173)
[03:21:57]     restart 0 step 149 h=50: loss 32.835 |g| 5.14 validation@300 18541.383 (best 2671.173)
[03:22:06]     restart 0 step 199 h=133: loss 12.471 |g| 4.43 validation@300 5.624 (best 5.624)
[03:22:10]     restart 0 step 249 h=133: loss 11.857 |g| 2.02 validation@300 5.574 (best 5.574)
[03:22:14]     restart 0 step 299 h=133: loss 12.458 |g| 1.86 validation@300 5.568 (best 5.568)
[03:22:24]     restart 0 step 349 h=216: loss 7.769 |g| 0.986 validation@300 5.542 (best 5.542)
[03:22:29]     restart 0 step 399 h=216: loss 7.851 |g| 0.89 validation@300 5.530 (best 5.530)
[03:22:35]     restart 0 step 449 h=216: loss 7.809 |g| 0.54 validation@300 5.528 (best 5.528)
[03:22:49]     restart 0 step 499 h=300: loss 5.604 |g| 0.504 validation@300 5.521 (best 5.521)
[03:22:58]     restart 0 step 549 h=300: loss 5.790 |g| 0.696 validation@300 5.523 (best 5.521)
[03:23:04]     restart 0 step 599 h=300: loss 5.537 |g| 0.679 validation@300 5.521 (best 5.521)
[03:23:11]   est n=64 M=100 seed=2: cost_test 1627.0 gap -53.8 (110s)
[03:23:11] done  est_n64_M100 in 393s: {'n': 64, 'M': 100, 'cost_test': 1622.523681640625}
[03:23:11] start est_n64_M400
[03:24:33]     policy search: 600 steps x 1 restarts, batch 128, horizons [50, 133, 216, 300], validation loss of the initial policy 2529.287
[03:24:40]     restart 0 step 49 h=50: loss 47.238 |g| 24.7 validation@300 12453.172 (best 2529.287)
[03:24:42]     restart 0 step 99 h=50: loss 33.638 |g| 11.9 validation@300 22628.271 (best 2529.287)
[03:24:44]     restart 0 step 149 h=50: loss 32.273 |g| 11 validation@300 9632.671 (best 2529.287)
[03:24:52]     restart 0 step 199 h=133: loss 12.124 |g| 2.12 validation@300 5.440 (best 5.440)
[03:24:56]     restart 0 step 249 h=133: loss 11.915 |g| 1.51 validation@300 5.396 (best 5.396)
[03:25:00]     restart 0 step 299 h=133: loss 12.209 |g| 2.1 validation@300 5.381 (best 5.381)
[03:25:12]     restart 0 step 349 h=216: loss 7.467 |g| 0.743 validation@300 5.367 (best 5.367)
[03:25:18]     restart 0 step 399 h=216: loss 7.580 |g| 0.808 validation@300 5.358 (best 5.358)
[03:25:25]     restart 0 step 449 h=216: loss 7.350 |g| 0.577 validation@300 5.354 (best 5.354)
[03:25:40]     restart 0 step 499 h=300: loss 5.609 |g| 0.703 validation@300 5.351 (best 5.351)
[03:25:49]     restart 0 step 549 h=300: loss 5.490 |g| 0.823 validation@300 5.350 (best 5.350)
[03:25:58]     restart 0 step 599 h=300: loss 5.555 |g| 0.598 validation@300 5.350 (best 5.350)
[03:26:05]   est n=64 M=400 seed=0: cost_test 1607.9 gap -37.0 (175s)
[03:27:19]     policy search: 600 steps x 1 restarts, batch 128, horizons [50, 133, 216, 300], validation loss of the initial policy 2124.532
[03:27:27]     restart 0 step 49 h=50: loss 45.061 |g| 26.1 validation@300 13693.970 (best 2124.532)
[03:27:31]     restart 0 step 99 h=50: loss 31.354 |g| 6.45 validation@300 30913.297 (best 2124.532)
[03:27:34]     restart 0 step 149 h=50: loss 31.899 |g| 8.93 validation@300 8835.157 (best 2124.532)
[03:27:45]     restart 0 step 199 h=133: loss 11.598 |g| 1.3 validation@300 5.407 (best 5.407)
[03:27:52]     restart 0 step 249 h=133: loss 12.610 |g| 1.62 validation@300 5.390 (best 5.390)
[03:27:58]     restart 0 step 299 h=133: loss 12.005 |g| 1.53 validation@300 5.377 (best 5.377)
[03:28:12]     restart 0 step 349 h=216: loss 7.517 |g| 0.752 validation@300 5.369 (best 5.369)
[03:28:21]     restart 0 step 399 h=216: loss 7.538 |g| 0.842 validation@300 5.360 (best 5.360)
[03:28:31]     restart 0 step 449 h=216: loss 7.307 |g| 0.568 validation@300 5.357 (best 5.357)
[03:28:41]     restart 0 step 499 h=300: loss 5.325 |g| 0.45 validation@300 5.356 (best 5.356)
[03:28:51]     restart 0 step 549 h=300: loss 5.284 |g| 0.691 validation@300 5.353 (best 5.353)
[03:29:04]     restart 0 step 599 h=300: loss 5.481 |g| 0.462 validation@300 5.354 (best 5.353)
[03:29:10]   est n=64 M=400 seed=1: cost_test 1606.4 gap -16.3 (185s)
[03:30:28]     policy search: 600 steps x 1 restarts, batch 128, horizons [50, 133, 216, 300], validation loss of the initial policy 3186.829
[03:30:35]     restart 0 step 49 h=50: loss 49.658 |g| 34.2 validation@300 17365.277 (best 3186.829)
[03:30:36]     restart 0 step 99 h=50: loss 32.514 |g| 7.17 validation@300 28361.154 (best 3186.829)
[03:30:41]     restart 0 step 149 h=50: loss 32.348 |g| 4.31 validation@300 9674.880 (best 3186.829)
[03:30:53]     restart 0 step 199 h=133: loss 12.364 |g| 3.48 validation@300 5.546 (best 5.546)
[03:30:59]     restart 0 step 249 h=133: loss 11.756 |g| 1.44 validation@300 5.513 (best 5.513)
[03:31:03]     restart 0 step 299 h=133: loss 11.708 |g| 1.81 validation@300 5.500 (best 5.500)
[03:31:13]     restart 0 step 349 h=216: loss 7.687 |g| 1.22 validation@300 5.491 (best 5.491)
[03:31:26]     restart 0 step 399 h=216: loss 7.302 |g| 1.31 validation@300 5.482 (best 5.482)
[03:31:32]     restart 0 step 449 h=216: loss 7.776 |g| 1.08 validation@300 5.480 (best 5.480)
[03:31:44]     restart 0 step 499 h=300: loss 5.614 |g| 0.477 validation@300 5.474 (best 5.474)
[03:31:51]     restart 0 step 549 h=300: loss 5.530 |g| 0.823 validation@300 5.472 (best 5.472)
[03:31:58]     restart 0 step 599 h=300: loss 5.724 |g| 2.17 validation@300 5.471 (best 5.471)
[03:32:05]   est n=64 M=400 seed=2: cost_test 1600.9 gap 6.4 (174s)
[03:32:05] done  est_n64_M400 in 534s: {'n': 64, 'M': 400, 'cost_test': 1605.0738525390625}
[03:32:05] start est_n64_M1600
[03:36:34]     policy search: 600 steps x 1 restarts, batch 128, horizons [50, 133, 216, 300], validation loss of the initial policy 677.837
[03:36:44]     restart 0 step 49 h=50: loss 47.529 |g| 25.5 validation@300 16722.477 (best 677.837)
[03:36:48]     restart 0 step 99 h=50: loss 32.967 |g| 5.72 validation@300 23121.004 (best 677.837)
[03:36:51]     restart 0 step 149 h=50: loss 32.727 |g| 4.64 validation@300 2449.998 (best 677.837)
[03:36:59]     restart 0 step 199 h=133: loss 12.145 |g| 1.53 validation@300 5.559 (best 5.559)
[03:37:03]     restart 0 step 249 h=133: loss 12.146 |g| 2.33 validation@300 5.532 (best 5.532)
[03:37:12]     restart 0 step 299 h=133: loss 11.810 |g| 1.53 validation@300 5.515 (best 5.515)
[03:37:31]     restart 0 step 349 h=216: loss 7.249 |g| 1.01 validation@300 5.498 (best 5.498)
[03:37:44]     restart 0 step 399 h=216: loss 7.680 |g| 1.36 validation@300 5.489 (best 5.489)
[03:37:57]     restart 0 step 449 h=216: loss 7.510 |g| 0.69 validation@300 5.484 (best 5.484)
[03:38:19]     restart 0 step 499 h=300: loss 5.522 |g| 0.623 validation@300 5.483 (best 5.483)
[03:38:35]     restart 0 step 549 h=300: loss 5.353 |g| 0.406 validation@300 5.480 (best 5.480)
[03:38:50]     restart 0 step 599 h=300: loss 5.637 |g| 0.665 validation@300 5.480 (best 5.480)
[03:38:59]   est n=64 M=1600 seed=0: cost_test 1600.4 gap -20.3 (414s)
[03:43:48]     policy search: 600 steps x 1 restarts, batch 128, horizons [50, 133, 216, 300], validation loss of the initial policy 1211.979
[03:44:01]     restart 0 step 49 h=50: loss 44.590 |g| 22.5 validation@300 10918.945 (best 1211.979)
[03:44:08]     restart 0 step 99 h=50: loss 31.513 |g| 7.31 validation@300 19225.508 (best 1211.979)
[03:44:15]     restart 0 step 149 h=50: loss 31.346 |g| 6.82 validation@300 4055.670 (best 1211.979)
[03:44:30]     restart 0 step 199 h=133: loss 11.313 |g| 0.612 validation@300 5.622 (best 5.622)
[03:44:40]     restart 0 step 249 h=133: loss 12.855 |g| 0.95 validation@300 5.601 (best 5.601)
[03:44:45]     restart 0 step 299 h=133: loss 11.582 |g| 1.81 validation@300 5.588 (best 5.588)
[03:44:55]     restart 0 step 349 h=216: loss 7.642 |g| 0.938 validation@300 5.576 (best 5.576)
[03:45:00]     restart 0 step 399 h=216: loss 7.320 |g| 0.767 validation@300 5.569 (best 5.569)
[03:45:06]     restart 0 step 449 h=216: loss 7.655 |g| 1.53 validation@300 5.564 (best 5.564)
[03:45:19]     restart 0 step 499 h=300: loss 5.496 |g| 0.802 validation@300 5.563 (best 5.563)
[03:45:28]     restart 0 step 549 h=300: loss 5.375 |g| 0.67 validation@300 5.561 (best 5.561)
[03:45:35]     restart 0 step 599 h=300: loss 5.300 |g| 0.458 validation@300 5.562 (best 5.561)
[03:45:42]   est n=64 M=1600 seed=1: cost_test 1598.8 gap -32.1 (402s)
[03:51:06]     policy search: 600 steps x 1 restarts, batch 128, horizons [50, 133, 216, 300], validation loss of the initial policy 7151.863
[03:51:13]     restart 0 step 49 h=50: loss 48.928 |g| 33.2 validation@300 17042.555 (best 7151.863)
[03:51:14]     restart 0 step 99 h=50: loss 33.438 |g| 10.6 validation@300 18121.340 (best 7151.863)
[03:51:19]     restart 0 step 149 h=50: loss 32.949 |g| 4.62 validation@300 11443.818 (best 7151.863)
[03:51:30]     restart 0 step 199 h=133: loss 11.737 |g| 1.75 validation@300 5.682 (best 5.682)
[03:51:34]     restart 0 step 249 h=133: loss 12.007 |g| 2.33 validation@300 5.646 (best 5.646)
[03:51:37]     restart 0 step 299 h=133: loss 11.828 |g| 1.91 validation@300 5.639 (best 5.639)
[03:51:52]     restart 0 step 349 h=216: loss 7.751 |g| 2.04 validation@300 5.621 (best 5.621)
[03:52:01]     restart 0 step 399 h=216: loss 7.265 |g| 1.2 validation@300 5.613 (best 5.613)
[03:52:06]     restart 0 step 449 h=216: loss 7.641 |g| 0.699 validation@300 5.609 (best 5.609)
[03:52:20]     restart 0 step 499 h=300: loss 5.507 |g| 0.644 validation@300 5.607 (best 5.607)
[03:52:26]     restart 0 step 549 h=300: loss 5.630 |g| 0.805 validation@300 5.604 (best 5.604)
[03:52:33]     restart 0 step 599 h=300: loss 5.468 |g| 0.756 validation@300 5.604 (best 5.604)
[03:52:40]   est n=64 M=1600 seed=2: cost_test 1602.4 gap -49.6 (419s)
[03:52:40] done  est_n64_M1600 in 1235s: {'n': 64, 'M': 1600, 'cost_test': 1600.5276285807292}
[03:52:40] start est_n128_M100
[03:53:08]     policy search: 600 steps x 1 restarts, batch 128, horizons [50, 133, 216, 300], validation loss of the initial policy 7359.898
[03:53:18]     restart 0 step 49 h=50: loss 48.974 |g| 35.6 validation@300 21379.045 (best 7359.898)
[03:53:22]     restart 0 step 99 h=50: loss 34.452 |g| 6.79 validation@300 24181.170 (best 7359.898)
[03:53:27]     restart 0 step 149 h=50: loss 31.463 |g| 7.01 validation@300 4096.791 (best 4096.791)
[03:53:39]     restart 0 step 199 h=133: loss 12.040 |g| 2.31 validation@300 5.546 (best 5.546)
[03:53:46]     restart 0 step 249 h=133: loss 11.970 |g| 2.01 validation@300 5.486 (best 5.486)
[03:53:52]     restart 0 step 299 h=133: loss 12.668 |g| 2.57 validation@300 5.466 (best 5.466)
[03:54:03]     restart 0 step 349 h=216: loss 7.535 |g| 1.16 validation@300 5.442 (best 5.442)
[03:54:08]     restart 0 step 399 h=216: loss 7.495 |g| 1.06 validation@300 5.432 (best 5.432)
[03:54:12]     restart 0 step 449 h=216: loss 7.315 |g| 1.15 validation@300 5.428 (best 5.428)
[03:54:25]     restart 0 step 499 h=300: loss 5.409 |g| 0.886 validation@300 5.424 (best 5.424)
[03:54:31]     restart 0 step 549 h=300: loss 5.840 |g| 0.811 validation@300 5.420 (best 5.420)
[03:54:38]     restart 0 step 599 h=300: loss 5.685 |g| 0.784 validation@300 5.420 (best 5.420)
[03:54:46]   est n=128 M=100 seed=0: cost_test 1630.2 gap -39.0 (126s)
[03:55:10]     policy search: 600 steps x 1 restarts, batch 128, horizons [50, 133, 216, 300], validation loss of the initial policy 2618.989
[03:55:20]     restart 0 step 49 h=50: loss 47.174 |g| 26.3 validation@300 11820.195 (best 2618.989)
[03:55:23]     restart 0 step 99 h=50: loss 32.268 |g| 11.6 validation@300 23514.801 (best 2618.989)
[03:55:25]     restart 0 step 149 h=50: loss 31.580 |g| 9.39 validation@300 5098.502 (best 2618.989)
[03:55:37]     restart 0 step 199 h=133: loss 12.121 |g| 2.66 validation@300 5.510 (best 5.510)
[03:55:44]     restart 0 step 249 h=133: loss 12.090 |g| 2.38 validation@300 5.461 (best 5.461)
[03:55:50]     restart 0 step 299 h=133: loss 12.194 |g| 1.33 validation@300 5.440 (best 5.440)
[03:56:00]     restart 0 step 349 h=216: loss 7.656 |g| 1.36 validation@300 5.419 (best 5.419)
[03:56:04]     restart 0 step 399 h=216: loss 7.650 |g| 0.807 validation@300 5.409 (best 5.409)
[03:56:11]     restart 0 step 449 h=216: loss 7.142 |g| 0.668 validation@300 5.405 (best 5.405)
[03:56:23]     restart 0 step 499 h=300: loss 5.159 |g| 0.504 validation@300 5.401 (best 5.401)
[03:56:29]     restart 0 step 549 h=300: loss 5.489 |g| 0.573 validation@300 5.400 (best 5.400)
[03:56:37]     restart 0 step 599 h=300: loss 5.397 |g| 2.57 validation@300 5.399 (best 5.399)
[03:56:43]   est n=128 M=100 seed=1: cost_test 1622.1 gap -23.1 (117s)
[03:57:08]     policy search: 600 steps x 1 restarts, batch 128, horizons [50, 133, 216, 300], validation loss of the initial policy 2941.352
[03:57:17]     restart 0 step 49 h=50: loss 49.208 |g| 30.2 validation@300 8417.500 (best 2941.352)
[03:57:20]     restart 0 step 99 h=50: loss 33.770 |g| 9.74 validation@300 22229.676 (best 2941.352)
[03:57:21]     restart 0 step 149 h=50: loss 31.286 |g| 12.1 validation@300 10177.181 (best 2941.352)
[03:57:33]     restart 0 step 199 h=133: loss 12.936 |g| 3.53 validation@300 5.512 (best 5.512)
[03:57:40]     restart 0 step 249 h=133: loss 11.965 |g| 2.15 validation@300 5.466 (best 5.466)
[03:57:46]     restart 0 step 299 h=133: loss 13.189 |g| 2.6 validation@300 5.452 (best 5.452)
[03:57:56]     restart 0 step 349 h=216: loss 7.989 |g| 1.22 validation@300 5.439 (best 5.439)
[03:58:00]     restart 0 step 399 h=216: loss 7.647 |g| 1.12 validation@300 5.428 (best 5.428)
[03:58:06]     restart 0 step 449 h=216: loss 7.665 |g| 0.89 validation@300 5.426 (best 5.426)
[03:58:23]     restart 0 step 499 h=300: loss 5.466 |g| 0.527 validation@300 5.422 (best 5.422)
[03:58:29]     restart 0 step 549 h=300: loss 5.853 |g| 1.15 validation@300 5.420 (best 5.420)
[03:58:36]     restart 0 step 599 h=300: loss 5.599 |g| 0.953 validation@300 5.419 (best 5.419)
[03:58:42]   est n=128 M=100 seed=2: cost_test 1634.7 gap -1.4 (119s)
[03:58:42] done  est_n128_M100 in 362s: {'n': 128, 'M': 100, 'cost_test': 1628.9923909505208}
[03:58:42] start est_n128_M400
[04:00:05]     policy search: 600 steps x 1 restarts, batch 128, horizons [50, 133, 216, 300], validation loss of the initial policy 2605.056
[04:00:14]     restart 0 step 49 h=50: loss 48.271 |g| 20.7 validation@300 11602.102 (best 2605.056)
[04:00:18]     restart 0 step 99 h=50: loss 32.696 |g| 10.2 validation@300 24405.031 (best 2605.056)
[04:00:19]     restart 0 step 149 h=50: loss 32.764 |g| 5.57 validation@300 1422.123 (best 1422.123)
[04:00:27]     restart 0 step 199 h=133: loss 12.190 |g| 2.62 validation@300 5.460 (best 5.460)
[04:00:36]     restart 0 step 249 h=133: loss 11.688 |g| 1.54 validation@300 5.429 (best 5.429)
[04:00:44]     restart 0 step 299 h=133: loss 12.184 |g| 1.85 validation@300 5.422 (best 5.422)
[04:00:53]     restart 0 step 349 h=216: loss 7.308 |g| 0.94 validation@300 5.405 (best 5.405)
[04:00:58]     restart 0 step 399 h=216: loss 7.420 |g| 0.784 validation@300 5.399 (best 5.399)
[04:01:04]     restart 0 step 449 h=216: loss 7.373 |g| 0.52 validation@300 5.396 (best 5.396)
[04:01:17]     restart 0 step 499 h=300: loss 5.355 |g| 0.478 validation@300 5.393 (best 5.393)
[04:01:26]     restart 0 step 549 h=300: loss 5.494 |g| 0.502 validation@300 5.392 (best 5.392)
[04:01:35]     restart 0 step 599 h=300: loss 5.555 |g| 0.487 validation@300 5.392 (best 5.392)
[04:01:42]   est n=128 M=400 seed=0: cost_test 1598.6 gap -37.5 (180s)
[04:03:07]     policy search: 600 steps x 1 restarts, batch 128, horizons [50, 133, 216, 300], validation loss of the initial policy 1237.841
[04:03:16]     restart 0 step 49 h=50: loss 48.289 |g| 28.3 validation@300 6456.951 (best 1237.841)
[04:03:18]     restart 0 step 99 h=50: loss 32.649 |g| 10.5 validation@300 23844.057 (best 1237.841)
[04:03:21]     restart 0 step 149 h=50: loss 32.629 |g| 8.45 validation@300 984.004 (best 984.004)
[04:03:29]     restart 0 step 199 h=133: loss 12.764 |g| 2.28 validation@300 5.505 (best 5.505)
[04:03:32]     restart 0 step 249 h=133: loss 11.734 |g| 2.2 validation@300 5.457 (best 5.457)
[04:03:36]     restart 0 step 299 h=133: loss 12.181 |g| 1.87 validation@300 5.437 (best 5.437)
[04:03:48]     restart 0 step 349 h=216: loss 7.342 |g| 1.03 validation@300 5.419 (best 5.419)
[04:03:55]     restart 0 step 399 h=216: loss 7.497 |g| 0.777 validation@300 5.413 (best 5.413)
[04:04:02]     restart 0 step 449 h=216: loss 7.446 |g| 0.802 validation@300 5.406 (best 5.406)
[04:04:16]     restart 0 step 499 h=300: loss 5.604 |g| 0.642 validation@300 5.404 (best 5.404)
[04:04:26]     restart 0 step 549 h=300: loss 5.324 |g| 0.558 validation@300 5.401 (best 5.401)
[04:04:35]     restart 0 step 599 h=300: loss 5.406 |g| 0.54 validation@300 5.400 (best 5.400)
[04:04:42]   est n=128 M=400 seed=1: cost_test 1604.2 gap -47.4 (179s)
[04:06:16]     policy search: 600 steps x 1 restarts, batch 128, horizons [50, 133, 216, 300], validation loss of the initial policy 5229.050
[04:06:29]     restart 0 step 49 h=50: loss 48.315 |g| 31.4 validation@300 12562.672 (best 5229.050)
[04:06:36]     restart 0 step 99 h=50: loss 34.352 |g| 7.71 validation@300 20323.826 (best 5229.050)
[04:06:43]     restart 0 step 149 h=50: loss 32.390 |g| 6.58 validation@300 1538.098 (best 1538.098)
[04:06:59]     restart 0 step 199 h=133: loss 11.539 |g| 3.91 validation@300 5.636 (best 5.636)
[04:07:09]     restart 0 step 249 h=133: loss 12.244 |g| 1.66 validation@300 5.606 (best 5.606)
[04:07:19]     restart 0 step 299 h=133: loss 12.451 |g| 1.95 validation@300 5.585 (best 5.585)
[04:07:37]     restart 0 step 349 h=216: loss 7.665 |g| 1.39 validation@300 5.573 (best 5.573)
[04:07:43]     restart 0 step 399 h=216: loss 7.579 |g| 1.84 validation@300 5.567 (best 5.567)
[04:07:48]     restart 0 step 449 h=216: loss 7.192 |g| 0.999 validation@300 5.564 (best 5.564)
[04:08:00]     restart 0 step 499 h=300: loss 5.318 |g| 0.625 validation@300 5.561 (best 5.561)
[04:08:07]     restart 0 step 549 h=300: loss 5.424 |g| 0.42 validation@300 5.561 (best 5.561)
[04:08:15]     restart 0 step 599 h=300: loss 5.402 |g| 0.753 validation@300 5.560 (best 5.560)
[04:08:22]   est n=128 M=400 seed=2: cost_test 1600.8 gap 22.1 (220s)
[04:08:22] done  est_n128_M400 in 580s: {'n': 128, 'M': 400, 'cost_test': 1601.1990152994792}
[04:08:22] start est_n128_M1600
[04:13:53]     policy search: 600 steps x 1 restarts, batch 128, horizons [50, 133, 216, 300], validation loss of the initial policy 3339.797
[04:14:02]     restart 0 step 49 h=50: loss 49.038 |g| 29.8 validation@300 12461.249 (best 3339.797)
[04:14:06]     restart 0 step 99 h=50: loss 32.298 |g| 7.63 validation@300 23605.783 (best 3339.797)
[04:14:09]     restart 0 step 149 h=50: loss 30.712 |g| 2.78 validation@300 4594.793 (best 3339.797)
[04:14:21]     restart 0 step 199 h=133: loss 12.086 |g| 1.23 validation@300 5.533 (best 5.533)
[04:14:28]     restart 0 step 249 h=133: loss 12.168 |g| 1.53 validation@300 5.508 (best 5.508)
[04:14:34]     restart 0 step 299 h=133: loss 11.947 |g| 0.934 validation@300 5.497 (best 5.497)
[04:14:49]     restart 0 step 349 h=216: loss 7.567 |g| 0.71 validation@300 5.488 (best 5.488)
[04:14:59]     restart 0 step 399 h=216: loss 7.902 |g| 0.916 validation@300 5.480 (best 5.480)
[04:15:09]     restart 0 step 449 h=216: loss 7.627 |g| 0.794 validation@300 5.475 (best 5.475)
[04:15:20]     restart 0 step 499 h=300: loss 5.195 |g| 0.558 validation@300 5.473 (best 5.473)
[04:15:30]     restart 0 step 549 h=300: loss 5.284 |g| 0.373 validation@300 5.470 (best 5.470)
[04:15:46]     restart 0 step 599 h=300: loss 5.258 |g| 1.69 validation@300 5.472 (best 5.470)
[04:15:55]   est n=128 M=1600 seed=0: cost_test 1589.3 gap -30.5 (453s)
[04:21:05]     policy search: 600 steps x 1 restarts, batch 128, horizons [50, 133, 216, 300], validation loss of the initial policy 1270.233
[04:21:12]     restart 0 step 49 h=50: loss 47.567 |g| 27.1 validation@300 12778.338 (best 1270.233)
[04:21:14]     restart 0 step 99 h=50: loss 33.186 |g| 8.14 validation@300 22379.420 (best 1270.233)
[04:21:15]     restart 0 step 149 h=50: loss 31.443 |g| 3.1 validation@300 4239.042 (best 1270.233)
[04:21:23]     restart 0 step 199 h=133: loss 12.062 |g| 2.05 validation@300 5.576 (best 5.576)
[04:21:27]     restart 0 step 249 h=133: loss 11.811 |g| 1.93 validation@300 5.546 (best 5.546)
[04:21:30]     restart 0 step 299 h=133: loss 12.050 |g| 1.31 validation@300 5.532 (best 5.532)
[04:21:39]     restart 0 step 349 h=216: loss 7.461 |g| 0.788 validation@300 5.523 (best 5.523)
[04:21:44]     restart 0 step 399 h=216: loss 7.871 |g| 0.724 validation@300 5.515 (best 5.515)
[04:21:48]     restart 0 step 449 h=216: loss 7.530 |g| 1.34 validation@300 5.511 (best 5.511)
[04:21:59]     restart 0 step 499 h=300: loss 5.181 |g| 0.854 validation@300 5.509 (best 5.509)
[04:22:05]     restart 0 step 549 h=300: loss 5.304 |g| 0.477 validation@300 5.507 (best 5.507)
[04:22:11]     restart 0 step 599 h=300: loss 5.562 |g| 0.545 validation@300 5.507 (best 5.507)
[04:22:17]   est n=128 M=1600 seed=1: cost_test 1591.1 gap -33.2 (382s)
[04:25:22]     policy search: 600 steps x 1 restarts, batch 128, horizons [50, 133, 216, 300], validation loss of the initial policy 1582.645
[04:25:28]     restart 0 step 49 h=50: loss 47.209 |g| 32.8 validation@300 8236.618 (best 1582.645)
[04:25:30]     restart 0 step 99 h=50: loss 33.111 |g| 9.4 validation@300 22955.314 (best 1582.645)
[04:25:32]     restart 0 step 149 h=50: loss 30.732 |g| 7.02 validation@300 2325.763 (best 1582.645)
[04:25:40]     restart 0 step 199 h=133: loss 12.072 |g| 1.95 validation@300 5.494 (best 5.494)
[04:25:43]     restart 0 step 249 h=133: loss 12.098 |g| 1.36 validation@300 5.471 (best 5.471)
[04:25:46]     restart 0 step 299 h=133: loss 12.231 |g| 1.9 validation@300 5.459 (best 5.459)
[04:25:55]     restart 0 step 349 h=216: loss 7.459 |g| 0.968 validation@300 5.443 (best 5.443)
[04:26:00]     restart 0 step 399 h=216: loss 7.249 |g| 0.899 validation@300 5.440 (best 5.440)
[04:26:04]     restart 0 step 449 h=216: loss 7.466 |g| 0.845 validation@300 5.437 (best 5.437)
[04:26:15]     restart 0 step 499 h=300: loss 5.673 |g| 0.529 validation@300 5.435 (best 5.435)
[04:26:21]     restart 0 step 549 h=300: loss 5.450 |g| 1.51 validation@300 5.434 (best 5.434)
[04:26:27]     restart 0 step 599 h=300: loss 5.432 |g| 0.663 validation@300 5.434 (best 5.434)
[04:26:33]   est n=128 M=1600 seed=2: cost_test 1588.7 gap -38.2 (256s)
[04:26:33] done  est_n128_M1600 in 1091s: {'n': 128, 'M': 1600, 'cost_test': 1589.6719563802083}
[04:26:33] start est_n256_M100
[04:26:59]     policy search: 600 steps x 1 restarts, batch 128, horizons [50, 133, 216, 300], validation loss of the initial policy 948.632
[04:27:06]     restart 0 step 49 h=50: loss 46.660 |g| 23.8 validation@300 13879.161 (best 948.632)
[04:27:08]     restart 0 step 99 h=50: loss 33.581 |g| 11.6 validation@300 17376.031 (best 948.632)
[04:27:10]     restart 0 step 149 h=50: loss 31.374 |g| 9.3 validation@300 6116.854 (best 948.632)
[04:27:18]     restart 0 step 199 h=133: loss 12.580 |g| 2.45 validation@300 5.402 (best 5.402)
[04:27:21]     restart 0 step 249 h=133: loss 12.440 |g| 2.06 validation@300 5.363 (best 5.363)
[04:27:24]     restart 0 step 299 h=133: loss 11.663 |g| 3.01 validation@300 5.347 (best 5.347)
[04:27:34]     restart 0 step 349 h=216: loss 7.676 |g| 0.737 validation@300 5.334 (best 5.334)
[04:27:39]     restart 0 step 399 h=216: loss 7.802 |g| 0.55 validation@300 5.327 (best 5.327)
[04:27:43]     restart 0 step 449 h=216: loss 7.740 |g| 0.878 validation@300 5.324 (best 5.324)
[04:27:54]     restart 0 step 499 h=300: loss 5.628 |g| 1.51 validation@300 5.323 (best 5.323)
[04:28:01]     restart 0 step 549 h=300: loss 5.740 |g| 0.875 validation@300 5.322 (best 5.322)
[04:28:07]     restart 0 step 599 h=300: loss 5.576 |g| 0.586 validation@300 5.321 (best 5.321)
[04:28:15]   est n=256 M=100 seed=0: cost_test 1606.3 gap -63.9 (102s)
[04:28:36]     policy search: 600 steps x 1 restarts, batch 128, horizons [50, 133, 216, 300], validation loss of the initial policy 2231.815
[04:28:42]     restart 0 step 49 h=50: loss 47.319 |g| 30.3 validation@300 20998.031 (best 2231.815)
[04:28:44]     restart 0 step 99 h=50: loss 32.011 |g| 13.5 validation@300 23521.660 (best 2231.815)
[04:28:46]     restart 0 step 149 h=50: loss 32.749 |g| 11.8 validation@300 11395.958 (best 2231.815)
[04:28:54]     restart 0 step 199 h=133: loss 12.940 |g| 7.99 validation@300 5.637 (best 5.637)
[04:28:57]     restart 0 step 249 h=133: loss 12.230 |g| 2.44 validation@300 5.537 (best 5.537)
[04:29:00]     restart 0 step 299 h=133: loss 12.489 |g| 2.16 validation@300 5.500 (best 5.500)
[04:29:10]     restart 0 step 349 h=216: loss 7.606 |g| 1.01 validation@300 5.479 (best 5.479)
[04:29:14]     restart 0 step 399 h=216: loss 7.447 |g| 1.1 validation@300 5.468 (best 5.468)
[04:29:19]     restart 0 step 449 h=216: loss 7.611 |g| 0.756 validation@300 5.461 (best 5.461)
[04:29:31]     restart 0 step 499 h=300: loss 5.632 |g| 0.659 validation@300 5.458 (best 5.458)
[04:29:37]     restart 0 step 549 h=300: loss 5.505 |g| 0.97 validation@300 5.457 (best 5.457)
[04:29:43]     restart 0 step 599 h=300: loss 5.431 |g| 0.813 validation@300 5.456 (best 5.456)
[04:29:49]   est n=256 M=100 seed=1: cost_test 1626.0 gap -87.3 (94s)
[04:30:10]     policy search: 600 steps x 1 restarts, batch 128, horizons [50, 133, 216, 300], validation loss of the initial policy 1200.389
[04:30:16]     restart 0 step 49 h=50: loss 46.635 |g| 29.9 validation@300 15467.834 (best 1200.389)
[04:30:18]     restart 0 step 99 h=50: loss 32.495 |g| 9.13 validation@300 21277.404 (best 1200.389)
[04:30:20]     restart 0 step 149 h=50: loss 32.312 |g| 5.9 validation@300 4771.903 (best 1200.389)
[04:30:28]     restart 0 step 199 h=133: loss 12.174 |g| 4.23 validation@300 5.695 (best 5.695)
[04:30:31]     restart 0 step 249 h=133: loss 11.934 |g| 2.5 validation@300 5.641 (best 5.641)
[04:30:34]     restart 0 step 299 h=133: loss 12.421 |g| 2.54 validation@300 5.625 (best 5.625)
[04:30:44]     restart 0 step 349 h=216: loss 7.802 |g| 1.31 validation@300 5.606 (best 5.606)
[04:30:49]     restart 0 step 399 h=216: loss 7.972 |g| 1.16 validation@300 5.599 (best 5.599)
[04:30:53]     restart 0 step 449 h=216: loss 7.677 |g| 1.16 validation@300 5.594 (best 5.594)
[04:31:05]     restart 0 step 499 h=300: loss 5.577 |g| 0.916 validation@300 5.593 (best 5.593)
[04:31:11]     restart 0 step 549 h=300: loss 5.409 |g| 0.822 validation@300 5.591 (best 5.591)
[04:31:17]     restart 0 step 599 h=300: loss 5.607 |g| 0.703 validation@300 5.590 (best 5.590)
[04:31:24]   est n=256 M=100 seed=2: cost_test 1632.4 gap -83.2 (95s)
[04:31:24] done  est_n256_M100 in 290s: {'n': 256, 'M': 100, 'cost_test': 1621.5561116536458}
[04:31:24] start est_n256_M400
[04:32:22]     policy search: 600 steps x 1 restarts, batch 128, horizons [50, 133, 216, 300], validation loss of the initial policy 1168.008
[04:32:29]     restart 0 step 49 h=50: loss 49.170 |g| 27.6 validation@300 12654.362 (best 1168.008)
[04:32:31]     restart 0 step 99 h=50: loss 33.872 |g| 9.32 validation@300 11912.914 (best 1168.008)
[04:32:32]     restart 0 step 149 h=50: loss 32.369 |g| 4.37 validation@300 1952.993 (best 1168.008)
[04:32:40]     restart 0 step 199 h=133: loss 11.802 |g| 2.77 validation@300 5.639 (best 5.639)
[04:32:44]     restart 0 step 249 h=133: loss 12.005 |g| 1.53 validation@300 5.607 (best 5.607)
[04:32:47]     restart 0 step 299 h=133: loss 12.106 |g| 1.83 validation@300 5.591 (best 5.591)
[04:32:56]     restart 0 step 349 h=216: loss 7.175 |g| 0.708 validation@300 5.575 (best 5.575)
[04:33:01]     restart 0 step 399 h=216: loss 7.512 |g| 0.781 validation@300 5.568 (best 5.568)
[04:33:06]     restart 0 step 449 h=216: loss 7.361 |g| 0.644 validation@300 5.566 (best 5.566)
[04:33:17]     restart 0 step 499 h=300: loss 5.630 |g| 0.501 validation@300 5.562 (best 5.562)
[04:33:23]     restart 0 step 549 h=300: loss 5.576 |g| 1.03 validation@300 5.561 (best 5.561)
[04:33:30]     restart 0 step 599 h=300: loss 5.450 |g| 0.883 validation@300 5.560 (best 5.560)
[04:33:37]   est n=256 M=400 seed=0: cost_test 1597.3 gap -75.1 (133s)
[04:34:36]     policy search: 600 steps x 1 restarts, batch 128, horizons [50, 133, 216, 300], validation loss of the initial policy 2422.993
[04:34:42]     restart 0 step 49 h=50: loss 47.810 |g| 27.6 validation@300 9865.398 (best 2422.993)
[04:34:44]     restart 0 step 99 h=50: loss 35.748 |g| 7.4 validation@300 23067.521 (best 2422.993)
[04:34:46]     restart 0 step 149 h=50: loss 32.768 |g| 8.77 validation@300 912.553 (best 912.553)
[04:34:54]     restart 0 step 199 h=133: loss 11.810 |g| 2.48 validation@300 5.469 (best 5.469)
[04:34:57]     restart 0 step 249 h=133: loss 11.880 |g| 1.85 validation@300 5.435 (best 5.435)
[04:35:00]     restart 0 step 299 h=133: loss 12.601 |g| 1.71 validation@300 5.419 (best 5.419)
[04:35:10]     restart 0 step 349 h=216: loss 7.469 |g| 1.25 validation@300 5.406 (best 5.406)
[04:35:14]     restart 0 step 399 h=216: loss 7.653 |g| 1.08 validation@300 5.400 (best 5.400)
[04:35:19]     restart 0 step 449 h=216: loss 7.568 |g| 1.26 validation@300 5.396 (best 5.396)
[04:35:30]     restart 0 step 499 h=300: loss 5.356 |g| 1.16 validation@300 5.393 (best 5.393)
[04:35:37]     restart 0 step 549 h=300: loss 5.575 |g| 0.834 validation@300 5.392 (best 5.392)
[04:35:43]     restart 0 step 599 h=300: loss 5.473 |g| 0.561 validation@300 5.392 (best 5.392)
[04:35:49]   est n=256 M=400 seed=1: cost_test 1592.4 gap -43.7 (132s)
[04:36:48]     policy search: 600 steps x 1 restarts, batch 128, horizons [50, 133, 216, 300], validation loss of the initial policy 3644.272
[04:36:54]     restart 0 step 49 h=50: loss 45.220 |g| 21.8 validation@300 9584.390 (best 3644.272)
[04:36:56]     restart 0 step 99 h=50: loss 32.106 |g| 6.37 validation@300 25744.111 (best 3644.272)
[04:36:58]     restart 0 step 149 h=50: loss 30.296 |g| 4.33 validation@300 8756.889 (best 3644.272)
[04:37:06]     restart 0 step 199 h=133: loss 12.478 |g| 2.94 validation@300 5.465 (best 5.465)
[04:37:09]     restart 0 step 249 h=133: loss 12.342 |g| 1.61 validation@300 5.431 (best 5.431)
[04:37:12]     restart 0 step 299 h=133: loss 12.462 |g| 2.05 validation@300 5.409 (best 5.409)
[04:37:22]     restart 0 step 349 h=216: loss 7.762 |g| 1.13 validation@300 5.398 (best 5.398)
[04:37:26]     restart 0 step 399 h=216: loss 7.434 |g| 1.43 validation@300 5.393 (best 5.393)
[04:37:31]     restart 0 step 449 h=216: loss 7.621 |g| 0.754 validation@300 5.385 (best 5.385)
[04:37:43]     restart 0 step 499 h=300: loss 5.063 |g| 0.957 validation@300 5.383 (best 5.383)
[04:37:49]     restart 0 step 549 h=300: loss 5.137 |g| 3.65 validation@300 5.381 (best 5.381)
[04:37:55]     restart 0 step 599 h=300: loss 5.484 |g| 0.512 validation@300 5.381 (best 5.381)
[04:38:01]   est n=256 M=400 seed=2: cost_test 1598.6 gap -19.3 (132s)
[04:38:01] done  est_n256_M400 in 398s: {'n': 256, 'M': 400, 'cost_test': 1596.1121419270833}
[04:38:01] start est_n256_M1600
[04:41:06]     policy search: 600 steps x 1 restarts, batch 128, horizons [50, 133, 216, 300], validation loss of the initial policy 1424.210
[04:41:12]     restart 0 step 49 h=50: loss 45.212 |g| 24.1 validation@300 13743.301 (best 1424.210)
[04:41:14]     restart 0 step 99 h=50: loss 32.601 |g| 7.22 validation@300 18589.104 (best 1424.210)
[04:41:16]     restart 0 step 149 h=50: loss 31.721 |g| 5.49 validation@300 7972.475 (best 1424.210)
[04:41:24]     restart 0 step 199 h=133: loss 12.042 |g| 1.95 validation@300 5.604 (best 5.604)
[04:41:27]     restart 0 step 249 h=133: loss 12.152 |g| 1.96 validation@300 5.570 (best 5.570)
[04:41:30]     restart 0 step 299 h=133: loss 12.241 |g| 1.53 validation@300 5.556 (best 5.556)
[04:41:40]     restart 0 step 349 h=216: loss 7.633 |g| 0.769 validation@300 5.541 (best 5.541)
[04:41:44]     restart 0 step 399 h=216: loss 7.523 |g| 0.512 validation@300 5.537 (best 5.537)
[04:41:49]     restart 0 step 449 h=216: loss 7.320 |g| 0.505 validation@300 5.528 (best 5.528)
[04:42:01]     restart 0 step 499 h=300: loss 5.266 |g| 0.588 validation@300 5.528 (best 5.528)
[04:42:07]     restart 0 step 549 h=300: loss 5.504 |g| 0.962 validation@300 5.527 (best 5.527)
[04:42:13]     restart 0 step 599 h=300: loss 5.409 |g| 0.512 validation@300 5.526 (best 5.526)
[04:42:20]   est n=256 M=1600 seed=0: cost_test 1582.6 gap -36.6 (259s)
[04:45:24]     policy search: 600 steps x 1 restarts, batch 128, horizons [50, 133, 216, 300], validation loss of the initial policy 1962.384
[04:45:31]     restart 0 step 49 h=50: loss 47.732 |g| 27 validation@300 26895.283 (best 1962.384)
[04:45:33]     restart 0 step 99 h=50: loss 34.355 |g| 6.32 validation@300 22969.652 (best 1962.384)
[04:45:34]     restart 0 step 149 h=50: loss 30.620 |g| 6.37 validation@300 2532.102 (best 1962.384)
[04:45:42]     restart 0 step 199 h=133: loss 11.937 |g| 1.72 validation@300 5.478 (best 5.478)
[04:45:46]     restart 0 step 249 h=133: loss 11.809 |g| 1.56 validation@300 5.450 (best 5.450)
[04:45:49]     restart 0 step 299 h=133: loss 12.106 |g| 2.15 validation@300 5.438 (best 5.438)
[04:45:58]     restart 0 step 349 h=216: loss 7.671 |g| 1.08 validation@300 5.432 (best 5.432)
[04:46:03]     restart 0 step 399 h=216: loss 7.376 |g| 0.516 validation@300 5.427 (best 5.427)
[04:46:08]     restart 0 step 449 h=216: loss 7.533 |g| 1.1 validation@300 5.424 (best 5.424)
[04:46:19]     restart 0 step 499 h=300: loss 5.565 |g| 0.676 validation@300 5.422 (best 5.422)
[04:46:25]     restart 0 step 549 h=300: loss 5.344 |g| 2.11 validation@300 5.421 (best 5.421)
[04:46:32]     restart 0 step 599 h=300: loss 5.418 |g| 0.674 validation@300 5.423 (best 5.421)
[04:46:38]   est n=256 M=1600 seed=1: cost_test 1585.0 gap -35.0 (258s)
[04:49:42]     policy search: 600 steps x 1 restarts, batch 128, horizons [50, 133, 216, 300], validation loss of the initial policy 2331.884
[04:49:49]     restart 0 step 49 h=50: loss 48.216 |g| 33.2 validation@300 7145.012 (best 2331.884)
[04:49:50]     restart 0 step 99 h=50: loss 33.822 |g| 7.07 validation@300 26954.635 (best 2331.884)
[04:49:52]     restart 0 step 149 h=50: loss 32.159 |g| 5.65 validation@300 6084.774 (best 2331.884)
[04:50:00]     restart 0 step 199 h=133: loss 11.706 |g| 1.89 validation@300 5.370 (best 5.370)
[04:50:03]     restart 0 step 249 h=133: loss 11.867 |g| 1.5 validation@300 5.337 (best 5.337)
[04:50:06]     restart 0 step 299 h=133: loss 11.510 |g| 1.71 validation@300 5.329 (best 5.329)
[04:50:16]     restart 0 step 349 h=216: loss 7.559 |g| 1.04 validation@300 5.319 (best 5.319)
[04:50:21]     restart 0 step 399 h=216: loss 7.522 |g| 0.723 validation@300 5.312 (best 5.312)
[04:50:25]     restart 0 step 449 h=216: loss 7.369 |g| 0.731 validation@300 5.311 (best 5.311)
[04:50:37]     restart 0 step 499 h=300: loss 5.609 |g| 0.989 validation@300 5.309 (best 5.309)
[04:50:43]     restart 0 step 549 h=300: loss 5.278 |g| 1.61 validation@300 5.308 (best 5.308)
[04:50:49]     restart 0 step 599 h=300: loss 5.334 |g| 0.571 validation@300 5.308 (best 5.308)
[04:50:56]   est n=256 M=1600 seed=2: cost_test 1584.9 gap -33.2 (258s)
[04:50:56] done  est_n256_M1600 in 774s: {'n': 256, 'M': 1600, 'cost_test': 1584.1530354817708}
[04:50:56] finished, 0 failed
