[22:48:09] E1: 11 units on {'jax': '0.10.2', 'backend': 'gpu', 'device': 'cuda:0', 'n_devices': 1}
[22:48:09] start train_s0
[22:49:32]   estimators trained: {'est_x': 0.022559020668268204, 'est_z': 0.1046433225274086, 'est_f': 0.2710711359977722, 'est_g': 0.13129672408103943}  (80s)
[22:56:06]   recogniser trained: final loss 0.826, accuracy on training poses 0.600  (474s)
[22:56:13]     policy search: 3000 steps x 3 restarts, batch 256, horizons [50, 133, 216, 300], validation loss of the initial policy 4357.741
[22:56:28]     restart 0 step 149 h=50: loss 31.513 |g| 4.21 validation@300 2945.665 (best 2945.665)
[22:56:34]     restart 0 step 299 h=50: loss 31.942 |g| 3.81 validation@300 5.581 (best 5.581)
[22:56:41]     restart 0 step 449 h=50: loss 31.578 |g| 4.03 validation@300 5.555 (best 5.555)
[22:56:47]     restart 0 step 599 h=50: loss 32.655 |g| 2.31 validation@300 5.538 (best 5.538)
[22:56:50]     restart 0 step 674 h=50: non-finite loss/gradient (loss 31.1, |g| nan); step skipped, learning rate x0.5
[22:56:54]     restart 0 step 749 h=50: loss 30.873 |g| 1.6 validation@300 5.531 (best 5.531)
[22:57:12]     restart 0 step 899 h=133: loss 11.848 |g| 0.89 validation@300 5.482 (best 5.482)
[22:57:25]     restart 0 step 1049 h=133: loss 12.015 |g| 0.746 validation@300 5.469 (best 5.469)
[22:57:36]     restart 0 step 1174 h=133: non-finite loss/gradient (loss 11.9, |g| nan); step skipped, learning rate x0.25
[22:57:38]     restart 0 step 1199 h=133: loss 11.513 |g| 0.618 validation@300 5.458 (best 5.458)
[22:57:42]     restart 0 step 1243 h=133: non-finite loss/gradient (loss 11.9, |g| nan); step skipped, learning rate x0.125
[22:57:51]     restart 0 step 1349 h=133: loss 11.751 |g| 0.529 validation@300 5.455 (best 5.455)
[22:58:04]     restart 0 step 1499 h=133: loss 11.797 |g| 0.722 validation@300 5.453 (best 5.453)
[22:58:29]     restart 0 step 1649 h=216: loss 7.524 |g| 0.444 validation@300 5.451 (best 5.451)
[22:58:36]     restart 0 step 1709 h=216: non-finite loss/gradient (loss 7.38, |g| nan); step skipped, learning rate x0.0625
[22:58:43]     restart 0 step 1761 h=216: non-finite loss/gradient (loss 7.35, |g| nan); step skipped, learning rate x0.03125
[22:58:48]     restart 0 step 1799 h=216: loss 7.447 |g| 0.431 validation@300 5.449 (best 5.449)
[22:59:08]     restart 0 step 1949 h=216: loss 7.566 |g| 0.355 validation@300 5.449 (best 5.449)
[22:59:25]     restart 0 step 2081 h=216: non-finite loss/gradient (loss 7.38, |g| nan); step skipped, learning rate x0.015625
[22:59:27]     restart 0 step 2099 h=216: loss 7.325 |g| 0.346 validation@300 5.449 (best 5.449)
[22:59:32]     restart 0 step 2132 h=216: non-finite loss/gradient (loss 7.41, |g| nan); step skipped, learning rate x0.015625
[22:59:47]     restart 0 step 2249 h=216: loss 7.449 |g| 0.376 validation@300 5.449 (best 5.449)
[23:00:16]     restart 0 step 2387 h=300: non-finite loss/gradient (loss 5.38, |g| nan); step skipped, learning rate x0.015625
[23:00:18]     restart 0 step 2399 h=300: loss 5.349 |g| 0.43 validation@300 5.449 (best 5.449)
[23:00:38]     restart 0 step 2511 h=300: non-finite loss/gradient (loss 5.49, |g| nan); step skipped, learning rate x0.015625
[23:00:45]     restart 0 step 2549 h=300: loss 5.362 |g| 0.367 validation@300 5.449 (best 5.449)
[23:01:11]     restart 0 step 2699 h=300: loss 5.520 |g| 0.736 validation@300 5.449 (best 5.449)
[23:01:14]     restart 0 step 2720 h=300: non-finite loss/gradient (loss 5.34, |g| nan); step skipped, learning rate x0.015625
[23:01:37]     restart 0 step 2849 h=300: loss 5.367 |g| 0.316 validation@300 5.449 (best 5.449)
[23:01:52]     restart 0 step 2936 h=300: non-finite loss/gradient (loss 5.42, |g| nan); step skipped, learning rate x0.015625
[23:02:03]     restart 0 step 2999 h=300: loss 5.329 |g| 0.469 validation@300 5.449 (best 5.449)
[23:02:10]     restart 1 step 149 h=50: loss 31.312 |g| 3.06 validation@300 9223.710 (best 5.449)
[23:02:13]     restart 1 step 212 h=50: non-finite loss/gradient (loss 31.6, |g| nan); step skipped, learning rate x0.5
[23:02:16]     restart 1 step 299 h=50: loss 31.373 |g| 1.7 validation@300 5.578 (best 5.449)
[23:02:23]     restart 1 step 449 h=50: loss 30.769 |g| 2.1 validation@300 5.550 (best 5.449)
[23:02:26]     restart 1 step 516 h=50: non-finite loss/gradient (loss 30.8, |g| nan); step skipped, learning rate x0.25
[23:02:29]     restart 1 step 599 h=50: loss 31.719 |g| 2.76 validation@300 5.550 (best 5.449)
[23:02:33]     restart 1 step 689 h=50: non-finite loss/gradient (loss 32.2, |g| nan); step skipped, learning rate x0.125
[23:02:36]     restart 1 step 747 h=50: non-finite loss/gradient (loss 32, |g| nan); step skipped, learning rate x0.0625
[23:02:36]     restart 1 step 749 h=50: loss 31.570 |g| 2.52 validation@300 5.546 (best 5.449)
[23:02:45]     restart 1 step 857 h=133: non-finite loss/gradient (loss 12.2, |g| nan); step skipped, learning rate x0.03125
[23:02:48]     restart 1 step 899 h=133: loss 11.979 |g| 0.711 validation@300 5.530 (best 5.449)
[23:03:00]     restart 1 step 1032 h=133: non-finite loss/gradient (loss 11.9, |g| nan); step skipped, learning rate x0.015625
[23:03:01]     restart 1 step 1049 h=133: loss 12.294 |g| 0.617 validation@300 5.526 (best 5.449)
[23:03:14]     restart 1 step 1199 h=133: loss 12.556 |g| 0.74 validation@300 5.526 (best 5.449)
[23:03:24]     restart 1 step 1317 h=133: non-finite loss/gradient (loss 11.7, |g| nan); step skipped, learning rate x0.015625
[23:03:26]     restart 1 step 1335 h=133: non-finite loss/gradient (loss 12, |g| nan); step skipped, learning rate x0.015625
[23:03:27]     restart 1 step 1349 h=133: loss 12.091 |g| 0.938 validation@300 5.524 (best 5.449)
[23:03:32]     restart 1 step 1406 h=133: non-finite loss/gradient (loss 11.8, |g| nan); step skipped, learning rate x0.015625
[23:03:40]     restart 1 step 1499 h=133: loss 12.173 |g| 1.47 validation@300 5.524 (best 5.449)
[23:03:46]     restart 1 step 1549 h=216: non-finite loss/gradient (loss 7.58, |g| nan); step skipped, learning rate x0.015625
[23:03:48]     restart 1 step 1561 h=216: non-finite loss/gradient (loss 7.58, |g| nan); step skipped, learning rate x0.015625
[23:03:54]     restart 1 step 1611 h=216: non-finite loss/gradient (loss 7.5, |g| nan); step skipped, learning rate x0.015625
[23:03:56]     restart 1 step 1624 h=216: non-finite loss/gradient (loss 7.37, |g| nan); step skipped, learning rate x0.015625
[23:03:59]     restart 1 step 1649 h=216: loss 7.585 |g| 1.21 validation@300 5.522 (best 5.449)
[23:04:19]     restart 1 step 1799 h=216: loss 7.537 |g| 0.806 validation@300 5.521 (best 5.449)
[23:04:38]     restart 1 step 1949 h=216: loss 7.261 |g| 0.711 validation@300 5.520 (best 5.449)
[23:04:38]     restart 1 step 1951 h=216: non-finite loss/gradient (loss 7.3, |g| nan); step skipped, learning rate x0.015625
[23:04:57]     restart 1 step 2099 h=216: loss 7.394 |g| 0.574 validation@300 5.520 (best 5.449)
[23:05:17]     restart 1 step 2249 h=216: loss 7.131 |g| 0.68 validation@300 5.520 (best 5.449)
[23:05:23]     restart 1 step 2283 h=300: non-finite loss/gradient (loss 5.42, |g| nan); step skipped, learning rate x0.015625
[23:05:43]     restart 1 step 2399 h=300: loss 5.396 |g| 0.867 validation@300 5.519 (best 5.449)
[23:06:09]     restart 1 step 2549 h=300: loss 5.388 |g| 0.806 validation@300 5.519 (best 5.449)
[23:06:35]     restart 1 step 2699 h=300: loss 5.411 |g| 0.825 validation@300 5.519 (best 5.449)
[23:07:01]     restart 1 step 2849 h=300: loss 5.368 |g| 1.35 validation@300 5.519 (best 5.449)
[23:07:08]     restart 1 step 2891 h=300: non-finite loss/gradient (loss 5.51, |g| nan); step skipped, learning rate x0.015625
[23:07:27]     restart 1 step 2999 h=300: loss 5.401 |g| 1.39 validation@300 5.519 (best 5.449)
[23:07:31]     restart 2 step 82 h=50: non-finite loss/gradient (loss 35.9, |g| nan); step skipped, learning rate x0.5
[23:07:34]     restart 2 step 149 h=50: loss 31.728 |g| 5.21 validation@300 8397.028 (best 5.449)
[23:07:40]     restart 2 step 299 h=50: loss 31.023 |g| 3.61 validation@300 7.122 (best 5.449)
[23:07:47]     restart 2 step 449 h=50: loss 31.164 |g| 2.47 validation@300 5.583 (best 5.449)
[23:07:53]     restart 2 step 599 h=50: loss 31.648 |g| 3.78 validation@300 5.559 (best 5.449)
[23:07:53]     restart 2 step 607 h=50: non-finite loss/gradient (loss 31.9, |g| nan); step skipped, learning rate x0.25
[23:07:59]     restart 2 step 749 h=50: loss 31.687 |g| 2.89 validation@300 5.549 (best 5.449)
[23:08:12]     restart 2 step 899 h=133: loss 11.870 |g| 0.819 validation@300 5.513 (best 5.449)
[23:08:25]     restart 2 step 1049 h=133: loss 11.741 |g| 0.727 validation@300 5.502 (best 5.449)
[23:08:27]     restart 2 step 1068 h=133: non-finite loss/gradient (loss 11.9, |g| nan); step skipped, learning rate x0.125
[23:08:38]     restart 2 step 1199 h=133: loss 11.984 |g| 0.763 validation@300 5.498 (best 5.449)
[23:08:51]     restart 2 step 1349 h=133: loss 11.957 |g| 0.524 validation@300 5.496 (best 5.449)
[23:09:03]     restart 2 step 1499 h=133: loss 11.776 |g| 0.736 validation@300 5.493 (best 5.449)
[23:09:23]     restart 2 step 1649 h=216: loss 7.172 |g| 0.707 validation@300 5.491 (best 5.449)
[23:09:39]     restart 2 step 1779 h=216: non-finite loss/gradient (loss 7.25, |g| nan); step skipped, learning rate x0.0625
[23:09:42]     restart 2 step 1799 h=216: loss 7.559 |g| 0.569 validation@300 5.490 (best 5.449)
[23:09:50]     restart 2 step 1863 h=216: non-finite loss/gradient (loss 7.34, |g| nan); step skipped, learning rate x0.03125
[23:10:01]     restart 2 step 1949 h=216: loss 7.378 |g| 0.597 validation@300 5.489 (best 5.449)
[23:10:02]     restart 2 step 1954 h=216: non-finite loss/gradient (loss 7.42, |g| nan); step skipped, learning rate x0.015625
[23:10:17]     restart 2 step 2073 h=216: non-finite loss/gradient (loss 7.55, |g| nan); step skipped, learning rate x0.015625
[23:10:21]     restart 2 step 2099 h=216: loss 7.559 |g| 0.509 validation@300 5.489 (best 5.449)
[23:10:30]     restart 2 step 2169 h=216: non-finite loss/gradient (loss 7.24, |g| nan); step skipped, learning rate x0.015625
[23:10:40]     restart 2 step 2249 h=216: loss 7.308 |g| 0.559 validation@300 5.489 (best 5.449)
[23:11:06]     restart 2 step 2396 h=300: non-finite loss/gradient (loss 5.33, |g| nan); step skipped, learning rate x0.015625
[23:11:06]     restart 2 step 2399 h=300: loss 5.611 |g| 0.558 validation@300 5.489 (best 5.449)
[23:11:32]     restart 2 step 2549 h=300: loss 5.315 |g| 0.58 validation@300 5.489 (best 5.449)
[23:11:57]     restart 2 step 2691 h=300: non-finite loss/gradient (loss 5.26, |g| nan); step skipped, learning rate x0.015625
[23:11:59]     restart 2 step 2699 h=300: loss 5.510 |g| 0.626 validation@300 5.489 (best 5.449)
[23:12:02]     restart 2 step 2717 h=300: non-finite loss/gradient (loss 5.55, |g| nan); step skipped, learning rate x0.015625
[23:12:19]     restart 2 step 2815 h=300: non-finite loss/gradient (loss 5.43, |g| nan); step skipped, learning rate x0.015625
[23:12:22]     restart 2 step 2837 h=300: non-finite loss/gradient (loss 5.37, |g| nan); step skipped, learning rate x0.015625
[23:12:25]     restart 2 step 2849 h=300: loss 5.355 |g| 0.472 validation@300 5.489 (best 5.449)
[23:12:28]     restart 2 step 2871 h=300: non-finite loss/gradient (loss 5.36, |g| nan); step skipped, learning rate x0.015625
[23:12:44]     restart 2 step 2962 h=300: non-finite loss/gradient (loss 5.59, |g| nan); step skipped, learning rate x0.015625
[23:12:51]     restart 2 step 2999 h=300: loss 5.377 |g| 0.616 validation@300 5.489 (best 5.449)
[23:12:51]   policy trained: best validation loss 5.449 (initial 4357.741, restart 0, step 2999, 42 skipped steps)  (1479s)
[23:12:51] done  train_s0 in 1482s: {'est_losses': {'est_x': 0.022559020668268204, 'est_z': 0.1046433225274086, 'est_f': 0.2710711359977722, 'est_g': 0.13129672408103943}, 'cnn_loss': 0.8261098265647888, 'cnn_acc': 0.599609375, 'pol': 5.448591709136963, 'pol_initial': 4357.74072265625, 'pol_improved': True, 'pol_skipped': 42, 'train_seconds': 1478.9925305843353, 'data_rows': 60000}
[23:12:51] start train_s1
[23:13:53]   estimators trained: {'est_x': 0.02273903414607048, 'est_z': 0.11126790195703506, 'est_f': 0.27983710169792175, 'est_g': 0.13106632232666016}  (62s)
[23:20:16]   recogniser trained: final loss 0.938, accuracy on training poses 0.588  (445s)
[23:20:19]     policy search: 3000 steps x 3 restarts, batch 256, horizons [50, 133, 216, 300], validation loss of the initial policy 9161.313
[23:20:30]     restart 0 step 149 h=50: loss 32.153 |g| 7.47 validation@300 9143.457 (best 9143.457)
[23:20:37]     restart 0 step 299 h=50: loss 31.525 |g| 5.78 validation@300 300.167 (best 300.167)
[23:20:39]     restart 0 step 356 h=50: non-finite loss/gradient (loss 31.3, |g| nan); step skipped, learning rate x0.5
[23:20:42]     restart 0 step 431 h=50: non-finite loss/gradient (loss 30.5, |g| nan); step skipped, learning rate x0.25
[23:20:43]     restart 0 step 449 h=50: loss 30.708 |g| 2.28 validation@300 5.478 (best 5.478)
[23:20:50]     restart 0 step 599 h=50: loss 32.333 |g| 2.49 validation@300 5.466 (best 5.466)
[23:20:56]     restart 0 step 749 h=50: loss 31.393 |g| 1.91 validation@300 5.459 (best 5.459)
[23:21:14]     restart 0 step 899 h=133: loss 11.930 |g| 0.803 validation@300 5.422 (best 5.422)
[23:21:27]     restart 0 step 1049 h=133: loss 11.671 |g| 0.555 validation@300 5.406 (best 5.406)
[23:21:40]     restart 0 step 1199 h=133: loss 11.976 |g| 0.806 validation@300 5.399 (best 5.399)
[23:21:53]     restart 0 step 1349 h=133: loss 11.922 |g| 0.439 validation@300 5.392 (best 5.392)
[23:21:54]     restart 0 step 1362 h=133: non-finite loss/gradient (loss 12.1, |g| nan); step skipped, learning rate x0.125
[23:22:06]     restart 0 step 1499 h=133: loss 12.316 |g| 0.636 validation@300 5.390 (best 5.390)
[23:22:31]     restart 0 step 1649 h=216: loss 7.305 |g| 0.51 validation@300 5.387 (best 5.387)
[23:22:42]     restart 0 step 1733 h=216: non-finite loss/gradient (loss 7.4, |g| nan); step skipped, learning rate x0.0625
[23:22:50]     restart 0 step 1799 h=216: loss 7.500 |g| 0.714 validation@300 5.386 (best 5.386)
[23:23:10]     restart 0 step 1949 h=216: loss 7.193 |g| 0.435 validation@300 5.385 (best 5.385)
[23:23:27]     restart 0 step 2078 h=216: non-finite loss/gradient (loss 7.41, |g| nan); step skipped, learning rate x0.03125
[23:23:29]     restart 0 step 2099 h=216: loss 7.482 |g| 0.584 validation@300 5.385 (best 5.385)
[23:23:49]     restart 0 step 2249 h=216: loss 7.187 |g| 0.354 validation@300 5.385 (best 5.385)
[23:24:21]     restart 0 step 2399 h=300: loss 5.460 |g| 0.541 validation@300 5.385 (best 5.385)
[23:24:47]     restart 0 step 2549 h=300: loss 5.434 |g| 0.345 validation@300 5.385 (best 5.385)
[23:25:04]     restart 0 step 2648 h=300: non-finite loss/gradient (loss 5.33, |g| nan); step skipped, learning rate x0.015625
[23:25:13]     restart 0 step 2699 h=300: loss 5.262 |g| 1.06 validation@300 5.385 (best 5.385)
[23:25:25]     restart 0 step 2763 h=300: non-finite loss/gradient (loss 5.42, |g| nan); step skipped, learning rate x0.015625
[23:25:28]     restart 0 step 2780 h=300: non-finite loss/gradient (loss 5.41, |g| nan); step skipped, learning rate x0.015625
[23:25:30]     restart 0 step 2794 h=300: non-finite loss/gradient (loss 5.17, |g| nan); step skipped, learning rate x0.015625
[23:25:40]     restart 0 step 2849 h=300: loss 5.483 |g| 0.727 validation@300 5.385 (best 5.385)
[23:26:06]     restart 0 step 2999 h=300: loss 5.454 |g| 0.907 validation@300 5.385 (best 5.385)
[23:26:12]     restart 1 step 149 h=50: loss 32.207 |g| 5.48 validation@300 10486.733 (best 5.385)
[23:26:19]     restart 1 step 299 h=50: loss 32.396 |g| 4.78 validation@300 5.499 (best 5.385)
[23:26:26]     restart 1 step 449 h=50: loss 31.822 |g| 4.64 validation@300 5.477 (best 5.385)
[23:26:30]     restart 1 step 540 h=50: non-finite loss/gradient (loss 31.8, |g| nan); step skipped, learning rate x0.5
[23:26:32]     restart 1 step 599 h=50: loss 31.404 |g| 1.31 validation@300 5.468 (best 5.385)
[23:26:39]     restart 1 step 749 h=50: loss 31.511 |g| 2.09 validation@300 5.464 (best 5.385)
[23:26:46]     restart 1 step 831 h=133: non-finite loss/gradient (loss 12.1, |g| nan); step skipped, learning rate x0.25
[23:26:49]     restart 1 step 864 h=133: non-finite loss/gradient (loss 11.8, |g| nan); step skipped, learning rate x0.125
[23:26:52]     restart 1 step 899 h=133: loss 11.886 |g| 0.815 validation@300 5.393 (best 5.385)
[23:27:05]     restart 1 step 1049 h=133: loss 11.570 |g| 0.653 validation@300 5.387 (best 5.385)
[23:27:12]     restart 1 step 1129 h=133: non-finite loss/gradient (loss 11.7, |g| nan); step skipped, learning rate x0.0625
[23:27:18]     restart 1 step 1199 h=133: loss 11.816 |g| 0.539 validation@300 5.383 (best 5.383)
[23:27:31]     restart 1 step 1349 h=133: loss 12.017 |g| 0.601 validation@300 5.382 (best 5.382)
[23:27:44]     restart 1 step 1499 h=133: loss 11.782 |g| 0.768 validation@300 5.380 (best 5.380)
[23:28:03]     restart 1 step 1649 h=216: loss 7.380 |g| 0.498 validation@300 5.378 (best 5.378)
[23:28:08]     restart 1 step 1690 h=216: non-finite loss/gradient (loss 7.44, |g| nan); step skipped, learning rate x0.03125
[23:28:23]     restart 1 step 1799 h=216: loss 7.470 |g| 0.414 validation@300 5.377 (best 5.377)
[23:28:42]     restart 1 step 1949 h=216: loss 7.314 |g| 0.537 validation@300 5.377 (best 5.377)
[23:28:51]     restart 1 step 2020 h=216: non-finite loss/gradient (loss 7.37, |g| nan); step skipped, learning rate x0.015625
[23:28:52]     restart 1 step 2023 h=216: non-finite loss/gradient (loss 7.42, |g| nan); step skipped, learning rate x0.015625
[23:29:02]     restart 1 step 2099 h=216: loss 7.613 |g| 0.615 validation@300 5.376 (best 5.376)
[23:29:21]     restart 1 step 2249 h=216: loss 7.499 |g| 0.495 validation@300 5.376 (best 5.376)
[23:29:46]     restart 1 step 2389 h=300: non-finite loss/gradient (loss 5.59, |g| nan); step skipped, learning rate x0.015625
[23:29:47]     restart 1 step 2399 h=300: loss 5.304 |g| 1.78 validation@300 5.376 (best 5.376)
[23:30:04]     restart 1 step 2493 h=300: non-finite loss/gradient (loss 5.51, |g| nan); step skipped, learning rate x0.015625
[23:30:14]     restart 1 step 2549 h=300: loss 5.373 |g| 0.756 validation@300 5.376 (best 5.376)
[23:30:40]     restart 1 step 2699 h=300: loss 5.431 |g| 0.82 validation@300 5.376 (best 5.376)
[23:30:41]     restart 1 step 2709 h=300: non-finite loss/gradient (loss 5.3, |g| nan); step skipped, learning rate x0.015625
[23:30:48]     restart 1 step 2749 h=300: non-finite loss/gradient (loss 5.39, |g| nan); step skipped, learning rate x0.015625
[23:31:06]     restart 1 step 2849 h=300: loss 5.237 |g| 0.705 validation@300 5.376 (best 5.376)
[23:31:32]     restart 1 step 2999 h=300: loss 5.286 |g| 0.482 validation@300 5.376 (best 5.376)
[23:31:38]     restart 2 step 149 h=50: loss 31.375 |g| 4.64 validation@300 1968.792 (best 5.376)
[23:31:45]     restart 2 step 299 h=50: loss 30.951 |g| 2.78 validation@300 5.485 (best 5.376)
[23:31:51]     restart 2 step 449 h=50: loss 32.087 |g| 2.18 validation@300 5.451 (best 5.376)
[23:31:58]     restart 2 step 599 h=50: loss 32.677 |g| 1.92 validation@300 5.431 (best 5.376)
[23:31:59]     restart 2 step 635 h=50: non-finite loss/gradient (loss 30.8, |g| nan); step skipped, learning rate x0.5
[23:32:01]     restart 2 step 662 h=50: non-finite loss/gradient (loss 31.1, |g| nan); step skipped, learning rate x0.25
[23:32:04]     restart 2 step 749 h=50: loss 31.382 |g| 1.69 validation@300 5.415 (best 5.376)
[23:32:17]     restart 2 step 899 h=133: loss 11.712 |g| 0.941 validation@300 5.381 (best 5.376)
[23:32:19]     restart 2 step 920 h=133: non-finite loss/gradient (loss 11.9, |g| nan); step skipped, learning rate x0.125
[23:32:28]     restart 2 step 1023 h=133: non-finite loss/gradient (loss 11.9, |g| nan); step skipped, learning rate x0.0625
[23:32:30]     restart 2 step 1049 h=133: loss 11.985 |g| 0.715 validation@300 5.373 (best 5.373)
[23:32:35]     restart 2 step 1104 h=133: non-finite loss/gradient (loss 11.7, |g| nan); step skipped, learning rate x0.03125
[23:32:43]     restart 2 step 1199 h=133: loss 12.029 |g| 0.9 validation@300 5.372 (best 5.372)
[23:32:43]     restart 2 step 1203 h=133: non-finite loss/gradient (loss 12.1, |g| nan); step skipped, learning rate x0.015625
[23:32:45]     restart 2 step 1227 h=133: non-finite loss/gradient (loss 11.9, |g| nan); step skipped, learning rate x0.015625
[23:32:50]     restart 2 step 1281 h=133: non-finite loss/gradient (loss 11.9, |g| nan); step skipped, learning rate x0.015625
[23:32:56]     restart 2 step 1349 h=133: loss 11.663 |g| 0.574 validation@300 5.372 (best 5.372)
[23:33:06]     restart 2 step 1469 h=133: non-finite loss/gradient (loss 11.8, |g| nan); step skipped, learning rate x0.015625
[23:33:08]     restart 2 step 1499 h=133: loss 11.779 |g| 0.61 validation@300 5.371 (best 5.371)
[23:33:28]     restart 2 step 1649 h=216: loss 7.396 |g| 0.616 validation@300 5.370 (best 5.370)
[23:33:31]     restart 2 step 1672 h=216: non-finite loss/gradient (loss 7.35, |g| nan); step skipped, learning rate x0.015625
[23:33:47]     restart 2 step 1799 h=216: loss 7.363 |g| 0.828 validation@300 5.370 (best 5.370)
[23:34:07]     restart 2 step 1949 h=216: loss 7.521 |g| 0.354 validation@300 5.369 (best 5.369)
[23:34:10]     restart 2 step 1970 h=216: non-finite loss/gradient (loss 7.27, |g| nan); step skipped, learning rate x0.015625
[23:34:19]     restart 2 step 2040 h=216: non-finite loss/gradient (loss 7.39, |g| nan); step skipped, learning rate x0.015625
[23:34:26]     restart 2 step 2099 h=216: loss 7.089 |g| 0.629 validation@300 5.369 (best 5.369)
[23:34:27]     restart 2 step 2105 h=216: non-finite loss/gradient (loss 7.46, |g| nan); step skipped, learning rate x0.015625
[23:34:46]     restart 2 step 2249 h=216: loss 7.395 |g| 0.925 validation@300 5.369 (best 5.369)
[23:34:59]     restart 2 step 2326 h=300: non-finite loss/gradient (loss 5.19, |g| nan); step skipped, learning rate x0.015625
[23:35:05]     restart 2 step 2361 h=300: non-finite loss/gradient (loss 5.29, |g| nan); step skipped, learning rate x0.015625
[23:35:10]     restart 2 step 2390 h=300: non-finite loss/gradient (loss 5.31, |g| nan); step skipped, learning rate x0.015625
[23:35:11]     restart 2 step 2395 h=300: non-finite loss/gradient (loss 5.3, |g| nan); step skipped, learning rate x0.015625
[23:35:12]     restart 2 step 2399 h=300: loss 5.385 |g| 0.526 validation@300 5.369 (best 5.369)
[23:35:23]     restart 2 step 2462 h=300: non-finite loss/gradient (loss 5.34, |g| nan); step skipped, learning rate x0.015625
[23:35:38]     restart 2 step 2549 h=300: loss 5.358 |g| 0.673 validation@300 5.368 (best 5.368)
[23:35:43]     restart 2 step 2577 h=300: non-finite loss/gradient (loss 5.34, |g| nan); step skipped, learning rate x0.015625
[23:35:59]     restart 2 step 2670 h=300: non-finite loss/gradient (loss 5.46, |g| nan); step skipped, learning rate x0.015625
[23:36:04]     restart 2 step 2699 h=300: loss 5.238 |g| 0.415 validation@300 5.368 (best 5.368)
[23:36:30]     restart 2 step 2849 h=300: loss 5.438 |g| 1.67 validation@300 5.368 (best 5.368)
[23:36:56]     restart 2 step 2999 h=300: loss 5.236 |g| 0.602 validation@300 5.368 (best 5.368)
[23:36:56]   policy trained: best validation loss 5.368 (initial 9161.313, restart 2, step 2849, 40 skipped steps)  (1445s)
[23:36:57] done  train_s1 in 1446s: {'est_losses': {'est_x': 0.02273903414607048, 'est_z': 0.11126790195703506, 'est_f': 0.27983710169792175, 'est_g': 0.13106632232666016}, 'cnn_loss': 0.9383589625358582, 'cnn_acc': 0.587890625, 'pol': 5.368305206298828, 'pol_initial': 9161.3134765625, 'pol_improved': True, 'pol_skipped': 40, 'train_seconds': 1445.4120333194733, 'data_rows': 60000}
[23:36:57] start train_s2
[23:37:59]   estimators trained: {'est_x': 0.02327646128833294, 'est_z': 0.11282441765069962, 'est_f': 0.27346035838127136, 'est_g': 0.14081119000911713}  (62s)
[23:44:21]   recogniser trained: final loss 0.982, accuracy on training poses 0.582  (445s)
[23:44:24]     policy search: 3000 steps x 3 restarts, batch 256, horizons [50, 133, 216, 300], validation loss of the initial policy 3416.341
[23:44:36]     restart 0 step 149 h=50: loss 31.929 |g| 7.65 validation@300 10176.664 (best 3416.341)
[23:44:42]     restart 0 step 299 h=50: loss 31.707 |g| 3.66 validation@300 5.542 (best 5.542)
[23:44:49]     restart 0 step 449 h=50: loss 31.744 |g| 3.28 validation@300 5.498 (best 5.498)
[23:44:49]     restart 0 step 470 h=50: non-finite loss/gradient (loss 31.2, |g| nan); step skipped, learning rate x0.5
[23:44:53]     restart 0 step 564 h=50: non-finite loss/gradient (loss 31.6, |g| nan); step skipped, learning rate x0.25
[23:44:55]     restart 0 step 599 h=50: loss 31.698 |g| 2.79 validation@300 5.483 (best 5.483)
[23:44:59]     restart 0 step 693 h=50: non-finite loss/gradient (loss 31.8, |g| nan); step skipped, learning rate x0.125
[23:44:59]     restart 0 step 699 h=50: non-finite loss/gradient (loss 31.4, |g| nan); step skipped, learning rate x0.0625
[23:45:01]     restart 0 step 749 h=50: loss 32.201 |g| 2.35 validation@300 5.478 (best 5.478)
[23:45:20]     restart 0 step 899 h=133: loss 11.730 |g| 0.946 validation@300 5.450 (best 5.450)
[23:45:32]     restart 0 step 1049 h=133: loss 11.823 |g| 0.644 validation@300 5.445 (best 5.445)
[23:45:42]     restart 0 step 1160 h=133: non-finite loss/gradient (loss 12.4, |g| nan); step skipped, learning rate x0.03125
[23:45:45]     restart 0 step 1199 h=133: loss 11.741 |g| 0.92 validation@300 5.441 (best 5.441)
[23:45:56]     restart 0 step 1326 h=133: non-finite loss/gradient (loss 11.8, |g| nan); step skipped, learning rate x0.015625
[23:45:58]     restart 0 step 1349 h=133: loss 11.382 |g| 0.63 validation@300 5.440 (best 5.440)
[23:46:11]     restart 0 step 1499 h=133: loss 11.734 |g| 0.832 validation@300 5.439 (best 5.439)
[23:46:18]     restart 0 step 1513 h=216: non-finite loss/gradient (loss 7.6, |g| nan); step skipped, learning rate x0.015625
[23:46:36]     restart 0 step 1649 h=216: loss 7.702 |g| 0.774 validation@300 5.437 (best 5.437)
[23:46:55]     restart 0 step 1799 h=216: loss 7.451 |g| 1.69 validation@300 5.437 (best 5.437)
[23:47:11]     restart 0 step 1922 h=216: non-finite loss/gradient (loss 7.18, |g| nan); step skipped, learning rate x0.015625
[23:47:15]     restart 0 step 1949 h=216: loss 7.340 |g| 0.611 validation@300 5.436 (best 5.436)
[23:47:33]     restart 0 step 2091 h=216: non-finite loss/gradient (loss 7.48, |g| nan); step skipped, learning rate x0.015625
[23:47:34]     restart 0 step 2099 h=216: loss 7.365 |g| 1.1 validation@300 5.436 (best 5.436)
[23:47:54]     restart 0 step 2249 h=216: loss 7.531 |g| 0.543 validation@300 5.436 (best 5.436)
[23:48:26]     restart 0 step 2399 h=300: loss 5.636 |g| 0.99 validation@300 5.435 (best 5.435)
[23:48:31]     restart 0 step 2431 h=300: non-finite loss/gradient (loss 5.33, |g| nan); step skipped, learning rate x0.015625
[23:48:43]     restart 0 step 2496 h=300: non-finite loss/gradient (loss 5.42, |g| nan); step skipped, learning rate x0.015625
[23:48:52]     restart 0 step 2549 h=300: loss 5.391 |g| 1.83 validation@300 5.435 (best 5.435)
[23:49:17]     restart 0 step 2690 h=300: non-finite loss/gradient (loss 5.52, |g| nan); step skipped, learning rate x0.015625
[23:49:18]     restart 0 step 2699 h=300: loss 5.264 |g| 1.43 validation@300 5.435 (best 5.435)
[23:49:36]     restart 0 step 2800 h=300: non-finite loss/gradient (loss 5.44, |g| nan); step skipped, learning rate x0.015625
[23:49:39]     restart 0 step 2816 h=300: non-finite loss/gradient (loss 5.26, |g| nan); step skipped, learning rate x0.015625
[23:49:44]     restart 0 step 2849 h=300: loss 5.258 |g| 10.6 validation@300 5.435 (best 5.435)
[23:50:01]     restart 0 step 2945 h=300: non-finite loss/gradient (loss 5.67, |g| nan); step skipped, learning rate x0.015625
[23:50:02]     restart 0 step 2952 h=300: non-finite loss/gradient (loss 5.55, |g| nan); step skipped, learning rate x0.015625
[23:50:11]     restart 0 step 2999 h=300: loss 5.419 |g| 1.83 validation@300 5.435 (best 5.435)
[23:50:17]     restart 1 step 149 h=50: loss 31.716 |g| 5.47 validation@300 1685.948 (best 5.435)
[23:50:24]     restart 1 step 297 h=50: non-finite loss/gradient (loss 31.7, |g| nan); step skipped, learning rate x0.5
[23:50:24]     restart 1 step 299 h=50: loss 31.494 |g| 2.66 validation@300 5.500 (best 5.435)
[23:50:25]     restart 1 step 323 h=50: non-finite loss/gradient (loss 32, |g| nan); step skipped, learning rate x0.25
[23:50:30]     restart 1 step 449 h=50: loss 31.614 |g| 2.69 validation@300 5.492 (best 5.435)
[23:50:37]     restart 1 step 599 h=50: loss 31.412 |g| 2.94 validation@300 5.488 (best 5.435)
[23:50:43]     restart 1 step 749 h=50: loss 30.974 |g| 3.06 validation@300 5.483 (best 5.435)
[23:50:46]     restart 1 step 779 h=133: non-finite loss/gradient (loss 11.9, |g| nan); step skipped, learning rate x0.125
[23:50:56]     restart 1 step 899 h=133: loss 11.949 |g| 0.991 validation@300 5.456 (best 5.435)
[23:51:09]     restart 1 step 1049 h=133: loss 12.220 |g| 0.696 validation@300 5.449 (best 5.435)
[23:51:22]     restart 1 step 1199 h=133: loss 11.631 |g| 0.941 validation@300 5.442 (best 5.435)
[23:51:35]     restart 1 step 1349 h=133: loss 12.304 |g| 0.676 validation@300 5.438 (best 5.435)
[23:51:36]     restart 1 step 1362 h=133: non-finite loss/gradient (loss 12, |g| nan); step skipped, learning rate x0.0625
[23:51:39]     restart 1 step 1398 h=133: non-finite loss/gradient (loss 11.7, |g| nan); step skipped, learning rate x0.03125
[23:51:41]     restart 1 step 1417 h=133: non-finite loss/gradient (loss 12, |g| nan); step skipped, learning rate x0.015625
[23:51:48]     restart 1 step 1499 h=133: loss 12.061 |g| 0.79 validation@300 5.437 (best 5.435)
[23:52:07]     restart 1 step 1649 h=216: loss 7.440 |g| 0.781 validation@300 5.435 (best 5.435)
[23:52:21]     restart 1 step 1750 h=216: non-finite loss/gradient (loss 7.54, |g| nan); step skipped, learning rate x0.015625
[23:52:27]     restart 1 step 1799 h=216: loss 7.178 |g| 0.753 validation@300 5.435 (best 5.435)
[23:52:47]     restart 1 step 1949 h=216: loss 7.242 |g| 1.17 validation@300 5.434 (best 5.434)
[23:53:06]     restart 1 step 2099 h=216: loss 7.479 |g| 0.757 validation@300 5.434 (best 5.434)
[23:53:10]     restart 1 step 2132 h=216: non-finite loss/gradient (loss 7.44, |g| nan); step skipped, learning rate x0.015625
[23:53:16]     restart 1 step 2172 h=216: non-finite loss/gradient (loss 7.45, |g| nan); step skipped, learning rate x0.015625
[23:53:24]     restart 1 step 2238 h=216: non-finite loss/gradient (loss 7.27, |g| nan); step skipped, learning rate x0.015625
[23:53:26]     restart 1 step 2249 h=216: loss 7.574 |g| 0.884 validation@300 5.434 (best 5.434)
[23:53:30]     restart 1 step 2277 h=300: non-finite loss/gradient (loss 5.47, |g| nan); step skipped, learning rate x0.015625
[23:53:51]     restart 1 step 2396 h=300: non-finite loss/gradient (loss 5.38, |g| nan); step skipped, learning rate x0.015625
[23:53:52]     restart 1 step 2399 h=300: loss 5.437 |g| 0.919 validation@300 5.433 (best 5.433)
[23:54:00]     restart 1 step 2450 h=300: non-finite loss/gradient (loss 5.36, |g| nan); step skipped, learning rate x0.015625
[23:54:18]     restart 1 step 2549 h=300: loss 5.427 |g| 0.627 validation@300 5.433 (best 5.433)
[23:54:44]     restart 1 step 2699 h=300: loss 5.335 |g| 1.98 validation@300 5.433 (best 5.433)
[23:54:57]     restart 1 step 2777 h=300: non-finite loss/gradient (loss 5.3, |g| nan); step skipped, learning rate x0.015625
[23:55:10]     restart 1 step 2849 h=300: loss 5.534 |g| 0.767 validation@300 5.433 (best 5.433)
[23:55:19]     restart 1 step 2903 h=300: non-finite loss/gradient (loss 5.31, |g| nan); step skipped, learning rate x0.015625
[23:55:36]     restart 1 step 2998 h=300: non-finite loss/gradient (loss 5.39, |g| nan); step skipped, learning rate x0.015625
[23:55:36]     restart 1 step 2999 h=300: loss 5.256 |g| 2.02 validation@300 5.433 (best 5.433)
[23:55:43]     restart 2 step 149 h=50: loss 31.920 |g| 3.47 validation@300 1503.159 (best 5.433)
[23:55:49]     restart 2 step 299 h=50: loss 30.926 |g| 3.29 validation@300 5.522 (best 5.433)
[23:55:56]     restart 2 step 449 h=50: loss 31.124 |g| 2.87 validation@300 5.488 (best 5.433)
[23:56:02]     restart 2 step 599 h=50: loss 31.847 |g| 3.2 validation@300 5.480 (best 5.433)
[23:56:03]     restart 2 step 630 h=50: non-finite loss/gradient (loss 31.4, |g| nan); step skipped, learning rate x0.5
[23:56:09]     restart 2 step 749 h=50: loss 30.338 |g| 1.59 validation@300 5.458 (best 5.433)
[23:56:21]     restart 2 step 899 h=133: loss 12.349 |g| 0.692 validation@300 5.400 (best 5.400)
[23:56:27]     restart 2 step 961 h=133: non-finite loss/gradient (loss 12, |g| nan); step skipped, learning rate x0.25
[23:56:34]     restart 2 step 1049 h=133: loss 12.176 |g| 0.711 validation@300 5.387 (best 5.387)
[23:56:36]     restart 2 step 1073 h=133: non-finite loss/gradient (loss 11.8, |g| nan); step skipped, learning rate x0.125
[23:56:47]     restart 2 step 1199 h=133: loss 11.800 |g| 0.536 validation@300 5.384 (best 5.384)
[23:56:52]     restart 2 step 1255 h=133: non-finite loss/gradient (loss 11.8, |g| nan); step skipped, learning rate x0.0625
[23:57:00]     restart 2 step 1349 h=133: loss 11.684 |g| 0.877 validation@300 5.381 (best 5.381)
[23:57:08]     restart 2 step 1446 h=133: non-finite loss/gradient (loss 11.9, |g| nan); step skipped, learning rate x0.03125
[23:57:13]     restart 2 step 1499 h=133: loss 11.431 |g| 0.677 validation@300 5.380 (best 5.380)
[23:57:31]     restart 2 step 1638 h=216: non-finite loss/gradient (loss 7.39, |g| nan); step skipped, learning rate x0.015625
[23:57:32]     restart 2 step 1649 h=216: loss 7.365 |g| 0.459 validation@300 5.379 (best 5.379)
[23:57:52]     restart 2 step 1799 h=216: loss 7.359 |g| 0.458 validation@300 5.378 (best 5.378)
[23:57:59]     restart 2 step 1855 h=216: non-finite loss/gradient (loss 7.12, |g| nan); step skipped, learning rate x0.015625
[23:58:10]     restart 2 step 1944 h=216: non-finite loss/gradient (loss 7.47, |g| nan); step skipped, learning rate x0.015625
[23:58:11]     restart 2 step 1949 h=216: loss 7.312 |g| 0.417 validation@300 5.378 (best 5.378)
[23:58:27]     restart 2 step 2073 h=216: non-finite loss/gradient (loss 7.37, |g| nan); step skipped, learning rate x0.015625
[23:58:31]     restart 2 step 2099 h=216: loss 7.168 |g| 0.843 validation@300 5.378 (best 5.378)
[23:58:36]     restart 2 step 2143 h=216: non-finite loss/gradient (loss 7.52, |g| nan); step skipped, learning rate x0.015625
[23:58:40]     restart 2 step 2173 h=216: non-finite loss/gradient (loss 7.65, |g| nan); step skipped, learning rate x0.015625
[23:58:50]     restart 2 step 2249 h=216: loss 7.326 |g| 0.413 validation@300 5.378 (best 5.378)
[23:59:16]     restart 2 step 2399 h=300: loss 5.332 |g| 0.434 validation@300 5.378 (best 5.378)
[23:59:30]     restart 2 step 2479 h=300: non-finite loss/gradient (loss 5.36, |g| nan); step skipped, learning rate x0.015625
[23:59:42]     restart 2 step 2549 h=300: loss 5.393 |g| 1.43 validation@300 5.378 (best 5.378)
[00:00:08]     restart 2 step 2699 h=300: loss 5.225 |g| 0.507 validation@300 5.378 (best 5.378)
[00:00:29]     restart 2 step 2817 h=300: non-finite loss/gradient (loss 5.34, |g| nan); step skipped, learning rate x0.015625
[00:00:34]     restart 2 step 2849 h=300: loss 5.431 |g| 0.987 validation@300 5.378 (best 5.378)
[00:01:00]     restart 2 step 2999 h=300: non-finite loss/gradient (loss 5.46, |g| nan); step skipped, learning rate x0.015625
[00:01:00]     restart 2 step 2999 h=300: loss 5.461 |g| nan validation@300 5.378 (best 5.378)
[00:01:01]   policy trained: best validation loss 5.378 (initial 3416.341, restart 2, step 2999, 46 skipped steps)  (1444s)
[00:01:01] done  train_s2 in 1444s: {'est_losses': {'est_x': 0.02327646128833294, 'est_z': 0.11282441765069962, 'est_f': 0.27346035838127136, 'est_g': 0.14081119000911713}, 'cnn_loss': 0.9822709560394287, 'cnn_acc': 0.58203125, 'pol': 5.37772798538208, 'pol_initial': 3416.3408203125, 'pol_improved': True, 'pol_skipped': 46, 'train_seconds': 1443.806069612503, 'data_rows': 60000}
[00:01:01] start train_s3
[00:02:03]   estimators trained: {'est_x': 0.022549793124198914, 'est_z': 0.10990176349878311, 'est_f': 0.2748686671257019, 'est_g': 0.13166220486164093}  (62s)
[00:08:25]   recogniser trained: final loss 0.944, accuracy on training poses 0.596  (445s)
[00:08:28]     policy search: 3000 steps x 3 restarts, batch 256, horizons [50, 133, 216, 300], validation loss of the initial policy 831.450
[00:08:38]     restart 0 step 95 h=50: non-finite loss/gradient (loss 32.8, |g| nan); step skipped, learning rate x0.5
[00:08:40]     restart 0 step 149 h=50: loss 32.389 |g| 3.74 validation@300 2053.061 (best 831.450)
[00:08:46]     restart 0 step 299 h=50: loss 31.776 |g| 2.42 validation@300 24.084 (best 24.084)
[00:08:53]     restart 0 step 449 h=50: loss 31.342 |g| 2.42 validation@300 5.538 (best 5.538)
[00:08:59]     restart 0 step 599 h=50: loss 31.448 |g| 3.32 validation@300 5.514 (best 5.514)
[00:09:06]     restart 0 step 749 h=50: loss 31.728 |g| 1.98 validation@300 5.498 (best 5.498)
[00:09:18]     restart 0 step 824 h=133: non-finite loss/gradient (loss 11.6, |g| nan); step skipped, learning rate x0.25
[00:09:22]     restart 0 step 870 h=133: non-finite loss/gradient (loss 11.9, |g| nan); step skipped, learning rate x0.125
[00:09:24]     restart 0 step 899 h=133: loss 11.996 |g| 0.573 validation@300 5.466 (best 5.466)
[00:09:37]     restart 0 step 1049 h=133: loss 11.947 |g| 0.686 validation@300 5.462 (best 5.462)
[00:09:48]     restart 0 step 1172 h=133: non-finite loss/gradient (loss 11.9, |g| nan); step skipped, learning rate x0.0625
[00:09:50]     restart 0 step 1199 h=133: loss 12.041 |g| 0.603 validation@300 5.459 (best 5.459)
[00:09:56]     restart 0 step 1274 h=133: non-finite loss/gradient (loss 11.9, |g| nan); step skipped, learning rate x0.03125
[00:10:03]     restart 0 step 1349 h=133: loss 11.760 |g| 0.659 validation@300 5.458 (best 5.458)
[00:10:16]     restart 0 step 1499 h=133: loss 11.865 |g| 0.978 validation@300 5.457 (best 5.457)
[00:10:40]     restart 0 step 1649 h=216: loss 7.442 |g| 0.451 validation@300 5.457 (best 5.457)
[00:10:43]     restart 0 step 1666 h=216: non-finite loss/gradient (loss 7.37, |g| nan); step skipped, learning rate x0.015625
[00:10:57]     restart 0 step 1777 h=216: non-finite loss/gradient (loss 7.45, |g| nan); step skipped, learning rate x0.015625
[00:11:00]     restart 0 step 1799 h=216: loss 7.470 |g| 0.661 validation@300 5.457 (best 5.457)
[00:11:19]     restart 0 step 1949 h=216: loss 7.400 |g| 0.494 validation@300 5.457 (best 5.457)
[00:11:23]     restart 0 step 1978 h=216: non-finite loss/gradient (loss 7.65, |g| nan); step skipped, learning rate x0.015625
[00:11:39]     restart 0 step 2099 h=216: loss 7.575 |g| 0.678 validation@300 5.456 (best 5.456)
[00:11:59]     restart 0 step 2249 h=216: loss 7.630 |g| 0.334 validation@300 5.456 (best 5.456)
[00:12:10]     restart 0 step 2284 h=300: non-finite loss/gradient (loss 5.5, |g| nan); step skipped, learning rate x0.015625
[00:12:30]     restart 0 step 2399 h=300: loss 5.294 |g| 0.507 validation@300 5.456 (best 5.456)
[00:12:57]     restart 0 step 2549 h=300: loss 5.261 |g| 1.01 validation@300 5.456 (best 5.456)
[00:13:11]     restart 0 step 2632 h=300: non-finite loss/gradient (loss 5.29, |g| nan); step skipped, learning rate x0.015625
[00:13:15]     restart 0 step 2655 h=300: non-finite loss/gradient (loss 5.45, |g| nan); step skipped, learning rate x0.015625
[00:13:23]     restart 0 step 2699 h=300: loss 5.386 |g| 1.99 validation@300 5.456 (best 5.456)
[00:13:36]     restart 0 step 2777 h=300: non-finite loss/gradient (loss 5.3, |g| nan); step skipped, learning rate x0.015625
[00:13:49]     restart 0 step 2849 h=300: loss 5.321 |g| 1.19 validation@300 5.456 (best 5.456)
[00:13:52]     restart 0 step 2867 h=300: non-finite loss/gradient (loss 5.41, |g| nan); step skipped, learning rate x0.015625
[00:13:53]     restart 0 step 2871 h=300: non-finite loss/gradient (loss 5.48, |g| nan); step skipped, learning rate x0.015625
[00:14:15]     restart 0 step 2999 h=300: loss 5.352 |g| 0.673 validation@300 5.456 (best 5.456)
[00:14:22]     restart 1 step 149 h=50: loss 32.732 |g| 4.82 validation@300 15.200 (best 5.456)
[00:14:28]     restart 1 step 299 h=50: loss 30.973 |g| 3.32 validation@300 5.500 (best 5.456)
[00:14:29]     restart 1 step 307 h=50: non-finite loss/gradient (loss 30.7, |g| nan); step skipped, learning rate x0.5
[00:14:35]     restart 1 step 449 h=50: loss 31.727 |g| 2.78 validation@300 5.486 (best 5.456)
[00:14:37]     restart 1 step 506 h=50: non-finite loss/gradient (loss 31.3, |g| nan); step skipped, learning rate x0.25
[00:14:41]     restart 1 step 599 h=50: loss 31.861 |g| 1.45 validation@300 5.478 (best 5.456)
[00:14:44]     restart 1 step 654 h=50: non-finite loss/gradient (loss 31.1, |g| nan); step skipped, learning rate x0.125
[00:14:48]     restart 1 step 749 h=50: loss 31.842 |g| 1.54 validation@300 5.474 (best 5.456)
[00:14:55]     restart 1 step 836 h=133: non-finite loss/gradient (loss 11.5, |g| nan); step skipped, learning rate x0.0625
[00:15:00]     restart 1 step 898 h=133: non-finite loss/gradient (loss 12, |g| nan); step skipped, learning rate x0.03125
[00:15:01]     restart 1 step 899 h=133: loss 11.981 |g| 0.759 validation@300 5.460 (best 5.456)
[00:15:10]     restart 1 step 1012 h=133: non-finite loss/gradient (loss 12.4, |g| nan); step skipped, learning rate x0.015625
[00:15:14]     restart 1 step 1049 h=133: loss 11.843 |g| 0.742 validation@300 5.459 (best 5.456)
[00:15:27]     restart 1 step 1199 h=133: loss 11.788 |g| 0.748 validation@300 5.458 (best 5.456)
[00:15:39]     restart 1 step 1347 h=133: non-finite loss/gradient (loss 12.2, |g| nan); step skipped, learning rate x0.015625
[00:15:39]     restart 1 step 1349 h=133: loss 11.988 |g| 0.702 validation@300 5.457 (best 5.456)
[00:15:52]     restart 1 step 1499 h=133: loss 11.513 |g| 0.728 validation@300 5.457 (best 5.456)
[00:16:06]     restart 1 step 1606 h=216: non-finite loss/gradient (loss 7.34, |g| nan); step skipped, learning rate x0.015625
[00:16:12]     restart 1 step 1649 h=216: loss 7.513 |g| 0.552 validation@300 5.456 (best 5.456)
[00:16:31]     restart 1 step 1799 h=216: loss 7.483 |g| 0.627 validation@300 5.456 (best 5.456)
[00:16:48]     restart 1 step 1925 h=216: non-finite loss/gradient (loss 7.38, |g| nan); step skipped, learning rate x0.015625
[00:16:49]     restart 1 step 1937 h=216: non-finite loss/gradient (loss 7.3, |g| nan); step skipped, learning rate x0.015625
[00:16:51]     restart 1 step 1949 h=216: loss 7.343 |g| 1.19 validation@300 5.455 (best 5.455)
[00:17:04]     restart 1 step 2047 h=216: non-finite loss/gradient (loss 7.34, |g| nan); step skipped, learning rate x0.015625
[00:17:11]     restart 1 step 2099 h=216: loss 7.277 |g| 0.747 validation@300 5.455 (best 5.455)
[00:17:15]     restart 1 step 2136 h=216: non-finite loss/gradient (loss 7.25, |g| nan); step skipped, learning rate x0.015625
[00:17:30]     restart 1 step 2249 h=216: loss 7.222 |g| 0.693 validation@300 5.455 (best 5.455)
[00:17:38]     restart 1 step 2293 h=300: non-finite loss/gradient (loss 5.39, |g| nan); step skipped, learning rate x0.015625
[00:17:56]     restart 1 step 2399 h=300: loss 5.240 |g| 1.01 validation@300 5.455 (best 5.455)
[00:18:22]     restart 1 step 2549 h=300: loss 5.428 |g| 1.18 validation@300 5.455 (best 5.455)
[00:18:34]     restart 1 step 2618 h=300: non-finite loss/gradient (loss 5.46, |g| nan); step skipped, learning rate x0.015625
[00:18:35]     restart 1 step 2622 h=300: non-finite loss/gradient (loss 5.34, |g| nan); step skipped, learning rate x0.015625
[00:18:41]     restart 1 step 2657 h=300: non-finite loss/gradient (loss 5.41, |g| nan); step skipped, learning rate x0.015625
[00:18:46]     restart 1 step 2686 h=300: non-finite loss/gradient (loss 5.36, |g| nan); step skipped, learning rate x0.015625
[00:18:48]     restart 1 step 2699 h=300: loss 5.266 |g| 0.503 validation@300 5.455 (best 5.455)
[00:19:10]     restart 1 step 2824 h=300: non-finite loss/gradient (loss 5.3, |g| nan); step skipped, learning rate x0.015625
[00:19:14]     restart 1 step 2849 h=300: loss 5.281 |g| 5.88 validation@300 5.455 (best 5.455)
[00:19:39]     restart 1 step 2991 h=300: non-finite loss/gradient (loss 5.37, |g| nan); step skipped, learning rate x0.015625
[00:19:40]     restart 1 step 2995 h=300: non-finite loss/gradient (loss 5.47, |g| nan); step skipped, learning rate x0.015625
[00:19:40]     restart 1 step 2999 h=300: loss 5.389 |g| 0.807 validation@300 5.455 (best 5.455)
[00:19:47]     restart 2 step 149 h=50: loss 32.974 |g| 5.53 validation@300 22.500 (best 5.455)
[00:19:53]     restart 2 step 299 h=50: loss 32.136 |g| 4.16 validation@300 5.518 (best 5.455)
[00:20:00]     restart 2 step 449 h=50: loss 30.628 |g| 3.91 validation@300 5.500 (best 5.455)
[00:20:06]     restart 2 step 599 h=50: loss 31.023 |g| 2.2 validation@300 5.486 (best 5.455)
[00:20:08]     restart 2 step 645 h=50: non-finite loss/gradient (loss 32.1, |g| nan); step skipped, learning rate x0.5
[00:20:13]     restart 2 step 749 h=50: loss 30.202 |g| 1.63 validation@300 5.463 (best 5.455)
[00:20:26]     restart 2 step 899 h=133: loss 11.673 |g| 0.644 validation@300 5.426 (best 5.426)
[00:20:39]     restart 2 step 1049 h=133: loss 11.648 |g| 0.625 validation@300 5.415 (best 5.415)
[00:20:51]     restart 2 step 1199 h=133: loss 11.735 |g| 0.569 validation@300 5.405 (best 5.405)
[00:21:00]     restart 2 step 1294 h=133: non-finite loss/gradient (loss 11.7, |g| nan); step skipped, learning rate x0.25
[00:21:04]     restart 2 step 1349 h=133: loss 11.812 |g| 0.604 validation@300 5.399 (best 5.399)
[00:21:08]     restart 2 step 1394 h=133: non-finite loss/gradient (loss 11.9, |g| nan); step skipped, learning rate x0.125
[00:21:17]     restart 2 step 1499 h=133: loss 11.927 |g| 0.663 validation@300 5.396 (best 5.396)
[00:21:18]     restart 2 step 1506 h=216: non-finite loss/gradient (loss 7.45, |g| nan); step skipped, learning rate x0.0625
[00:21:37]     restart 2 step 1649 h=216: loss 7.463 |g| 0.382 validation@300 5.394 (best 5.394)
[00:21:56]     restart 2 step 1799 h=216: loss 7.260 |g| 0.56 validation@300 5.394 (best 5.394)
[00:22:07]     restart 2 step 1880 h=216: non-finite loss/gradient (loss 7.25, |g| nan); step skipped, learning rate x0.03125
[00:22:16]     restart 2 step 1949 h=216: loss 7.166 |g| 0.348 validation@300 5.393 (best 5.393)
[00:22:22]     restart 2 step 1997 h=216: non-finite loss/gradient (loss 7.38, |g| nan); step skipped, learning rate x0.015625
[00:22:28]     restart 2 step 2042 h=216: non-finite loss/gradient (loss 7.42, |g| nan); step skipped, learning rate x0.015625
[00:22:32]     restart 2 step 2076 h=216: non-finite loss/gradient (loss 7.14, |g| nan); step skipped, learning rate x0.015625
[00:22:34]     restart 2 step 2093 h=216: non-finite loss/gradient (loss 7.18, |g| nan); step skipped, learning rate x0.015625
[00:22:35]     restart 2 step 2099 h=216: loss 7.497 |g| 0.551 validation@300 5.393 (best 5.393)
[00:22:55]     restart 2 step 2249 h=216: loss 7.460 |g| 0.563 validation@300 5.393 (best 5.393)
[00:23:21]     restart 2 step 2399 h=300: non-finite loss/gradient (loss 5.29, |g| nan); step skipped, learning rate x0.015625
[00:23:21]     restart 2 step 2399 h=300: loss 5.289 |g| nan validation@300 5.393 (best 5.393)
[00:23:47]     restart 2 step 2549 h=300: loss 5.410 |g| 0.664 validation@300 5.393 (best 5.393)
[00:23:49]     restart 2 step 2561 h=300: non-finite loss/gradient (loss 5.46, |g| nan); step skipped, learning rate x0.015625
[00:24:13]     restart 2 step 2699 h=300: loss 5.277 |g| 0.516 validation@300 5.393 (best 5.393)
[00:24:13]     restart 2 step 2702 h=300: non-finite loss/gradient (loss 5.38, |g| nan); step skipped, learning rate x0.015625
[00:24:39]     restart 2 step 2849 h=300: loss 5.325 |g| 0.557 validation@300 5.393 (best 5.393)
[00:24:43]     restart 2 step 2874 h=300: non-finite loss/gradient (loss 5.55, |g| nan); step skipped, learning rate x0.015625
[00:25:05]     restart 2 step 2999 h=300: loss 5.410 |g| 0.372 validation@300 5.393 (best 5.393)
[00:25:05]   policy trained: best validation loss 5.393 (initial 831.450, restart 2, step 2699, 47 skipped steps)  (1444s)
[00:25:06] done  train_s3 in 1445s: {'est_losses': {'est_x': 0.022549793124198914, 'est_z': 0.10990176349878311, 'est_f': 0.2748686671257019, 'est_g': 0.13166220486164093}, 'cnn_loss': 0.9440709352493286, 'cnn_acc': 0.595703125, 'pol': 5.392983436584473, 'pol_initial': 831.4500122070312, 'pol_improved': True, 'pol_skipped': 47, 'train_seconds': 1444.4133780002594, 'data_rows': 60000}
[00:25:06] start train_s4
[00:26:08]   estimators trained: {'est_x': 0.023303743451833725, 'est_z': 0.1065034419298172, 'est_f': 0.274886816740036, 'est_g': 0.13655871152877808}  (62s)
[00:32:30]   recogniser trained: final loss 0.837, accuracy on training poses 0.582  (445s)
[00:32:33]     policy search: 3000 steps x 3 restarts, batch 256, horizons [50, 133, 216, 300], validation loss of the initial policy 2187.378
[00:32:45]     restart 0 step 149 h=50: loss 33.066 |g| 3.13 validation@300 869.445 (best 869.445)
[00:32:51]     restart 0 step 299 h=50: loss 31.135 |g| 3.46 validation@300 5.504 (best 5.504)
[00:32:58]     restart 0 step 449 h=50: loss 32.088 |g| 2.77 validation@300 5.467 (best 5.467)
[00:33:04]     restart 0 step 599 h=50: loss 31.779 |g| 2.18 validation@300 5.460 (best 5.460)
[00:33:08]     restart 0 step 684 h=50: non-finite loss/gradient (loss 31, |g| nan); step skipped, learning rate x0.5
[00:33:10]     restart 0 step 749 h=50: loss 31.357 |g| 1.96 validation@300 5.448 (best 5.448)
[00:33:22]     restart 0 step 822 h=133: non-finite loss/gradient (loss 12, |g| nan); step skipped, learning rate x0.25
[00:33:29]     restart 0 step 899 h=133: loss 11.886 |g| 1.04 validation@300 5.407 (best 5.407)
[00:33:42]     restart 0 step 1049 h=133: loss 12.072 |g| 0.571 validation@300 5.398 (best 5.398)
[00:33:54]     restart 0 step 1199 h=133: loss 11.993 |g| 0.582 validation@300 5.392 (best 5.392)
[00:34:07]     restart 0 step 1349 h=133: loss 12.104 |g| 0.769 validation@300 5.385 (best 5.385)
[00:34:20]     restart 0 step 1499 h=133: loss 11.652 |g| 0.54 validation@300 5.381 (best 5.381)
[00:34:31]     restart 0 step 1542 h=216: non-finite loss/gradient (loss 7.25, |g| nan); step skipped, learning rate x0.125
[00:34:31]     restart 0 step 1545 h=216: non-finite loss/gradient (loss 7.44, |g| nan); step skipped, learning rate x0.0625
[00:34:39]     restart 0 step 1602 h=216: non-finite loss/gradient (loss 6.99, |g| nan); step skipped, learning rate x0.03125
[00:34:45]     restart 0 step 1649 h=216: loss 7.308 |g| 0.434 validation@300 5.379 (best 5.379)
[00:35:04]     restart 0 step 1799 h=216: loss 7.382 |g| 0.357 validation@300 5.378 (best 5.378)
[00:35:24]     restart 0 step 1949 h=216: loss 7.088 |g| 4.2 validation@300 5.377 (best 5.377)
[00:35:43]     restart 0 step 2099 h=216: loss 7.188 |g| 0.434 validation@300 5.377 (best 5.377)
[00:35:58]     restart 0 step 2211 h=216: non-finite loss/gradient (loss 7.53, |g| nan); step skipped, learning rate x0.015625
[00:36:03]     restart 0 step 2249 h=216: loss 7.463 |g| 0.414 validation@300 5.377 (best 5.377)
[00:36:21]     restart 0 step 2323 h=300: non-finite loss/gradient (loss 5.28, |g| nan); step skipped, learning rate x0.015625
[00:36:35]     restart 0 step 2399 h=300: loss 5.458 |g| 0.594 validation@300 5.377 (best 5.377)
[00:37:01]     restart 0 step 2549 h=300: loss 5.403 |g| 0.773 validation@300 5.377 (best 5.377)
[00:37:03]     restart 0 step 2562 h=300: non-finite loss/gradient (loss 5.39, |g| nan); step skipped, learning rate x0.015625
[00:37:09]     restart 0 step 2594 h=300: non-finite loss/gradient (loss 5.24, |g| nan); step skipped, learning rate x0.015625
[00:37:27]     restart 0 step 2699 h=300: loss 5.482 |g| 0.696 validation@300 5.377 (best 5.377)
[00:37:38]     restart 0 step 2761 h=300: non-finite loss/gradient (loss 5.37, |g| nan); step skipped, learning rate x0.015625
[00:37:53]     restart 0 step 2849 h=300: loss 5.476 |g| 0.631 validation@300 5.377 (best 5.377)
[00:38:19]     restart 0 step 2999 h=300: loss 5.398 |g| 0.556 validation@300 5.377 (best 5.377)
[00:38:26]     restart 1 step 149 h=50: loss 31.361 |g| 4.11 validation@300 2554.031 (best 5.377)
[00:38:26]     restart 1 step 165 h=50: non-finite loss/gradient (loss 31.1, |g| nan); step skipped, learning rate x0.5
[00:38:28]     restart 1 step 189 h=50: non-finite loss/gradient (loss 30.5, |g| nan); step skipped, learning rate x0.25
[00:38:30]     restart 1 step 240 h=50: non-finite loss/gradient (loss 31.4, |g| nan); step skipped, learning rate x0.125
[00:38:30]     restart 1 step 241 h=50: non-finite loss/gradient (loss 32, |g| nan); step skipped, learning rate x0.0625
[00:38:31]     restart 1 step 269 h=50: non-finite loss/gradient (loss 32.4, |g| nan); step skipped, learning rate x0.03125
[00:38:32]     restart 1 step 299 h=50: loss 32.024 |g| 2.4 validation@300 542.681 (best 5.377)
[00:38:39]     restart 1 step 449 h=50: loss 31.325 |g| 2.29 validation@300 530.650 (best 5.377)
[00:38:45]     restart 1 step 599 h=50: loss 31.594 |g| 1.91 validation@300 527.863 (best 5.377)
[00:38:52]     restart 1 step 749 h=50: loss 31.837 |g| 2.87 validation@300 315.687 (best 5.377)
[00:38:54]     restart 1 step 781 h=133: non-finite loss/gradient (loss 12, |g| nan); step skipped, learning rate x0.015625
[00:39:01]     restart 1 step 853 h=133: non-finite loss/gradient (loss 11.9, |g| nan); step skipped, learning rate x0.015625
[00:39:04]     restart 1 step 899 h=133: loss 12.096 |g| 1.38 validation@300 5.481 (best 5.377)
[00:39:17]     restart 1 step 1049 h=133: loss 12.057 |g| 1.27 validation@300 5.473 (best 5.377)
[00:39:30]     restart 1 step 1199 h=133: loss 11.911 |g| 2.11 validation@300 5.468 (best 5.377)
[00:39:43]     restart 1 step 1349 h=133: loss 12.014 |g| 0.844 validation@300 5.465 (best 5.377)
[00:39:52]     restart 1 step 1456 h=133: non-finite loss/gradient (loss 11.9, |g| nan); step skipped, learning rate x0.015625
[00:39:56]     restart 1 step 1499 h=133: loss 12.049 |g| 1.04 validation@300 5.462 (best 5.377)
[00:40:15]     restart 1 step 1649 h=216: loss 7.434 |g| 0.764 validation@300 5.460 (best 5.377)
[00:40:35]     restart 1 step 1799 h=216: loss 7.568 |g| 0.65 validation@300 5.459 (best 5.377)
[00:40:54]     restart 1 step 1949 h=216: loss 7.454 |g| 0.979 validation@300 5.457 (best 5.377)
[00:40:58]     restart 1 step 1976 h=216: non-finite loss/gradient (loss 7.27, |g| nan); step skipped, learning rate x0.015625
[00:41:09]     restart 1 step 2060 h=216: non-finite loss/gradient (loss 7.59, |g| nan); step skipped, learning rate x0.015625
[00:41:13]     restart 1 step 2096 h=216: non-finite loss/gradient (loss 7.55, |g| nan); step skipped, learning rate x0.015625
[00:41:14]     restart 1 step 2099 h=216: loss 7.571 |g| 0.998 validation@300 5.456 (best 5.377)
[00:41:33]     restart 1 step 2249 h=216: loss 7.623 |g| 0.989 validation@300 5.456 (best 5.377)
[00:41:59]     restart 1 step 2399 h=300: loss 5.565 |g| 0.86 validation@300 5.455 (best 5.377)
[00:42:23]     restart 1 step 2534 h=300: non-finite loss/gradient (loss 5.46, |g| nan); step skipped, learning rate x0.015625
[00:42:25]     restart 1 step 2549 h=300: loss 5.452 |g| 0.654 validation@300 5.455 (best 5.377)
[00:42:52]     restart 1 step 2699 h=300: loss 5.472 |g| 0.724 validation@300 5.455 (best 5.377)
[00:42:57]     restart 1 step 2728 h=300: non-finite loss/gradient (loss 5.55, |g| nan); step skipped, learning rate x0.015625
[00:43:18]     restart 1 step 2849 h=300: loss 5.528 |g| 0.675 validation@300 5.454 (best 5.377)
[00:43:31]     restart 1 step 2926 h=300: non-finite loss/gradient (loss 5.39, |g| nan); step skipped, learning rate x0.015625
[00:43:44]     restart 1 step 2999 h=300: loss 5.612 |g| 0.612 validation@300 5.454 (best 5.377)
[00:43:51]     restart 2 step 149 h=50: loss 31.130 |g| 6.35 validation@300 1384.245 (best 5.377)
[00:43:54]     restart 2 step 226 h=50: non-finite loss/gradient (loss 31.9, |g| nan); step skipped, learning rate x0.5
[00:43:57]     restart 2 step 299 h=50: loss 33.103 |g| 3.18 validation@300 10.911 (best 5.377)
[00:44:04]     restart 2 step 449 h=50: loss 30.792 |g| 2.85 validation@300 5.546 (best 5.377)
[00:44:07]     restart 2 step 526 h=50: non-finite loss/gradient (loss 31.2, |g| nan); step skipped, learning rate x0.25
[00:44:10]     restart 2 step 599 h=50: loss 32.273 |g| 2.23 validation@300 5.525 (best 5.377)
[00:44:16]     restart 2 step 749 h=50: loss 30.181 |g| 2.77 validation@300 5.514 (best 5.377)
[00:44:29]     restart 2 step 899 h=133: loss 12.086 |g| 0.722 validation@300 5.426 (best 5.377)
[00:44:36]     restart 2 step 980 h=133: non-finite loss/gradient (loss 11.9, |g| nan); step skipped, learning rate x0.125
[00:44:42]     restart 2 step 1049 h=133: loss 12.353 |g| 0.818 validation@300 5.419 (best 5.377)
[00:44:51]     restart 2 step 1154 h=133: non-finite loss/gradient (loss 11.7, |g| nan); step skipped, learning rate x0.0625
[00:44:55]     restart 2 step 1199 h=133: loss 11.981 |g| 0.51 validation@300 5.417 (best 5.377)
[00:45:08]     restart 2 step 1349 h=133: loss 12.004 |g| 0.575 validation@300 5.414 (best 5.377)
[00:45:21]     restart 2 step 1499 h=133: loss 12.069 |g| 1.16 validation@300 5.413 (best 5.377)
[00:45:38]     restart 2 step 1635 h=216: non-finite loss/gradient (loss 7.63, |g| nan); step skipped, learning rate x0.03125
[00:45:40]     restart 2 step 1649 h=216: loss 7.486 |g| 0.52 validation@300 5.411 (best 5.377)
[00:46:00]     restart 2 step 1799 h=216: loss 7.593 |g| 3.43 validation@300 5.410 (best 5.377)
[00:46:19]     restart 2 step 1949 h=216: loss 7.419 |g| 0.378 validation@300 5.410 (best 5.377)
[00:46:26]     restart 2 step 2005 h=216: non-finite loss/gradient (loss 7.45, |g| nan); step skipped, learning rate x0.015625
[00:46:35]     restart 2 step 2072 h=216: non-finite loss/gradient (loss 7.51, |g| nan); step skipped, learning rate x0.015625
[00:46:39]     restart 2 step 2099 h=216: loss 7.441 |g| 0.516 validation@300 5.410 (best 5.377)
[00:46:58]     restart 2 step 2249 h=216: loss 7.392 |g| 0.471 validation@300 5.410 (best 5.377)
[00:47:24]     restart 2 step 2399 h=300: loss 5.320 |g| 0.566 validation@300 5.410 (best 5.377)
[00:47:24]     restart 2 step 2400 h=300: non-finite loss/gradient (loss 5.54, |g| nan); step skipped, learning rate x0.015625
[00:47:28]     restart 2 step 2420 h=300: non-finite loss/gradient (loss 5.4, |g| nan); step skipped, learning rate x0.015625
[00:47:50]     restart 2 step 2549 h=300: loss 5.587 |g| 1.84 validation@300 5.410 (best 5.377)
[00:48:09]     restart 2 step 2657 h=300: non-finite loss/gradient (loss 5.29, |g| nan); step skipped, learning rate x0.015625
[00:48:16]     restart 2 step 2699 h=300: loss 5.490 |g| 0.541 validation@300 5.409 (best 5.377)
[00:48:38]     restart 2 step 2825 h=300: non-finite loss/gradient (loss 5.37, |g| nan); step skipped, learning rate x0.015625
[00:48:43]     restart 2 step 2849 h=300: loss 5.550 |g| 0.592 validation@300 5.409 (best 5.377)
[00:49:09]     restart 2 step 2999 h=300: loss 5.456 |g| 0.797 validation@300 5.409 (best 5.377)
[00:49:09]   policy trained: best validation loss 5.377 (initial 2187.378, restart 0, step 2249, 35 skipped steps)  (1443s)
[00:49:09] done  train_s4 in 1443s: {'est_losses': {'est_x': 0.023303743451833725, 'est_z': 0.1065034419298172, 'est_f': 0.274886816740036, 'est_g': 0.13655871152877808}, 'cnn_loss': 0.8368397951126099, 'cnn_acc': 0.58203125, 'pol': 5.376878261566162, 'pol_initial': 2187.3779296875, 'pol_improved': True, 'pol_skipped': 35, 'train_seconds': 1443.1571824550629, 'data_rows': 60000}
[00:49:09] start eval_baseline
[00:51:56] done  eval_baseline in 167s: {'missions_hash': '130319e3a236', 'stopped': 0.911, 'class_ok_T': 0.228, 'final_dist': 0.26810789108276367}
[00:51:56] start eval_erim_s0
[00:53:02] done  eval_erim_s0 in 66s: {'missions_hash': '130319e3a236', 'stopped': 0.0, 'class_ok_T': 0.927, 'final_dist': 0.24648768454790115}
[00:53:02] start eval_erim_s1
[00:53:42] done  eval_erim_s1 in 40s: {'missions_hash': '130319e3a236', 'stopped': 0.0, 'class_ok_T': 0.95, 'final_dist': 0.21964605152606964}
[00:53:42] start eval_erim_s2
[00:54:21] done  eval_erim_s2 in 40s: {'missions_hash': '130319e3a236', 'stopped': 0.0, 'class_ok_T': 0.96, 'final_dist': 0.23560139536857605}
[00:54:21] start eval_erim_s3
[00:55:01] done  eval_erim_s3 in 40s: {'missions_hash': '130319e3a236', 'stopped': 0.0, 'class_ok_T': 0.933, 'final_dist': 0.22300691157579422}
[00:55:01] start eval_erim_s4
[00:55:41] done  eval_erim_s4 in 39s: {'missions_hash': '130319e3a236', 'stopped': 0.0, 'class_ok_T': 0.979, 'final_dist': 0.23247826844453812}
[00:55:41] finished, 0 failed
