[00:56:37] E1: 11 units on {'jax': '0.10.2', 'backend': 'gpu', 'device': 'cuda:0', 'n_devices': 1}
[00:56:37] skip train_s0 (done)
[00:56:37] skip train_s1 (done)
[00:56:37] skip train_s2 (done)
[00:56:37] skip train_s3 (done)
[00:56:37] skip train_s4 (done)
[00:56:37] skip eval_baseline (done)
[00:56:37] skip eval_erim_s0 (done)
[00:56:37] skip eval_erim_s1 (done)
[00:56:37] skip eval_erim_s2 (done)
[00:56:37] skip eval_erim_s3 (done)
[00:56:37] skip eval_erim_s4 (done)
[00:56:37] finished, 0 failed
[00:56:38] E3: 9 units on {'jax': '0.10.2', 'backend': 'gpu', 'device': 'cuda:0', 'n_devices': 1}
[00:56:38] start dual_l0_s0
[00:56:46]   warm start from E1 seed 0
[00:57:00]     policy search: 2000 steps x 1 restarts, batch 128, horizons [50, 133, 216, 300], validation loss of the initial policy 5.388
[00:59:08]     restart 0 step 99 h=50: loss 31.986 |g| 3.12 validation@300 5.363 (best 5.363)
[01:00:54]     restart 0 step 199 h=50: loss 30.876 |g| 1.97 validation@300 5.358 (best 5.358)
[01:02:40]     restart 0 step 299 h=50: loss 30.857 |g| 2.89 validation@300 5.343 (best 5.343)
[01:04:26]     restart 0 step 399 h=50: loss 30.652 |g| 3.01 validation@300 5.332 (best 5.332)
[01:06:12]     restart 0 step 499 h=50: loss 30.665 |g| 1.85 validation@300 5.324 (best 5.324)
[01:11:06]     restart 0 step 599 h=133: loss 11.938 |g| 0.849 validation@300 5.283 (best 5.283)
