[04:52:52] E4: 3 units on {'jax': '0.10.2', 'backend': 'gpu', 'device': 'cuda:0', 'n_devices': 1}
[04:52:52] start ppo_s0
[04:53:30]   ppo update 0/1525: mean reward -1.0255  return scale 10.9
[04:55:10]   ppo update 10/1525: mean reward -1.0920  return scale 479
[04:56:30]   ppo update 20/1525: mean reward -1.2697  return scale 874
[04:57:50]   ppo update 30/1525: mean reward -1.6241  return scale 895
[04:59:11]   ppo update 40/1525: mean reward -1.9066  return scale 878
[05:00:31]   ppo update 50/1525: mean reward -2.6597  return scale 861
[05:01:51]   ppo update 60/1525: mean reward -3.6176  return scale 849
[05:03:11]   ppo update 70/1525: mean reward -4.7356  return scale 837
[05:04:32]   ppo update 80/1525: mean reward -5.3199  return scale 824
[05:05:52]   ppo update 90/1525: mean reward -6.1483  return scale 802
[05:07:12]   ppo update 100/1525: mean reward -7.7035  return scale 780
[05:08:32]   ppo update 110/1525: mean reward -9.6728  return scale 756
[05:09:53]   ppo update 120/1525: mean reward -10.7603  return scale 733
[05:11:13]   ppo update 130/1525: mean reward -14.0109  return scale 715
[05:12:33]   ppo update 140/1525: mean reward -17.5570  return scale 697
[05:13:53]   ppo update 150/1525: mean reward -0.9016  return scale 678
[05:15:13]   ppo update 160/1525: mean reward -0.6692  return scale 663
[05:16:34]   ppo update 170/1525: mean reward -0.5307  return scale 643
[05:17:54]   ppo update 180/1525: mean reward -0.5125  return scale 625
[05:19:14]   ppo update 190/1525: mean reward -0.7042  return scale 604
[05:20:34]   ppo update 200/1525: mean reward -1.0494  return scale 588
[05:21:55]   ppo update 210/1525: mean reward -1.5906  return scale 577
[05:23:15]   ppo update 220/1525: mean reward -2.6130  return scale 563
[05:24:35]   ppo update 230/1525: mean reward -3.7942  return scale 560
[05:25:55]   ppo update 240/1525: mean reward -4.1477  return scale 555
[05:27:15]   ppo update 250/1525: mean reward -4.0842  return scale 540
[05:28:36]   ppo update 260/1525: mean reward -3.2726  return scale 523
[05:29:56]   ppo update 270/1525: mean reward -1.5740  return scale 504
[05:31:16]   ppo update 280/1525: mean reward -2.1048  return scale 482
[05:32:36]   ppo update 290/1525: mean reward -2.8794  return scale 460
[05:33:57]   ppo update 300/1525: mean reward -0.6623  return scale 438
[05:35:17]   ppo update 310/1525: mean reward -0.2674  return scale 417
[05:36:37]   ppo update 320/1525: mean reward -0.1687  return scale 397
[05:37:57]   ppo update 330/1525: mean reward -0.1833  return scale 378
[05:39:17]   ppo update 340/1525: mean reward -0.1613  return scale 359
[05:40:38]   ppo update 350/1525: mean reward -0.1653  return scale 342
[05:41:58]   ppo update 360/1525: mean reward -0.1302  return scale 326
[05:43:18]   ppo update 370/1525: mean reward -0.2186  return scale 310
[05:44:38]   ppo update 380/1525: mean reward -0.3591  return scale 296
[05:45:59]   ppo update 390/1525: mean reward -0.5265  return scale 282
[05:47:19]   ppo update 400/1525: mean reward -0.5714  return scale 269
[05:48:39]   ppo update 410/1525: mean reward -0.6202  return scale 256
[05:49:59]   ppo update 420/1525: mean reward -0.8725  return scale 245
[05:51:19]   ppo update 430/1525: mean reward -2.5683  return scale 252
[05:52:40]   ppo update 440/1525: mean reward -2.1517  return scale 258
[05:54:00]   ppo update 450/1525: mean reward -0.8246  return scale 728
[05:55:20]   ppo update 460/1525: mean reward -0.5475  return scale 4.76e+03
[05:56:40]   ppo update 470/1525: mean reward -1.4281  return scale 4.67e+03
[05:58:01]   ppo update 480/1525: mean reward -1.2323  return scale 4.45e+03
[05:59:21]   ppo update 490/1525: mean reward -0.8163  return scale 4.23e+03
[06:00:41]   ppo update 500/1525: mean reward -0.4882  return scale 4.03e+03
[06:02:01]   ppo update 510/1525: mean reward -0.6514  return scale 3.83e+03
[06:03:21]   ppo update 520/1525: mean reward -1.0969  return scale 3.65e+03
[06:04:42]   ppo update 530/1525: mean reward -1.4177  return scale 3.47e+03
[06:06:02]   ppo update 540/1525: mean reward -2.0978  return scale 3.3e+03
[06:07:22]   ppo update 550/1525: mean reward -3.0183  return scale 3.14e+03
[06:08:42]   ppo update 560/1525: mean reward -4.6314  return scale 2.98e+03
[06:10:03]   ppo update 570/1525: mean reward -6.6555  return scale 2.84e+03
[06:11:23]   ppo update 580/1525: mean reward -9.1935  return scale 2.7e+03
[06:12:43]   ppo update 590/1525: mean reward -11.8565  return scale 2.57e+03
[06:14:03]   ppo update 600/1525: mean reward -0.7911  return scale 2.44e+03
[06:15:24]   ppo update 610/1525: mean reward -0.6130  return scale 2.33e+03
[06:16:44]   ppo update 620/1525: mean reward -0.5910  return scale 2.22e+03
[06:18:04]   ppo update 630/1525: mean reward -0.8873  return scale 2.11e+03
[06:19:24]   ppo update 640/1525: mean reward -1.2487  return scale 2.01e+03
[06:20:44]   ppo update 650/1525: mean reward -1.7606  return scale 1.92e+03
[06:22:05]   ppo update 660/1525: mean reward -2.4038  return scale 1.83e+03
[06:23:25]   ppo update 670/1525: mean reward -3.2025  return scale 1.74e+03
[06:24:45]   ppo update 680/1525: mean reward -3.7600  return scale 1.66e+03
[06:26:05]   ppo update 690/1525: mean reward -4.1583  return scale 1.58e+03
[06:27:26]   ppo update 700/1525: mean reward -4.8855  return scale 1.5e+03
[06:28:46]   ppo update 710/1525: mean reward -5.7294  return scale 1.43e+03
[06:30:06]   ppo update 720/1525: mean reward -5.8209  return scale 1.36e+03
[06:31:26]   ppo update 730/1525: mean reward -6.3153  return scale 1.3e+03
[06:32:47]   ppo update 740/1525: mean reward -7.3735  return scale 1.24e+03
[06:34:07]   ppo update 750/1525: mean reward -0.7680  return scale 1.18e+03
[06:35:27]   ppo update 760/1525: mean reward -0.5005  return scale 1.12e+03
[06:36:47]   ppo update 770/1525: mean reward -0.4595  return scale 1.07e+03
[06:38:07]   ppo update 780/1525: mean reward -0.5295  return scale 1.02e+03
[06:39:28]   ppo update 790/1525: mean reward -0.7194  return scale 969
[06:40:48]   ppo update 800/1525: mean reward -0.9122  return scale 922
[06:42:08]   ppo update 810/1525: mean reward -1.0208  return scale 877
[06:43:28]   ppo update 820/1525: mean reward -1.0767  return scale 835
[06:44:49]   ppo update 830/1525: mean reward -1.0678  return scale 794
[06:46:09]   ppo update 840/1525: mean reward -1.1493  return scale 756
[06:47:29]   ppo update 850/1525: mean reward -1.3276  return scale 719
[06:48:49]   ppo update 860/1525: mean reward -1.5629  return scale 684
[06:50:09]   ppo update 870/1525: mean reward -2.0470  return scale 651
[06:51:30]   ppo update 880/1525: mean reward -2.9155  return scale 620
[06:52:50]   ppo update 890/1525: mean reward -4.1011  return scale 590
[06:54:10]   ppo update 900/1525: mean reward -0.7579  return scale 562
[06:55:30]   ppo update 910/1525: mean reward -0.4907  return scale 535
[06:56:51]   ppo update 920/1525: mean reward -0.3944  return scale 509
[06:58:11]   ppo update 930/1525: mean reward -0.3469  return scale 485
[06:59:31]   ppo update 940/1525: mean reward -0.3887  return scale 462
[07:00:51]   ppo update 950/1525: mean reward -0.5103  return scale 441
[07:02:12]   ppo update 960/1525: mean reward -0.6873  return scale 421
[07:03:32]   ppo update 970/1525: mean reward -0.8907  return scale 401
[07:04:52]   ppo update 980/1525: mean reward -1.0404  return scale 383
[07:06:12]   ppo update 990/1525: mean reward -1.1261  return scale 366
[07:07:32]   ppo update 1000/1525: mean reward -1.5012  return scale 349
[07:08:53]   ppo update 1010/1525: mean reward -2.2700  return scale 334
[07:10:13]   ppo update 1020/1525: mean reward -3.2888  return scale 320
[07:11:33]   ppo update 1030/1525: mean reward -3.8503  return scale 309
[07:12:53]   ppo update 1040/1525: mean reward -4.3176  return scale 295
[07:14:14]   ppo update 1050/1525: mean reward -0.7337  return scale 282
[07:15:34]   ppo update 1060/1525: mean reward -0.4486  return scale 270
[07:16:54]   ppo update 1070/1525: mean reward -0.3303  return scale 258
[07:18:14]   ppo update 1080/1525: mean reward -0.3034  return scale 247
[07:19:34]   ppo update 1090/1525: mean reward -0.2854  return scale 237
[07:20:55]   ppo update 1100/1525: mean reward -0.3571  return scale 228
[07:22:15]   ppo update 1110/1525: mean reward -0.4263  return scale 219
[07:23:35]   ppo update 1120/1525: mean reward -0.5254  return scale 211
[07:24:55]   ppo update 1130/1525: mean reward -0.7218  return scale 204
[07:26:16]   ppo update 1140/1525: mean reward -0.9598  return scale 201
[07:27:36]   ppo update 1150/1525: mean reward -1.2336  return scale 199
[07:28:56]   ppo update 1160/1525: mean reward -1.4525  return scale 197
[07:30:16]   ppo update 1170/1525: mean reward -2.1333  return scale 193
[07:31:37]   ppo update 1180/1525: mean reward -2.8271  return scale 193
[07:32:57]   ppo update 1190/1525: mean reward -3.5271  return scale 194
[07:34:17]   ppo update 1200/1525: mean reward -0.7620  return scale 188
[07:35:37]   ppo update 1210/1525: mean reward -0.4818  return scale 180
[07:36:58]   ppo update 1220/1525: mean reward -0.3006  return scale 172
[07:38:18]   ppo update 1230/1525: mean reward -0.2203  return scale 165
[07:39:38]   ppo update 1240/1525: mean reward -0.1845  return scale 158
[07:40:58]   ppo update 1250/1525: mean reward -0.2060  return scale 153
[07:42:18]   ppo update 1260/1525: mean reward -0.1913  return scale 169
[07:43:39]   ppo update 1270/1525: mean reward -0.2291  return scale 162
[07:44:59]   ppo update 1280/1525: mean reward -0.3113  return scale 156
[07:46:19]   ppo update 1290/1525: mean reward -0.3530  return scale 152
[07:47:39]   ppo update 1300/1525: mean reward -0.4781  return scale 148
[07:49:00]   ppo update 1310/1525: mean reward -0.4301  return scale 143
[07:50:20]   ppo update 1320/1525: mean reward -0.5823  return scale 138
[07:51:40]   ppo update 1330/1525: mean reward -0.8804  return scale 136
[07:53:00]   ppo update 1340/1525: mean reward -5.7670  return scale 303
[07:54:21]   ppo update 1350/1525: mean reward -0.7973  return scale 347
[07:55:41]   ppo update 1360/1525: mean reward -0.5375  return scale 332
[07:57:01]   ppo update 1370/1525: mean reward -0.3450  return scale 316
[07:58:21]   ppo update 1380/1525: mean reward -0.2611  return scale 301
[07:59:41]   ppo update 1390/1525: mean reward -0.2356  return scale 286
[08:01:02]   ppo update 1400/1525: mean reward -0.2685  return scale 272
[08:02:22]   ppo update 1410/1525: mean reward -0.3250  return scale 259
[08:03:42]   ppo update 1420/1525: mean reward -0.4064  return scale 247
[08:05:02]   ppo update 1430/1525: mean reward -0.5506  return scale 236
[08:06:23]   ppo update 1440/1525: mean reward -0.5996  return scale 225
[08:07:43]   ppo update 1450/1525: mean reward -0.6307  return scale 214
[08:09:03]   ppo update 1460/1525: mean reward -0.5891  return scale 204
[08:10:23]   ppo update 1470/1525: mean reward -0.6127  return scale 195
[08:11:44]   ppo update 1480/1525: mean reward -0.5498  return scale 186
[08:13:04]   ppo update 1490/1525: mean reward -0.9537  return scale 178
[08:14:24]   ppo update 1500/1525: mean reward -0.7843  return scale 170
[08:15:44]   ppo update 1510/1525: mean reward -0.5089  return scale 161
[08:17:05]   ppo update 1520/1525: mean reward -0.3524  return scale 154
[08:17:37]   ppo update 1524/1525: mean reward -0.5384  return scale 151
[08:17:37]   ppo trained in 12285s
[08:18:44] done  ppo_s0 in 12352s: {'seed': 0, 'final_dist': 6.885334491729736, 'cost': 13743.536227539062, 'train_seconds': 12351.833007335663}
[08:18:44] start ppo_s1
